22:10:02 **** Clean-only build of configuration Debug for project Template ****
make clean 
rm -rf  Template.siz  ./src/Source/app_control.o ./src/Source/app_him.o ./src/Source/app_info.o ./src/Source/main.o ./src/Source/startup_gcc.o ./src/Source/sys_ad.o ./src/Source/sys_gpio.o ./src/Source/sys_hw.o ./src/Source/sys_i2c.o ./src/Source/sys_mcu.o ./src/Source/sys_pwm.o ./src/Source/sys_spi.o ./src/Source/sys_timer.o ./src/Source/sys_uart.o  ./src/Source/app_control.d ./src/Source/app_him.d ./src/Source/app_info.d ./src/Source/main.d ./src/Source/startup_gcc.d ./src/Source/sys_ad.d ./src/Source/sys_gpio.d ./src/Source/sys_hw.d ./src/Source/sys_i2c.d ./src/Source/sys_mcu.d ./src/Source/sys_pwm.d ./src/Source/sys_spi.d ./src/Source/sys_timer.d ./src/Source/sys_uart.d  Template.hex  Template.elf
 
22:10:02 **** Build of configuration Debug for project Template ****
make all 
Building file: ../src/Source/app_control.c
Invoking: Cross ARM C Compiler
arm-none-eabi-gcc -mcpu=cortex-m4 -mthumb -mfloat-abi=hard -mfpu=fpv4-sp-d16 -O0 -fmessage-length=0 -fsigned-char -ffunction-sections -fdata-sections  -g3 -DARM_MATH_CM4 -DPART_LM4F123GH6M -DTARGET_IS_BLIZZARD_RA1 -I/home/jaga/git/JAGA/HAL/TM4C123GXL -I/home/jaga/git/JAGA/Middleware -I/home/jaga/git/JAGA/Util -std=gnu11 -MMD -MP -MF"src/Source/app_control.d" -MT"src/Source/app_control.o" -c -o "src/Source/app_control.o" "../src/Source/app_control.c"
Finished building: ../src/Source/app_control.c
 
Building file: ../src/Source/app_him.c
Invoking: Cross ARM C Compiler
arm-none-eabi-gcc -mcpu=cortex-m4 -mthumb -mfloat-abi=hard -mfpu=fpv4-sp-d16 -O0 -fmessage-length=0 -fsigned-char -ffunction-sections -fdata-sections  -g3 -DARM_MATH_CM4 -DPART_LM4F123GH6M -DTARGET_IS_BLIZZARD_RA1 -I/home/jaga/git/JAGA/HAL/TM4C123GXL -I/home/jaga/git/JAGA/Middleware -I/home/jaga/git/JAGA/Util -std=gnu11 -MMD -MP -MF"src/Source/app_him.d" -MT"src/Source/app_him.o" -c -o "src/Source/app_him.o" "../src/Source/app_him.c"
../src/Source/app_him.c: In function 'run_him':
../src/Source/app_him.c:21:25: error: 'TECLA_UP' undeclared (first use in this function)
  if(buttons_check_press(TECLA_UP, 0))
                         ^
../src/Source/app_him.c:21:25: note: each undeclared identifier is reported only once for each function it appears in
../src/Source/app_him.c:33:25: error: 'TECLA_DOWN' undeclared (first use in this function)
  if(buttons_check_press(TECLA_DOWN, 1))
                         ^
make: ** [src/Source/app_him.o] Erro 1
22:11:41 **** Incremental Build of configuration Debug for project Template ****
make all 
Building file: ../src/Source/app_him.c
Invoking: Cross ARM C Compiler
arm-none-eabi-gcc -mcpu=cortex-m4 -mthumb -mfloat-abi=hard -mfpu=fpv4-sp-d16 -O0 -fmessage-length=0 -fsigned-char -ffunction-sections -fdata-sections  -g3 -DARM_MATH_CM4 -DPART_LM4F123GH6M -DTARGET_IS_BLIZZARD_RA1 -I/home/jaga/git/JAGA/HAL/TM4C123GXL -I/home/jaga/git/JAGA/Middleware -I/home/jaga/git/JAGA/Util -std=gnu11 -MMD -MP -MF"src/Source/app_him.d" -MT"src/Source/app_him.o" -c -o "src/Source/app_him.o" "../src/Source/app_him.c"
Finished building: ../src/Source/app_him.c
 
Building file: ../src/Source/app_info.c
Invoking: Cross ARM C Compiler
arm-none-eabi-gcc -mcpu=cortex-m4 -mthumb -mfloat-abi=hard -mfpu=fpv4-sp-d16 -O0 -fmessage-length=0 -fsigned-char -ffunction-sections -fdata-sections  -g3 -DARM_MATH_CM4 -DPART_LM4F123GH6M -DTARGET_IS_BLIZZARD_RA1 -I/home/jaga/git/JAGA/HAL/TM4C123GXL -I/home/jaga/git/JAGA/Middleware -I/home/jaga/git/JAGA/Util -std=gnu11 -MMD -MP -MF"src/Source/app_info.d" -MT"src/Source/app_info.o" -c -o "src/Source/app_info.o" "../src/Source/app_info.c"
Finished building: ../src/Source/app_info.c
 
Building file: ../src/Source/main.c
Invoking: Cross ARM C Compiler
arm-none-eabi-gcc -mcpu=cortex-m4 -mthumb -mfloat-abi=hard -mfpu=fpv4-sp-d16 -O0 -fmessage-length=0 -fsigned-char -ffunction-sections -fdata-sections  -g3 -DARM_MATH_CM4 -DPART_LM4F123GH6M -DTARGET_IS_BLIZZARD_RA1 -I/home/jaga/git/JAGA/HAL/TM4C123GXL -I/home/jaga/git/JAGA/Middleware -I/home/jaga/git/JAGA/Util -std=gnu11 -MMD -MP -MF"src/Source/main.d" -MT"src/Source/main.o" -c -o "src/Source/main.o" "../src/Source/main.c"
Finished building: ../src/Source/main.c
 
Building file: ../src/Source/startup_gcc.c
Invoking: Cross ARM C Compiler
arm-none-eabi-gcc -mcpu=cortex-m4 -mthumb -mfloat-abi=hard -mfpu=fpv4-sp-d16 -O0 -fmessage-length=0 -fsigned-char -ffunction-sections -fdata-sections  -g3 -DARM_MATH_CM4 -DPART_LM4F123GH6M -DTARGET_IS_BLIZZARD_RA1 -I/home/jaga/git/JAGA/HAL/TM4C123GXL -I/home/jaga/git/JAGA/Middleware -I/home/jaga/git/JAGA/Util -std=gnu11 -MMD -MP -MF"src/Source/startup_gcc.d" -MT"src/Source/startup_gcc.o" -c -o "src/Source/startup_gcc.o" "../src/Source/startup_gcc.c"
Finished building: ../src/Source/startup_gcc.c
 
Building file: ../src/Source/sys_ad.c
Invoking: Cross ARM C Compiler
arm-none-eabi-gcc -mcpu=cortex-m4 -mthumb -mfloat-abi=hard -mfpu=fpv4-sp-d16 -O0 -fmessage-length=0 -fsigned-char -ffunction-sections -fdata-sections  -g3 -DARM_MATH_CM4 -DPART_LM4F123GH6M -DTARGET_IS_BLIZZARD_RA1 -I/home/jaga/git/JAGA/HAL/TM4C123GXL -I/home/jaga/git/JAGA/Middleware -I/home/jaga/git/JAGA/Util -std=gnu11 -MMD -MP -MF"src/Source/sys_ad.d" -MT"src/Source/sys_ad.o" -c -o "src/Source/sys_ad.o" "../src/Source/sys_ad.c"
Finished building: ../src/Source/sys_ad.c
 
Building file: ../src/Source/sys_gpio.c
Invoking: Cross ARM C Compiler
arm-none-eabi-gcc -mcpu=cortex-m4 -mthumb -mfloat-abi=hard -mfpu=fpv4-sp-d16 -O0 -fmessage-length=0 -fsigned-char -ffunction-sections -fdata-sections  -g3 -DARM_MATH_CM4 -DPART_LM4F123GH6M -DTARGET_IS_BLIZZARD_RA1 -I/home/jaga/git/JAGA/HAL/TM4C123GXL -I/home/jaga/git/JAGA/Middleware -I/home/jaga/git/JAGA/Util -std=gnu11 -MMD -MP -MF"src/Source/sys_gpio.d" -MT"src/Source/sys_gpio.o" -c -o "src/Source/sys_gpio.o" "../src/Source/sys_gpio.c"
Finished building: ../src/Source/sys_gpio.c
 
Building file: ../src/Source/sys_hw.c
Invoking: Cross ARM C Compiler
arm-none-eabi-gcc -mcpu=cortex-m4 -mthumb -mfloat-abi=hard -mfpu=fpv4-sp-d16 -O0 -fmessage-length=0 -fsigned-char -ffunction-sections -fdata-sections  -g3 -DARM_MATH_CM4 -DPART_LM4F123GH6M -DTARGET_IS_BLIZZARD_RA1 -I/home/jaga/git/JAGA/HAL/TM4C123GXL -I/home/jaga/git/JAGA/Middleware -I/home/jaga/git/JAGA/Util -std=gnu11 -MMD -MP -MF"src/Source/sys_hw.d" -MT"src/Source/sys_hw.o" -c -o "src/Source/sys_hw.o" "../src/Source/sys_hw.c"
Finished building: ../src/Source/sys_hw.c
 
Building file: ../src/Source/sys_i2c.c
Invoking: Cross ARM C Compiler
arm-none-eabi-gcc -mcpu=cortex-m4 -mthumb -mfloat-abi=hard -mfpu=fpv4-sp-d16 -O0 -fmessage-length=0 -fsigned-char -ffunction-sections -fdata-sections  -g3 -DARM_MATH_CM4 -DPART_LM4F123GH6M -DTARGET_IS_BLIZZARD_RA1 -I/home/jaga/git/JAGA/HAL/TM4C123GXL -I/home/jaga/git/JAGA/Middleware -I/home/jaga/git/JAGA/Util -std=gnu11 -MMD -MP -MF"src/Source/sys_i2c.d" -MT"src/Source/sys_i2c.o" -c -o "src/Source/sys_i2c.o" "../src/Source/sys_i2c.c"
Finished building: ../src/Source/sys_i2c.c
 
Building file: ../src/Source/sys_mcu.c
Invoking: Cross ARM C Compiler
arm-none-eabi-gcc -mcpu=cortex-m4 -mthumb -mfloat-abi=hard -mfpu=fpv4-sp-d16 -O0 -fmessage-length=0 -fsigned-char -ffunction-sections -fdata-sections  -g3 -DARM_MATH_CM4 -DPART_LM4F123GH6M -DTARGET_IS_BLIZZARD_RA1 -I/home/jaga/git/JAGA/HAL/TM4C123GXL -I/home/jaga/git/JAGA/Middleware -I/home/jaga/git/JAGA/Util -std=gnu11 -MMD -MP -MF"src/Source/sys_mcu.d" -MT"src/Source/sys_mcu.o" -c -o "src/Source/sys_mcu.o" "../src/Source/sys_mcu.c"
Finished building: ../src/Source/sys_mcu.c
 
Building file: ../src/Source/sys_pwm.c
Invoking: Cross ARM C Compiler
arm-none-eabi-gcc -mcpu=cortex-m4 -mthumb -mfloat-abi=hard -mfpu=fpv4-sp-d16 -O0 -fmessage-length=0 -fsigned-char -ffunction-sections -fdata-sections  -g3 -DARM_MATH_CM4 -DPART_LM4F123GH6M -DTARGET_IS_BLIZZARD_RA1 -I/home/jaga/git/JAGA/HAL/TM4C123GXL -I/home/jaga/git/JAGA/Middleware -I/home/jaga/git/JAGA/Util -std=gnu11 -MMD -MP -MF"src/Source/sys_pwm.d" -MT"src/Source/sys_pwm.o" -c -o "src/Source/sys_pwm.o" "../src/Source/sys_pwm.c"
Finished building: ../src/Source/sys_pwm.c
 
Building file: ../src/Source/sys_spi.c
Invoking: Cross ARM C Compiler
arm-none-eabi-gcc -mcpu=cortex-m4 -mthumb -mfloat-abi=hard -mfpu=fpv4-sp-d16 -O0 -fmessage-length=0 -fsigned-char -ffunction-sections -fdata-sections  -g3 -DARM_MATH_CM4 -DPART_LM4F123GH6M -DTARGET_IS_BLIZZARD_RA1 -I/home/jaga/git/JAGA/HAL/TM4C123GXL -I/home/jaga/git/JAGA/Middleware -I/home/jaga/git/JAGA/Util -std=gnu11 -MMD -MP -MF"src/Source/sys_spi.d" -MT"src/Source/sys_spi.o" -c -o "src/Source/sys_spi.o" "../src/Source/sys_spi.c"
Finished building: ../src/Source/sys_spi.c
 
Building file: ../src/Source/sys_timer.c
Invoking: Cross ARM C Compiler
arm-none-eabi-gcc -mcpu=cortex-m4 -mthumb -mfloat-abi=hard -mfpu=fpv4-sp-d16 -O0 -fmessage-length=0 -fsigned-char -ffunction-sections -fdata-sections  -g3 -DARM_MATH_CM4 -DPART_LM4F123GH6M -DTARGET_IS_BLIZZARD_RA1 -I/home/jaga/git/JAGA/HAL/TM4C123GXL -I/home/jaga/git/JAGA/Middleware -I/home/jaga/git/JAGA/Util -std=gnu11 -MMD -MP -MF"src/Source/sys_timer.d" -MT"src/Source/sys_timer.o" -c -o "src/Source/sys_timer.o" "../src/Source/sys_timer.c"
Finished building: ../src/Source/sys_timer.c
 
Building file: ../src/Source/sys_uart.c
Invoking: Cross ARM C Compiler
arm-none-eabi-gcc -mcpu=cortex-m4 -mthumb -mfloat-abi=hard -mfpu=fpv4-sp-d16 -O0 -fmessage-length=0 -fsigned-char -ffunction-sections -fdata-sections  -g3 -DARM_MATH_CM4 -DPART_LM4F123GH6M -DTARGET_IS_BLIZZARD_RA1 -I/home/jaga/git/JAGA/HAL/TM4C123GXL -I/home/jaga/git/JAGA/Middleware -I/home/jaga/git/JAGA/Util -std=gnu11 -MMD -MP -MF"src/Source/sys_uart.d" -MT"src/Source/sys_uart.o" -c -o "src/Source/sys_uart.o" "../src/Source/sys_uart.c"
Finished building: ../src/Source/sys_uart.c
 
Building file: /home/jaga/git/JAGA/Util/print/print.c
Invoking: Cross ARM C Compiler
arm-none-eabi-gcc -mcpu=cortex-m4 -mthumb -mfloat-abi=hard -mfpu=fpv4-sp-d16 -O0 -fmessage-length=0 -fsigned-char -ffunction-sections -fdata-sections  -g3 -DARM_MATH_CM4 -DPART_LM4F123GH6M -DTARGET_IS_BLIZZARD_RA1 -I"/home/jaga/git/JAGA/Boards/TM4C123GXL/workspace/Template/src/Header" -I/home/jaga/git/JAGA/Middleware -I"/home/jaga/git/JAGA/Boards/TM4C123GXL/workspace/Template/src/Source" -I/home/jaga/git/JAGA/Util -I/home/jaga/git/JAGA/HAL/TM4C123GXL -std=gnu11 -MMD -MP -MF"Util/print/print.d" -MT"Util/print/print.o" -c -o "Util/print/print.o" "/home/jaga/git/JAGA/Util/print/print.c"
In file included from /home/jaga/git/JAGA/Util/print/print.h:29:0,
                 from /home/jaga/git/JAGA/Util/print/print.c:24:
/home/jaga/git/JAGA/Util/print/print.c: In function 'print_f':
/home/jaga/git/JAGA/Util/print/print.c:125:36: warning: 'uint8' is promoted to 'int' when passed through '...'
                     c = va_arg(pa, uint8);
                                    ^
/home/jaga/git/JAGA/Util/print/print.c:125:36: note: (so you should pass 'int' not 'uint8' to 'va_arg')
/home/jaga/git/JAGA/Util/print/print.c:125:36: note: if this code is reached, the program will abort
/home/jaga/git/JAGA/Util/print/print.c:135:36: warning: 'int16' is promoted to 'int' when passed through '...'
                     d = va_arg(pa, int16);
                                    ^
/home/jaga/git/JAGA/Util/print/print.c:135:36: note: if this code is reached, the program will abort
/home/jaga/git/JAGA/Util/print/print.c:140:36: warning: 'uint16' is promoted to 'int' when passed through '...'
                     u = va_arg(pa, uint16);
                                    ^
/home/jaga/git/JAGA/Util/print/print.c:140:36: note: if this code is reached, the program will abort
Finished building: /home/jaga/git/JAGA/Util/print/print.c
 
Building file: /home/jaga/git/JAGA/Util/crc/crc.c
Invoking: Cross ARM C Compiler
arm-none-eabi-gcc -mcpu=cortex-m4 -mthumb -mfloat-abi=hard -mfpu=fpv4-sp-d16 -O0 -fmessage-length=0 -fsigned-char -ffunction-sections -fdata-sections  -g3 -DARM_MATH_CM4 -DPART_LM4F123GH6M -DTARGET_IS_BLIZZARD_RA1 -I"/home/jaga/git/JAGA/Boards/TM4C123GXL/workspace/Template/src/Header" -I/home/jaga/git/JAGA/Middleware -I"/home/jaga/git/JAGA/Boards/TM4C123GXL/workspace/Template/src/Source" -I/home/jaga/git/JAGA/Util -I/home/jaga/git/JAGA/HAL/TM4C123GXL -std=gnu11 -MMD -MP -MF"Util/crc/crc.d" -MT"Util/crc/crc.o" -c -o "Util/crc/crc.o" "/home/jaga/git/JAGA/Util/crc/crc.c"
Finished building: /home/jaga/git/JAGA/Util/crc/crc.c
 
Building file: /home/jaga/git/JAGA/HAL/TM4C123GXL/uart/hal_uart.c
Invoking: Cross ARM C Compiler
arm-none-eabi-gcc -mcpu=cortex-m4 -mthumb -mfloat-abi=hard -mfpu=fpv4-sp-d16 -O0 -fmessage-length=0 -fsigned-char -ffunction-sections -fdata-sections  -g3 -DARM_MATH_CM4 -DPART_LM4F123GH6M -DTARGET_IS_BLIZZARD_RA1 -I"/home/jaga/git/JAGA/Boards/TM4C123GXL/workspace/Template/src/Header" -I/home/jaga/git/JAGA/Middleware -I"/home/jaga/git/JAGA/Boards/TM4C123GXL/workspace/Template/src/Source" -I/home/jaga/git/JAGA/Util -I/home/jaga/git/JAGA/HAL/TM4C123GXL -std=gnu11 -MMD -MP -MF"TM4C123GXL/uart/hal_uart.d" -MT"TM4C123GXL/uart/hal_uart.o" -c -o "TM4C123GXL/uart/hal_uart.o" "/home/jaga/git/JAGA/HAL/TM4C123GXL/uart/hal_uart.c"
Finished building: /home/jaga/git/JAGA/HAL/TM4C123GXL/uart/hal_uart.c
 
Building file: /home/jaga/git/JAGA/HAL/TM4C123GXL/systick/hal_systick.c
Invoking: Cross ARM C Compiler
arm-none-eabi-gcc -mcpu=cortex-m4 -mthumb -mfloat-abi=hard -mfpu=fpv4-sp-d16 -O0 -fmessage-length=0 -fsigned-char -ffunction-sections -fdata-sections  -g3 -DARM_MATH_CM4 -DPART_LM4F123GH6M -DTARGET_IS_BLIZZARD_RA1 -I"/home/jaga/git/JAGA/Boards/TM4C123GXL/workspace/Template/src/Header" -I/home/jaga/git/JAGA/Middleware -I"/home/jaga/git/JAGA/Boards/TM4C123GXL/workspace/Template/src/Source" -I/home/jaga/git/JAGA/Util -I/home/jaga/git/JAGA/HAL/TM4C123GXL -std=gnu11 -MMD -MP -MF"TM4C123GXL/systick/hal_systick.d" -MT"TM4C123GXL/systick/hal_systick.o" -c -o "TM4C123GXL/systick/hal_systick.o" "/home/jaga/git/JAGA/HAL/TM4C123GXL/systick/hal_systick.c"
Finished building: /home/jaga/git/JAGA/HAL/TM4C123GXL/systick/hal_systick.c
 
Building file: /home/jaga/git/JAGA/HAL/TM4C123GXL/gpio/hal_gpio.c
Invoking: Cross ARM C Compiler
arm-none-eabi-gcc -mcpu=cortex-m4 -mthumb -mfloat-abi=hard -mfpu=fpv4-sp-d16 -O0 -fmessage-length=0 -fsigned-char -ffunction-sections -fdata-sections  -g3 -DARM_MATH_CM4 -DPART_LM4F123GH6M -DTARGET_IS_BLIZZARD_RA1 -I"/home/jaga/git/JAGA/Boards/TM4C123GXL/workspace/Template/src/Header" -I/home/jaga/git/JAGA/Middleware -I"/home/jaga/git/JAGA/Boards/TM4C123GXL/workspace/Template/src/Source" -I/home/jaga/git/JAGA/Util -I/home/jaga/git/JAGA/HAL/TM4C123GXL -std=gnu11 -MMD -MP -MF"TM4C123GXL/gpio/hal_gpio.d" -MT"TM4C123GXL/gpio/hal_gpio.o" -c -o "TM4C123GXL/gpio/hal_gpio.o" "/home/jaga/git/JAGA/HAL/TM4C123GXL/gpio/hal_gpio.c"
Finished building: /home/jaga/git/JAGA/HAL/TM4C123GXL/gpio/hal_gpio.c
 
Building file: /home/jaga/git/JAGA/HAL/TM4C123GXL/delay/hal_delay.c
Invoking: Cross ARM C Compiler
arm-none-eabi-gcc -mcpu=cortex-m4 -mthumb -mfloat-abi=hard -mfpu=fpv4-sp-d16 -O0 -fmessage-length=0 -fsigned-char -ffunction-sections -fdata-sections  -g3 -DARM_MATH_CM4 -DPART_LM4F123GH6M -DTARGET_IS_BLIZZARD_RA1 -I"/home/jaga/git/JAGA/Boards/TM4C123GXL/workspace/Template/src/Header" -I/home/jaga/git/JAGA/Middleware -I"/home/jaga/git/JAGA/Boards/TM4C123GXL/workspace/Template/src/Source" -I/home/jaga/git/JAGA/Util -I/home/jaga/git/JAGA/HAL/TM4C123GXL -std=gnu11 -MMD -MP -MF"TM4C123GXL/delay/hal_delay.d" -MT"TM4C123GXL/delay/hal_delay.o" -c -o "TM4C123GXL/delay/hal_delay.o" "/home/jaga/git/JAGA/HAL/TM4C123GXL/delay/hal_delay.c"
Finished building: /home/jaga/git/JAGA/HAL/TM4C123GXL/delay/hal_delay.c
 
Building file: /home/jaga/git/JAGA/Middleware/leds/leds.c
Invoking: Cross ARM C Compiler
arm-none-eabi-gcc -mcpu=cortex-m4 -mthumb -mfloat-abi=hard -mfpu=fpv4-sp-d16 -O0 -fmessage-length=0 -fsigned-char -ffunction-sections -fdata-sections  -g3 -DARM_MATH_CM4 -DPART_LM4F123GH6M -DTARGET_IS_BLIZZARD_RA1 -I"/home/jaga/git/JAGA/Boards/TM4C123GXL/workspace/Template/src/Header" -I/home/jaga/git/JAGA/Middleware -I"/home/jaga/git/JAGA/Boards/TM4C123GXL/workspace/Template/src/Source" -I/home/jaga/git/JAGA/Util -I/home/jaga/git/JAGA/HAL/TM4C123GXL -std=gnu11 -MMD -MP -MF"Middleware/leds/leds.d" -MT"Middleware/leds/leds.o" -c -o "Middleware/leds/leds.o" "/home/jaga/git/JAGA/Middleware/leds/leds.c"
Finished building: /home/jaga/git/JAGA/Middleware/leds/leds.c
 
Building file: /home/jaga/git/JAGA/Middleware/lcd/lcd.c
Invoking: Cross ARM C Compiler
arm-none-eabi-gcc -mcpu=cortex-m4 -mthumb -mfloat-abi=hard -mfpu=fpv4-sp-d16 -O0 -fmessage-length=0 -fsigned-char -ffunction-sections -fdata-sections  -g3 -DARM_MATH_CM4 -DPART_LM4F123GH6M -DTARGET_IS_BLIZZARD_RA1 -I"/home/jaga/git/JAGA/Boards/TM4C123GXL/workspace/Template/src/Header" -I/home/jaga/git/JAGA/Middleware -I"/home/jaga/git/JAGA/Boards/TM4C123GXL/workspace/Template/src/Source" -I/home/jaga/git/JAGA/Util -I/home/jaga/git/JAGA/HAL/TM4C123GXL -std=gnu11 -MMD -MP -MF"Middleware/lcd/lcd.d" -MT"Middleware/lcd/lcd.o" -c -o "Middleware/lcd/lcd.o" "/home/jaga/git/JAGA/Middleware/lcd/lcd.c"
Finished building: /home/jaga/git/JAGA/Middleware/lcd/lcd.c
 
Building file: /home/jaga/git/JAGA/Middleware/info_hw/info_hw.c
Invoking: Cross ARM C Compiler
arm-none-eabi-gcc -mcpu=cortex-m4 -mthumb -mfloat-abi=hard -mfpu=fpv4-sp-d16 -O0 -fmessage-length=0 -fsigned-char -ffunction-sections -fdata-sections  -g3 -DARM_MATH_CM4 -DPART_LM4F123GH6M -DTARGET_IS_BLIZZARD_RA1 -I"/home/jaga/git/JAGA/Boards/TM4C123GXL/workspace/Template/src/Header" -I/home/jaga/git/JAGA/Middleware -I"/home/jaga/git/JAGA/Boards/TM4C123GXL/workspace/Template/src/Source" -I/home/jaga/git/JAGA/Util -I/home/jaga/git/JAGA/HAL/TM4C123GXL -std=gnu11 -MMD -MP -MF"Middleware/info_hw/info_hw.d" -MT"Middleware/info_hw/info_hw.o" -c -o "Middleware/info_hw/info_hw.o" "/home/jaga/git/JAGA/Middleware/info_hw/info_hw.c"
Finished building: /home/jaga/git/JAGA/Middleware/info_hw/info_hw.c
 
Building file: /home/jaga/git/JAGA/Middleware/buttons/buttons.c
Invoking: Cross ARM C Compiler
arm-none-eabi-gcc -mcpu=cortex-m4 -mthumb -mfloat-abi=hard -mfpu=fpv4-sp-d16 -O0 -fmessage-length=0 -fsigned-char -ffunction-sections -fdata-sections  -g3 -DARM_MATH_CM4 -DPART_LM4F123GH6M -DTARGET_IS_BLIZZARD_RA1 -I"/home/jaga/git/JAGA/Boards/TM4C123GXL/workspace/Template/src/Header" -I/home/jaga/git/JAGA/Middleware -I"/home/jaga/git/JAGA/Boards/TM4C123GXL/workspace/Template/src/Source" -I/home/jaga/git/JAGA/Util -I/home/jaga/git/JAGA/HAL/TM4C123GXL -std=gnu11 -MMD -MP -MF"Middleware/buttons/buttons.d" -MT"Middleware/buttons/buttons.o" -c -o "Middleware/buttons/buttons.o" "/home/jaga/git/JAGA/Middleware/buttons/buttons.c"
Finished building: /home/jaga/git/JAGA/Middleware/buttons/buttons.c
 
Building target: Template.elf
Invoking: Cross ARM C Linker
arm-none-eabi-gcc -mcpu=cortex-m4 -mthumb -mfloat-abi=hard -mfpu=fpv4-sp-d16 -O0 -fmessage-length=0 -fsigned-char -ffunction-sections -fdata-sections  -g3 -T "/home/jaga/git/JAGA/Boards/TM4C123GXL/workspace/Template/src/Source/main.ld" -nostartfiles -Xlinker --gc-sections -Wl,-Map,"Template.map" -o "Template.elf"  ./src/Source/app_control.o ./src/Source/app_him.o ./src/Source/app_info.o ./src/Source/main.o ./src/Source/startup_gcc.o ./src/Source/sys_ad.o ./src/Source/sys_gpio.o ./src/Source/sys_hw.o ./src/Source/sys_i2c.o ./src/Source/sys_mcu.o ./src/Source/sys_pwm.o ./src/Source/sys_spi.o ./src/Source/sys_timer.o ./src/Source/sys_uart.o  ./Util/print/print.o  ./Util/crc/crc.o  ./TM4C123GXL/uart/hal_uart.o  ./TM4C123GXL/systick/hal_systick.o  ./TM4C123GXL/gpio/hal_gpio.o  ./TM4C123GXL/delay/hal_delay.o  ./Middleware/leds/leds.o  ./Middleware/lcd/lcd.o  ./Middleware/info_hw/info_hw.o  ./Middleware/buttons/buttons.o   
Finished building target: Template.elf
 
Invoking: Cross ARM GNU Create Flash Image
arm-none-eabi-objcopy -O ihex "Template.elf"  "Template.hex"
Finished building: Template.hex
 
Invoking: Cross ARM GNU Print Size
arm-none-eabi-size --format=berkeley "Template.elf"
   text	   data	    bss	    dec	    hex	filename
   5132	    160	    720	   6012	   177c	Template.elf
Finished building: Template.siz
 
00:17:51 **** Incremental Build of configuration Debug for project Template ****
make all 
Building file: /home/jaga/git/JAGA/Middleware/buttons/buttons.c
Invoking: Cross ARM C Compiler
arm-none-eabi-gcc -mcpu=cortex-m4 -mthumb -mfloat-abi=hard -mfpu=fpv4-sp-d16 -O0 -fmessage-length=0 -fsigned-char -ffunction-sections -fdata-sections  -g3 -DARM_MATH_CM4 -DPART_LM4F123GH6M -DTARGET_IS_BLIZZARD_RA1 -I"/home/jaga/git/JAGA/Boards/TM4C123GXL/workspace/Template/src/Header" -I/home/jaga/git/JAGA/Middleware -I"/home/jaga/git/JAGA/Boards/TM4C123GXL/workspace/Template/src/Source" -I/home/jaga/git/JAGA/Util -I/home/jaga/git/JAGA/HAL/TM4C123GXL -std=gnu11 -MMD -MP -MF"Middleware/buttons/buttons.d" -MT"Middleware/buttons/buttons.o" -c -o "Middleware/buttons/buttons.o" "/home/jaga/git/JAGA/Middleware/buttons/buttons.c"
Finished building: /home/jaga/git/JAGA/Middleware/buttons/buttons.c
 
Building file: ../src/Source/app_control.c
Invoking: Cross ARM C Compiler
arm-none-eabi-gcc -mcpu=cortex-m4 -mthumb -mfloat-abi=hard -mfpu=fpv4-sp-d16 -O0 -fmessage-length=0 -fsigned-char -ffunction-sections -fdata-sections  -g3 -DARM_MATH_CM4 -DPART_LM4F123GH6M -DTARGET_IS_BLIZZARD_RA1 -I/home/jaga/git/JAGA/HAL/TM4C123GXL -I/home/jaga/git/JAGA/Middleware -I/home/jaga/git/JAGA/Util -std=gnu11 -MMD -MP -MF"src/Source/app_control.d" -MT"src/Source/app_control.o" -c -o "src/Source/app_control.o" "../src/Source/app_control.c"
Finished building: ../src/Source/app_control.c
 
Building file: ../src/Source/app_him.c
Invoking: Cross ARM C Compiler
arm-none-eabi-gcc -mcpu=cortex-m4 -mthumb -mfloat-abi=hard -mfpu=fpv4-sp-d16 -O0 -fmessage-length=0 -fsigned-char -ffunction-sections -fdata-sections  -g3 -DARM_MATH_CM4 -DPART_LM4F123GH6M -DTARGET_IS_BLIZZARD_RA1 -I/home/jaga/git/JAGA/HAL/TM4C123GXL -I/home/jaga/git/JAGA/Middleware -I/home/jaga/git/JAGA/Util -std=gnu11 -MMD -MP -MF"src/Source/app_him.d" -MT"src/Source/app_him.o" -c -o "src/Source/app_him.o" "../src/Source/app_him.c"
Finished building: ../src/Source/app_him.c
 
Building file: ../src/Source/app_info.c
Invoking: Cross ARM C Compiler
arm-none-eabi-gcc -mcpu=cortex-m4 -mthumb -mfloat-abi=hard -mfpu=fpv4-sp-d16 -O0 -fmessage-length=0 -fsigned-char -ffunction-sections -fdata-sections  -g3 -DARM_MATH_CM4 -DPART_LM4F123GH6M -DTARGET_IS_BLIZZARD_RA1 -I/home/jaga/git/JAGA/HAL/TM4C123GXL -I/home/jaga/git/JAGA/Middleware -I/home/jaga/git/JAGA/Util -std=gnu11 -MMD -MP -MF"src/Source/app_info.d" -MT"src/Source/app_info.o" -c -o "src/Source/app_info.o" "../src/Source/app_info.c"
Finished building: ../src/Source/app_info.c
 
Building file: ../src/Source/main.c
Invoking: Cross ARM C Compiler
arm-none-eabi-gcc -mcpu=cortex-m4 -mthumb -mfloat-abi=hard -mfpu=fpv4-sp-d16 -O0 -fmessage-length=0 -fsigned-char -ffunction-sections -fdata-sections  -g3 -DARM_MATH_CM4 -DPART_LM4F123GH6M -DTARGET_IS_BLIZZARD_RA1 -I/home/jaga/git/JAGA/HAL/TM4C123GXL -I/home/jaga/git/JAGA/Middleware -I/home/jaga/git/JAGA/Util -std=gnu11 -MMD -MP -MF"src/Source/main.d" -MT"src/Source/main.o" -c -o "src/Source/main.o" "../src/Source/main.c"
Finished building: ../src/Source/main.c
 
Building file: ../src/Source/startup_gcc.c
Invoking: Cross ARM C Compiler
arm-none-eabi-gcc -mcpu=cortex-m4 -mthumb -mfloat-abi=hard -mfpu=fpv4-sp-d16 -O0 -fmessage-length=0 -fsigned-char -ffunction-sections -fdata-sections  -g3 -DARM_MATH_CM4 -DPART_LM4F123GH6M -DTARGET_IS_BLIZZARD_RA1 -I/home/jaga/git/JAGA/HAL/TM4C123GXL -I/home/jaga/git/JAGA/Middleware -I/home/jaga/git/JAGA/Util -std=gnu11 -MMD -MP -MF"src/Source/startup_gcc.d" -MT"src/Source/startup_gcc.o" -c -o "src/Source/startup_gcc.o" "../src/Source/startup_gcc.c"
Finished building: ../src/Source/startup_gcc.c
 
Building file: ../src/Source/sys_ad.c
Invoking: Cross ARM C Compiler
arm-none-eabi-gcc -mcpu=cortex-m4 -mthumb -mfloat-abi=hard -mfpu=fpv4-sp-d16 -O0 -fmessage-length=0 -fsigned-char -ffunction-sections -fdata-sections  -g3 -DARM_MATH_CM4 -DPART_LM4F123GH6M -DTARGET_IS_BLIZZARD_RA1 -I/home/jaga/git/JAGA/HAL/TM4C123GXL -I/home/jaga/git/JAGA/Middleware -I/home/jaga/git/JAGA/Util -std=gnu11 -MMD -MP -MF"src/Source/sys_ad.d" -MT"src/Source/sys_ad.o" -c -o "src/Source/sys_ad.o" "../src/Source/sys_ad.c"
Finished building: ../src/Source/sys_ad.c
 
Building file: ../src/Source/sys_gpio.c
Invoking: Cross ARM C Compiler
arm-none-eabi-gcc -mcpu=cortex-m4 -mthumb -mfloat-abi=hard -mfpu=fpv4-sp-d16 -O0 -fmessage-length=0 -fsigned-char -ffunction-sections -fdata-sections  -g3 -DARM_MATH_CM4 -DPART_LM4F123GH6M -DTARGET_IS_BLIZZARD_RA1 -I/home/jaga/git/JAGA/HAL/TM4C123GXL -I/home/jaga/git/JAGA/Middleware -I/home/jaga/git/JAGA/Util -std=gnu11 -MMD -MP -MF"src/Source/sys_gpio.d" -MT"src/Source/sys_gpio.o" -c -o "src/Source/sys_gpio.o" "../src/Source/sys_gpio.c"
Finished building: ../src/Source/sys_gpio.c
 
Building file: ../src/Source/sys_hw.c
Invoking: Cross ARM C Compiler
arm-none-eabi-gcc -mcpu=cortex-m4 -mthumb -mfloat-abi=hard -mfpu=fpv4-sp-d16 -O0 -fmessage-length=0 -fsigned-char -ffunction-sections -fdata-sections  -g3 -DARM_MATH_CM4 -DPART_LM4F123GH6M -DTARGET_IS_BLIZZARD_RA1 -I/home/jaga/git/JAGA/HAL/TM4C123GXL -I/home/jaga/git/JAGA/Middleware -I/home/jaga/git/JAGA/Util -std=gnu11 -MMD -MP -MF"src/Source/sys_hw.d" -MT"src/Source/sys_hw.o" -c -o "src/Source/sys_hw.o" "../src/Source/sys_hw.c"
Finished building: ../src/Source/sys_hw.c
 
Building file: ../src/Source/sys_i2c.c
Invoking: Cross ARM C Compiler
arm-none-eabi-gcc -mcpu=cortex-m4 -mthumb -mfloat-abi=hard -mfpu=fpv4-sp-d16 -O0 -fmessage-length=0 -fsigned-char -ffunction-sections -fdata-sections  -g3 -DARM_MATH_CM4 -DPART_LM4F123GH6M -DTARGET_IS_BLIZZARD_RA1 -I/home/jaga/git/JAGA/HAL/TM4C123GXL -I/home/jaga/git/JAGA/Middleware -I/home/jaga/git/JAGA/Util -std=gnu11 -MMD -MP -MF"src/Source/sys_i2c.d" -MT"src/Source/sys_i2c.o" -c -o "src/Source/sys_i2c.o" "../src/Source/sys_i2c.c"
Finished building: ../src/Source/sys_i2c.c
 
Building file: ../src/Source/sys_mcu.c
Invoking: Cross ARM C Compiler
arm-none-eabi-gcc -mcpu=cortex-m4 -mthumb -mfloat-abi=hard -mfpu=fpv4-sp-d16 -O0 -fmessage-length=0 -fsigned-char -ffunction-sections -fdata-sections  -g3 -DARM_MATH_CM4 -DPART_LM4F123GH6M -DTARGET_IS_BLIZZARD_RA1 -I/home/jaga/git/JAGA/HAL/TM4C123GXL -I/home/jaga/git/JAGA/Middleware -I/home/jaga/git/JAGA/Util -std=gnu11 -MMD -MP -MF"src/Source/sys_mcu.d" -MT"src/Source/sys_mcu.o" -c -o "src/Source/sys_mcu.o" "../src/Source/sys_mcu.c"
Finished building: ../src/Source/sys_mcu.c
 
Building file: ../src/Source/sys_pwm.c
Invoking: Cross ARM C Compiler
arm-none-eabi-gcc -mcpu=cortex-m4 -mthumb -mfloat-abi=hard -mfpu=fpv4-sp-d16 -O0 -fmessage-length=0 -fsigned-char -ffunction-sections -fdata-sections  -g3 -DARM_MATH_CM4 -DPART_LM4F123GH6M -DTARGET_IS_BLIZZARD_RA1 -I/home/jaga/git/JAGA/HAL/TM4C123GXL -I/home/jaga/git/JAGA/Middleware -I/home/jaga/git/JAGA/Util -std=gnu11 -MMD -MP -MF"src/Source/sys_pwm.d" -MT"src/Source/sys_pwm.o" -c -o "src/Source/sys_pwm.o" "../src/Source/sys_pwm.c"
Finished building: ../src/Source/sys_pwm.c
 
Building file: ../src/Source/sys_spi.c
Invoking: Cross ARM C Compiler
arm-none-eabi-gcc -mcpu=cortex-m4 -mthumb -mfloat-abi=hard -mfpu=fpv4-sp-d16 -O0 -fmessage-length=0 -fsigned-char -ffunction-sections -fdata-sections  -g3 -DARM_MATH_CM4 -DPART_LM4F123GH6M -DTARGET_IS_BLIZZARD_RA1 -I/home/jaga/git/JAGA/HAL/TM4C123GXL -I/home/jaga/git/JAGA/Middleware -I/home/jaga/git/JAGA/Util -std=gnu11 -MMD -MP -MF"src/Source/sys_spi.d" -MT"src/Source/sys_spi.o" -c -o "src/Source/sys_spi.o" "../src/Source/sys_spi.c"
Finished building: ../src/Source/sys_spi.c
 
Building file: ../src/Source/sys_timer.c
Invoking: Cross ARM C Compiler
arm-none-eabi-gcc -mcpu=cortex-m4 -mthumb -mfloat-abi=hard -mfpu=fpv4-sp-d16 -O0 -fmessage-length=0 -fsigned-char -ffunction-sections -fdata-sections  -g3 -DARM_MATH_CM4 -DPART_LM4F123GH6M -DTARGET_IS_BLIZZARD_RA1 -I/home/jaga/git/JAGA/HAL/TM4C123GXL -I/home/jaga/git/JAGA/Middleware -I/home/jaga/git/JAGA/Util -std=gnu11 -MMD -MP -MF"src/Source/sys_timer.d" -MT"src/Source/sys_timer.o" -c -o "src/Source/sys_timer.o" "../src/Source/sys_timer.c"
Finished building: ../src/Source/sys_timer.c
 
Building file: ../src/Source/sys_uart.c
Invoking: Cross ARM C Compiler
arm-none-eabi-gcc -mcpu=cortex-m4 -mthumb -mfloat-abi=hard -mfpu=fpv4-sp-d16 -O0 -fmessage-length=0 -fsigned-char -ffunction-sections -fdata-sections  -g3 -DARM_MATH_CM4 -DPART_LM4F123GH6M -DTARGET_IS_BLIZZARD_RA1 -I/home/jaga/git/JAGA/HAL/TM4C123GXL -I/home/jaga/git/JAGA/Middleware -I/home/jaga/git/JAGA/Util -std=gnu11 -MMD -MP -MF"src/Source/sys_uart.d" -MT"src/Source/sys_uart.o" -c -o "src/Source/sys_uart.o" "../src/Source/sys_uart.c"
Finished building: ../src/Source/sys_uart.c
 
make: *** Sem regra para processar o alvo `/home/jaga/git/JAGA/Util/print/print.c', necessário por `Util/print/print.o'.  Pare.
00:18:30 **** Incremental Build of configuration Debug for project Template ****
make all 
Building file: /home/jaga/git/JAGA/Middleware/serial/serial.c
Invoking: Cross ARM C Compiler
arm-none-eabi-gcc -mcpu=cortex-m4 -mthumb -mfloat-abi=hard -mfpu=fpv4-sp-d16 -O0 -fmessage-length=0 -fsigned-char -ffunction-sections -fdata-sections  -g3 -DARM_MATH_CM4 -DPART_LM4F123GH6M -DTARGET_IS_BLIZZARD_RA1 -I"/home/jaga/git/JAGA/Boards/TM4C123GXL/workspace/Template/src/Header" -I/home/jaga/git/JAGA/Middleware -I"/home/jaga/git/JAGA/Boards/TM4C123GXL/workspace/Template/src/Source" -I/home/jaga/git/JAGA/Util -I/home/jaga/git/JAGA/HAL/TM4C123GXL -std=gnu11 -MMD -MP -MF"Middleware/serial/serial.d" -MT"Middleware/serial/serial.o" -c -o "Middleware/serial/serial.o" "/home/jaga/git/JAGA/Middleware/serial/serial.c"
/home/jaga/git/JAGA/Middleware/serial/serial.c:30:2: error: #error "configButton_numSerial no defined in app_control.h"
 #error "configButton_numSerial no defined in app_control.h"
  ^
/home/jaga/git/JAGA/Middleware/serial/serial.c:34:15: error: 'configSerial_numSerial' undeclared here (not in a function)
 Serial serial[configSerial_numSerial];
               ^
make: ** [Middleware/serial/serial.o] Erro 1
00:20:51 **** Incremental Build of configuration Debug for project Template ****
make all 
Building file: ../src/Source/app_control.c
Invoking: Cross ARM C Compiler
arm-none-eabi-gcc -mcpu=cortex-m4 -mthumb -mfloat-abi=hard -mfpu=fpv4-sp-d16 -O0 -fmessage-length=0 -fsigned-char -ffunction-sections -fdata-sections  -g3 -DARM_MATH_CM4 -DPART_LM4F123GH6M -DTARGET_IS_BLIZZARD_RA1 -I/home/jaga/git/JAGA/HAL/TM4C123GXL -I/home/jaga/git/JAGA/Middleware -I/home/jaga/git/JAGA/Util -std=gnu11 -MMD -MP -MF"src/Source/app_control.d" -MT"src/Source/app_control.o" -c -o "src/Source/app_control.o" "../src/Source/app_control.c"
Finished building: ../src/Source/app_control.c
 
Building file: ../src/Source/main.c
Invoking: Cross ARM C Compiler
arm-none-eabi-gcc -mcpu=cortex-m4 -mthumb -mfloat-abi=hard -mfpu=fpv4-sp-d16 -O0 -fmessage-length=0 -fsigned-char -ffunction-sections -fdata-sections  -g3 -DARM_MATH_CM4 -DPART_LM4F123GH6M -DTARGET_IS_BLIZZARD_RA1 -I/home/jaga/git/JAGA/HAL/TM4C123GXL -I/home/jaga/git/JAGA/Middleware -I/home/jaga/git/JAGA/Util -std=gnu11 -MMD -MP -MF"src/Source/main.d" -MT"src/Source/main.o" -c -o "src/Source/main.o" "../src/Source/main.c"
Finished building: ../src/Source/main.c
 
Building file: /home/jaga/git/JAGA/Middleware/serial/serial.c
Invoking: Cross ARM C Compiler
arm-none-eabi-gcc -mcpu=cortex-m4 -mthumb -mfloat-abi=hard -mfpu=fpv4-sp-d16 -O0 -fmessage-length=0 -fsigned-char -ffunction-sections -fdata-sections  -g3 -DARM_MATH_CM4 -DPART_LM4F123GH6M -DTARGET_IS_BLIZZARD_RA1 -I"/home/jaga/git/JAGA/Boards/TM4C123GXL/workspace/Template/src/Header" -I/home/jaga/git/JAGA/Middleware -I"/home/jaga/git/JAGA/Boards/TM4C123GXL/workspace/Template/src/Source" -I/home/jaga/git/JAGA/Util -I/home/jaga/git/JAGA/HAL/TM4C123GXL -std=gnu11 -MMD -MP -MF"Middleware/serial/serial.d" -MT"Middleware/serial/serial.o" -c -o "Middleware/serial/serial.o" "/home/jaga/git/JAGA/Middleware/serial/serial.c"
In file included from /home/jaga/git/JAGA/Middleware/serial/serial.h:29:0,
                 from /home/jaga/git/JAGA/Middleware/serial/serial.c:24:
/home/jaga/git/JAGA/Middleware/serial/serial.c: In function 'serial_printf':
/home/jaga/git/JAGA/Middleware/serial/serial.c:151:40: warning: 'uint8' is promoted to 'int' when passed through '...'
                         c = va_arg(pa, uint8);
                                        ^
/home/jaga/git/JAGA/Middleware/serial/serial.c:151:40: note: (so you should pass 'int' not 'uint8' to 'va_arg')
/home/jaga/git/JAGA/Middleware/serial/serial.c:151:40: note: if this code is reached, the program will abort
/home/jaga/git/JAGA/Middleware/serial/serial.c:161:40: warning: 'int16' is promoted to 'int' when passed through '...'
                         d = va_arg(pa, int16);
                                        ^
/home/jaga/git/JAGA/Middleware/serial/serial.c:161:40: note: if this code is reached, the program will abort
/home/jaga/git/JAGA/Middleware/serial/serial.c:166:40: warning: 'uint16' is promoted to 'int' when passed through '...'
                         u = va_arg(pa, uint16);
                                        ^
/home/jaga/git/JAGA/Middleware/serial/serial.c:166:40: note: if this code is reached, the program will abort
Finished building: /home/jaga/git/JAGA/Middleware/serial/serial.c
 
Building file: /home/jaga/git/JAGA/Middleware/buttons/buttons.c
Invoking: Cross ARM C Compiler
arm-none-eabi-gcc -mcpu=cortex-m4 -mthumb -mfloat-abi=hard -mfpu=fpv4-sp-d16 -O0 -fmessage-length=0 -fsigned-char -ffunction-sections -fdata-sections  -g3 -DARM_MATH_CM4 -DPART_LM4F123GH6M -DTARGET_IS_BLIZZARD_RA1 -I"/home/jaga/git/JAGA/Boards/TM4C123GXL/workspace/Template/src/Header" -I/home/jaga/git/JAGA/Middleware -I"/home/jaga/git/JAGA/Boards/TM4C123GXL/workspace/Template/src/Source" -I/home/jaga/git/JAGA/Util -I/home/jaga/git/JAGA/HAL/TM4C123GXL -std=gnu11 -MMD -MP -MF"Middleware/buttons/buttons.d" -MT"Middleware/buttons/buttons.o" -c -o "Middleware/buttons/buttons.o" "/home/jaga/git/JAGA/Middleware/buttons/buttons.c"
Finished building: /home/jaga/git/JAGA/Middleware/buttons/buttons.c
 
Building target: Template.elf
Invoking: Cross ARM C Linker
arm-none-eabi-gcc -mcpu=cortex-m4 -mthumb -mfloat-abi=hard -mfpu=fpv4-sp-d16 -O0 -fmessage-length=0 -fsigned-char -ffunction-sections -fdata-sections  -g3 -T "/home/jaga/git/JAGA/Boards/TM4C123GXL/workspace/Template/src/Source/main.ld" -nostartfiles -Xlinker --gc-sections -Wl,-Map,"Template.map" -o "Template.elf"  ./src/Source/app_control.o ./src/Source/app_him.o ./src/Source/app_info.o ./src/Source/main.o ./src/Source/startup_gcc.o ./src/Source/sys_ad.o ./src/Source/sys_gpio.o ./src/Source/sys_hw.o ./src/Source/sys_i2c.o ./src/Source/sys_mcu.o ./src/Source/sys_pwm.o ./src/Source/sys_spi.o ./src/Source/sys_timer.o ./src/Source/sys_uart.o  ./Util/crc/crc.o  ./TM4C123GXL/uart/hal_uart.o  ./TM4C123GXL/systick/hal_systick.o  ./TM4C123GXL/gpio/hal_gpio.o  ./TM4C123GXL/delay/hal_delay.o  ./Middleware/serial/serial.o  ./Middleware/leds/leds.o  ./Middleware/lcd/lcd.o  ./Middleware/info_hw/info_hw.o  ./Middleware/buttons/buttons.o   
Finished building target: Template.elf
 
Invoking: Cross ARM GNU Create Flash Image
arm-none-eabi-objcopy -O ihex "Template.elf"  "Template.hex"
Finished building: Template.hex
 
Invoking: Cross ARM GNU Print Size
arm-none-eabi-size --format=berkeley "Template.elf"
   text	   data	    bss	    dec	    hex	filename
   5132	    160	    720	   6012	   177c	Template.elf
Finished building: Template.siz
 
00:25:20 **** Incremental Build of configuration Debug for project Template ****
make all 
Building file: ../src/Source/sys_uart.c
Invoking: Cross ARM C Compiler
arm-none-eabi-gcc -mcpu=cortex-m4 -mthumb -mfloat-abi=hard -mfpu=fpv4-sp-d16 -O0 -fmessage-length=0 -fsigned-char -ffunction-sections -fdata-sections  -g3 -DARM_MATH_CM4 -DPART_LM4F123GH6M -DTARGET_IS_BLIZZARD_RA1 -I/home/jaga/git/JAGA/HAL/TM4C123GXL -I/home/jaga/git/JAGA/Middleware -I/home/jaga/git/JAGA/Util -std=gnu11 -MMD -MP -MF"src/Source/sys_uart.d" -MT"src/Source/sys_uart.o" -c -o "src/Source/sys_uart.o" "../src/Source/sys_uart.c"
Finished building: ../src/Source/sys_uart.c
 
Building target: Template.elf
Invoking: Cross ARM C Linker
arm-none-eabi-gcc -mcpu=cortex-m4 -mthumb -mfloat-abi=hard -mfpu=fpv4-sp-d16 -O0 -fmessage-length=0 -fsigned-char -ffunction-sections -fdata-sections  -g3 -T "/home/jaga/git/JAGA/Boards/TM4C123GXL/workspace/Template/src/Source/main.ld" -nostartfiles -Xlinker --gc-sections -Wl,-Map,"Template.map" -o "Template.elf"  ./src/Source/app_control.o ./src/Source/app_him.o ./src/Source/app_info.o ./src/Source/main.o ./src/Source/startup_gcc.o ./src/Source/sys_ad.o ./src/Source/sys_gpio.o ./src/Source/sys_hw.o ./src/Source/sys_i2c.o ./src/Source/sys_mcu.o ./src/Source/sys_pwm.o ./src/Source/sys_spi.o ./src/Source/sys_timer.o ./src/Source/sys_uart.o  ./Util/crc/crc.o  ./TM4C123GXL/uart/hal_uart.o  ./TM4C123GXL/systick/hal_systick.o  ./TM4C123GXL/gpio/hal_gpio.o  ./TM4C123GXL/delay/hal_delay.o  ./Middleware/serial/serial.o  ./Middleware/leds/leds.o  ./Middleware/lcd/lcd.o  ./Middleware/info_hw/info_hw.o  ./Middleware/buttons/buttons.o   
Finished building target: Template.elf
 
Invoking: Cross ARM GNU Create Flash Image
arm-none-eabi-objcopy -O ihex "Template.elf"  "Template.hex"
Finished building: Template.hex
 
Invoking: Cross ARM GNU Print Size
arm-none-eabi-size --format=berkeley "Template.elf"
   text	   data	    bss	    dec	    hex	filename
   5288	    160	    720	   6168	   1818	Template.elf
Finished building: Template.siz
 
01:12:31 **** Incremental Build of configuration Debug for project Template ****
make all 
Building file: ../src/Source/startup_gcc.c
Invoking: Cross ARM C Compiler
arm-none-eabi-gcc -mcpu=cortex-m4 -mthumb -mfloat-abi=hard -mfpu=fpv4-sp-d16 -O0 -fmessage-length=0 -fsigned-char -ffunction-sections -fdata-sections  -g3 -DARM_MATH_CM4 -DPART_LM4F123GH6M -DTARGET_IS_BLIZZARD_RA1 -I/home/jaga/git/JAGA/HAL/TM4C123GXL -I/home/jaga/git/JAGA/Middleware -I/home/jaga/git/JAGA/Util -std=gnu11 -MMD -MP -MF"src/Source/startup_gcc.d" -MT"src/Source/startup_gcc.o" -c -o "src/Source/startup_gcc.o" "../src/Source/startup_gcc.c"
Finished building: ../src/Source/startup_gcc.c
 
Building target: Template.elf
Invoking: Cross ARM C Linker
arm-none-eabi-gcc -mcpu=cortex-m4 -mthumb -mfloat-abi=hard -mfpu=fpv4-sp-d16 -O0 -fmessage-length=0 -fsigned-char -ffunction-sections -fdata-sections  -g3 -T "/home/jaga/git/JAGA/Boards/TM4C123GXL/workspace/Template/src/Source/main.ld" -nostartfiles -Xlinker --gc-sections -Wl,-Map,"Template.map" -o "Template.elf"  ./src/Source/app_control.o ./src/Source/app_him.o ./src/Source/app_info.o ./src/Source/main.o ./src/Source/startup_gcc.o ./src/Source/sys_ad.o ./src/Source/sys_gpio.o ./src/Source/sys_hw.o ./src/Source/sys_i2c.o ./src/Source/sys_mcu.o ./src/Source/sys_pwm.o ./src/Source/sys_spi.o ./src/Source/sys_timer.o ./src/Source/sys_uart.o  ./Util/crc/crc.o  ./TM4C123GXL/uart/hal_uart.o  ./TM4C123GXL/systick/hal_systick.o  ./TM4C123GXL/gpio/hal_gpio.o  ./TM4C123GXL/delay/hal_delay.o  ./Middleware/serial/serial.o  ./Middleware/leds/leds.o  ./Middleware/lcd/lcd.o  ./Middleware/info_hw/info_hw.o  ./Middleware/buttons/buttons.o   
./src/Source/startup_gcc.o:(.intvecs+0x54): undefined reference to `UART0_Handler'
collect2: error: ld returned 1 exit status
make: ** [Template.elf] Erro 1
01:13:05 **** Incremental Build of configuration Debug for project Template ****
make all 
Building file: ../src/Source/sys_uart.c
Invoking: Cross ARM C Compiler
arm-none-eabi-gcc -mcpu=cortex-m4 -mthumb -mfloat-abi=hard -mfpu=fpv4-sp-d16 -O0 -fmessage-length=0 -fsigned-char -ffunction-sections -fdata-sections  -g3 -DARM_MATH_CM4 -DPART_LM4F123GH6M -DTARGET_IS_BLIZZARD_RA1 -I/home/jaga/git/JAGA/HAL/TM4C123GXL -I/home/jaga/git/JAGA/Middleware -I/home/jaga/git/JAGA/Util -std=gnu11 -MMD -MP -MF"src/Source/sys_uart.d" -MT"src/Source/sys_uart.o" -c -o "src/Source/sys_uart.o" "../src/Source/sys_uart.c"
../src/Source/sys_uart.c: In function 'UART0_Handler':
../src/Source/sys_uart.c:38:2: error: unknown type name 'BaseType_t'
  BaseType_t xHigherPriorityTaskWoken = pdFALSE;
  ^
../src/Source/sys_uart.c:38:40: error: 'pdFALSE' undeclared (first use in this function)
  BaseType_t xHigherPriorityTaskWoken = pdFALSE;
                                        ^
../src/Source/sys_uart.c:38:40: note: each undeclared identifier is reported only once for each function it appears in
../src/Source/sys_uart.c:46:3: warning: implicit declaration of function 'decode' [-Wimplicit-function-declaration]
   if (decode(c, buf))
   ^
../src/Source/sys_uart.c: At top level:
../src/Source/sys_uart.c:60:1: error: expected '=', ',', ';', 'asm' or '__attribute__' at end of input
 b
 ^
make: ** [src/Source/sys_uart.o] Erro 1
01:13:18 **** Incremental Build of configuration Debug for project Template ****
make all 
Building file: ../src/Source/sys_uart.c
Invoking: Cross ARM C Compiler
arm-none-eabi-gcc -mcpu=cortex-m4 -mthumb -mfloat-abi=hard -mfpu=fpv4-sp-d16 -O0 -fmessage-length=0 -fsigned-char -ffunction-sections -fdata-sections  -g3 -DARM_MATH_CM4 -DPART_LM4F123GH6M -DTARGET_IS_BLIZZARD_RA1 -I/home/jaga/git/JAGA/HAL/TM4C123GXL -I/home/jaga/git/JAGA/Middleware -I/home/jaga/git/JAGA/Util -std=gnu11 -MMD -MP -MF"src/Source/sys_uart.d" -MT"src/Source/sys_uart.o" -c -o "src/Source/sys_uart.o" "../src/Source/sys_uart.c"
../src/Source/sys_uart.c: In function 'UART0_Handler':
../src/Source/sys_uart.c:38:2: error: unknown type name 'BaseType_t'
  BaseType_t xHigherPriorityTaskWoken = pdFALSE;
  ^
../src/Source/sys_uart.c:38:40: error: 'pdFALSE' undeclared (first use in this function)
  BaseType_t xHigherPriorityTaskWoken = pdFALSE;
                                        ^
../src/Source/sys_uart.c:38:40: note: each undeclared identifier is reported only once for each function it appears in
../src/Source/sys_uart.c:46:3: warning: implicit declaration of function 'decode' [-Wimplicit-function-declaration]
   if (decode(c, buf))
   ^
../src/Source/sys_uart.c: At top level:
../src/Source/sys_uart.c:60:1: error: expected '=', ',', ';', 'asm' or '__attribute__' at end of input
 b
 ^
make: ** [src/Source/sys_uart.o] Erro 1
01:13:21 **** Incremental Build of configuration Debug for project Template ****
make all 
Building file: ../src/Source/sys_uart.c
Invoking: Cross ARM C Compiler
arm-none-eabi-gcc -mcpu=cortex-m4 -mthumb -mfloat-abi=hard -mfpu=fpv4-sp-d16 -O0 -fmessage-length=0 -fsigned-char -ffunction-sections -fdata-sections  -g3 -DARM_MATH_CM4 -DPART_LM4F123GH6M -DTARGET_IS_BLIZZARD_RA1 -I/home/jaga/git/JAGA/HAL/TM4C123GXL -I/home/jaga/git/JAGA/Middleware -I/home/jaga/git/JAGA/Util -std=gnu11 -MMD -MP -MF"src/Source/sys_uart.d" -MT"src/Source/sys_uart.o" -c -o "src/Source/sys_uart.o" "../src/Source/sys_uart.c"
../src/Source/sys_uart.c: In function 'UART0_Handler':
../src/Source/sys_uart.c:45:3: warning: implicit declaration of function 'decode' [-Wimplicit-function-declaration]
   if (decode(c, buf))
   ^
../src/Source/sys_uart.c: At top level:
../src/Source/sys_uart.c:59:1: error: expected '=', ',', ';', 'asm' or '__attribute__' at end of input
 b
 ^
make: ** [src/Source/sys_uart.o] Erro 1
01:13:28 **** Incremental Build of configuration Debug for project Template ****
make all 
Building file: ../src/Source/sys_uart.c
Invoking: Cross ARM C Compiler
arm-none-eabi-gcc -mcpu=cortex-m4 -mthumb -mfloat-abi=hard -mfpu=fpv4-sp-d16 -O0 -fmessage-length=0 -fsigned-char -ffunction-sections -fdata-sections  -g3 -DARM_MATH_CM4 -DPART_LM4F123GH6M -DTARGET_IS_BLIZZARD_RA1 -I/home/jaga/git/JAGA/HAL/TM4C123GXL -I/home/jaga/git/JAGA/Middleware -I/home/jaga/git/JAGA/Util -std=gnu11 -MMD -MP -MF"src/Source/sys_uart.d" -MT"src/Source/sys_uart.o" -c -o "src/Source/sys_uart.o" "../src/Source/sys_uart.c"
../src/Source/sys_uart.c: In function 'UART0_Handler':
../src/Source/sys_uart.c:45:3: warning: implicit declaration of function 'decode' [-Wimplicit-function-declaration]
   if (decode(c, buf))
   ^
../src/Source/sys_uart.c: At top level:
../src/Source/sys_uart.c:59:1: error: expected '=', ',', ';', 'asm' or '__attribute__' at end of input
 b
 ^
make: ** [src/Source/sys_uart.o] Erro 1
01:13:31 **** Incremental Build of configuration Debug for project Template ****
make all 
Building file: ../src/Source/sys_uart.c
Invoking: Cross ARM C Compiler
arm-none-eabi-gcc -mcpu=cortex-m4 -mthumb -mfloat-abi=hard -mfpu=fpv4-sp-d16 -O0 -fmessage-length=0 -fsigned-char -ffunction-sections -fdata-sections  -g3 -DARM_MATH_CM4 -DPART_LM4F123GH6M -DTARGET_IS_BLIZZARD_RA1 -I/home/jaga/git/JAGA/HAL/TM4C123GXL -I/home/jaga/git/JAGA/Middleware -I/home/jaga/git/JAGA/Util -std=gnu11 -MMD -MP -MF"src/Source/sys_uart.d" -MT"src/Source/sys_uart.o" -c -o "src/Source/sys_uart.o" "../src/Source/sys_uart.c"
../src/Source/sys_uart.c: In function 'UART0_Handler':
../src/Source/sys_uart.c:45:3: warning: implicit declaration of function 'decode' [-Wimplicit-function-declaration]
   if (decode(c, buf))
   ^
Finished building: ../src/Source/sys_uart.c
 
Building target: Template.elf
Invoking: Cross ARM C Linker
arm-none-eabi-gcc -mcpu=cortex-m4 -mthumb -mfloat-abi=hard -mfpu=fpv4-sp-d16 -O0 -fmessage-length=0 -fsigned-char -ffunction-sections -fdata-sections  -g3 -T "/home/jaga/git/JAGA/Boards/TM4C123GXL/workspace/Template/src/Source/main.ld" -nostartfiles -Xlinker --gc-sections -Wl,-Map,"Template.map" -o "Template.elf"  ./src/Source/app_control.o ./src/Source/app_him.o ./src/Source/app_info.o ./src/Source/main.o ./src/Source/startup_gcc.o ./src/Source/sys_ad.o ./src/Source/sys_gpio.o ./src/Source/sys_hw.o ./src/Source/sys_i2c.o ./src/Source/sys_mcu.o ./src/Source/sys_pwm.o ./src/Source/sys_spi.o ./src/Source/sys_timer.o ./src/Source/sys_uart.o  ./Util/crc/crc.o  ./TM4C123GXL/uart/hal_uart.o  ./TM4C123GXL/systick/hal_systick.o  ./TM4C123GXL/gpio/hal_gpio.o  ./TM4C123GXL/delay/hal_delay.o  ./Middleware/serial/serial.o  ./Middleware/leds/leds.o  ./Middleware/lcd/lcd.o  ./Middleware/info_hw/info_hw.o  ./Middleware/buttons/buttons.o   
./src/Source/sys_uart.o: In function `UART0_Handler':
/home/jaga/git/JAGA/Boards/TM4C123GXL/workspace/Template/Debug/../src/Source/sys_uart.c:45: undefined reference to `decode'
collect2: error: ld returned 1 exit status
make: ** [Template.elf] Erro 1
01:13:48 **** Incremental Build of configuration Debug for project Template ****
make all 
Building file: ../src/Source/sys_uart.c
Invoking: Cross ARM C Compiler
arm-none-eabi-gcc -mcpu=cortex-m4 -mthumb -mfloat-abi=hard -mfpu=fpv4-sp-d16 -O0 -fmessage-length=0 -fsigned-char -ffunction-sections -fdata-sections  -g3 -DARM_MATH_CM4 -DPART_LM4F123GH6M -DTARGET_IS_BLIZZARD_RA1 -I/home/jaga/git/JAGA/HAL/TM4C123GXL -I/home/jaga/git/JAGA/Middleware -I/home/jaga/git/JAGA/Util -std=gnu11 -MMD -MP -MF"src/Source/sys_uart.d" -MT"src/Source/sys_uart.o" -c -o "src/Source/sys_uart.o" "../src/Source/sys_uart.c"
Finished building: ../src/Source/sys_uart.c
 
Building target: Template.elf
Invoking: Cross ARM C Linker
arm-none-eabi-gcc -mcpu=cortex-m4 -mthumb -mfloat-abi=hard -mfpu=fpv4-sp-d16 -O0 -fmessage-length=0 -fsigned-char -ffunction-sections -fdata-sections  -g3 -T "/home/jaga/git/JAGA/Boards/TM4C123GXL/workspace/Template/src/Source/main.ld" -nostartfiles -Xlinker --gc-sections -Wl,-Map,"Template.map" -o "Template.elf"  ./src/Source/app_control.o ./src/Source/app_him.o ./src/Source/app_info.o ./src/Source/main.o ./src/Source/startup_gcc.o ./src/Source/sys_ad.o ./src/Source/sys_gpio.o ./src/Source/sys_hw.o ./src/Source/sys_i2c.o ./src/Source/sys_mcu.o ./src/Source/sys_pwm.o ./src/Source/sys_spi.o ./src/Source/sys_timer.o ./src/Source/sys_uart.o  ./Util/crc/crc.o  ./TM4C123GXL/uart/hal_uart.o  ./TM4C123GXL/systick/hal_systick.o  ./TM4C123GXL/gpio/hal_gpio.o  ./TM4C123GXL/delay/hal_delay.o  ./Middleware/serial/serial.o  ./Middleware/leds/leds.o  ./Middleware/lcd/lcd.o  ./Middleware/info_hw/info_hw.o  ./Middleware/buttons/buttons.o   
Finished building target: Template.elf
 
Invoking: Cross ARM GNU Create Flash Image
arm-none-eabi-objcopy -O ihex "Template.elf"  "Template.hex"
Finished building: Template.hex
 
Invoking: Cross ARM GNU Print Size
arm-none-eabi-size --format=berkeley "Template.elf"
   text	   data	    bss	    dec	    hex	filename
   5356	    160	    720	   6236	   185c	Template.elf
Finished building: Template.siz
 
16:41:49 **** Incremental Build of configuration Debug for project Template ****
make all 
Invoking: Cross ARM GNU Print Size
arm-none-eabi-size --format=berkeley "Template.elf"
   text	   data	    bss	    dec	    hex	filename
   5356	    160	    720	   6236	   185c	Template.elf
Finished building: Template.siz
 
16:43:31 **** Incremental Build of configuration Debug for project Template ****
make all 
Invoking: Cross ARM GNU Print Size
arm-none-eabi-size --format=berkeley "Template.elf"
   text	   data	    bss	    dec	    hex	filename
   5356	    160	    720	   6236	   185c	Template.elf
Finished building: Template.siz
 
16:44:27 **** Incremental Build of configuration Debug for project Template ****
make all 
Invoking: Cross ARM GNU Print Size
arm-none-eabi-size --format=berkeley "Template.elf"
   text	   data	    bss	    dec	    hex	filename
   5356	    160	    720	   6236	   185c	Template.elf
Finished building: Template.siz
 
16:44:36 **** Incremental Build of configuration Debug for project Template ****
make all 
Invoking: Cross ARM GNU Print Size
arm-none-eabi-size --format=berkeley "Template.elf"
   text	   data	    bss	    dec	    hex	filename
   5356	    160	    720	   6236	   185c	Template.elf
Finished building: Template.siz
 
16:46:36 **** Incremental Build of configuration Debug for project Template ****
make all 
Building file: ../src/Source/app_him.c
Invoking: Cross ARM C Compiler
arm-none-eabi-gcc -mcpu=cortex-m4 -mthumb -mfloat-abi=hard -mfpu=fpv4-sp-d16 -O0 -fmessage-length=0 -fsigned-char -ffunction-sections -fdata-sections  -g3 -DARM_MATH_CM4 -DPART_LM4F123GH6M -DTARGET_IS_BLIZZARD_RA1 -I/home/jaga/git/JAGA/HAL/TM4C123GXL -I/home/jaga/git/JAGA/Middleware -I/home/jaga/git/JAGA/Util -std=gnu11 -MMD -MP -MF"src/Source/app_him.d" -MT"src/Source/app_him.o" -c -o "src/Source/app_him.o" "../src/Source/app_him.c"
Finished building: ../src/Source/app_him.c
 
Building target: Template.elf
Invoking: Cross ARM C Linker
arm-none-eabi-gcc -mcpu=cortex-m4 -mthumb -mfloat-abi=hard -mfpu=fpv4-sp-d16 -O0 -fmessage-length=0 -fsigned-char -ffunction-sections -fdata-sections  -g3 -T "/home/jaga/git/JAGA/Boards/TM4C123GXL/workspace/Template/src/Source/main.ld" -nostartfiles -Xlinker --gc-sections -Wl,-Map,"Template.map" -o "Template.elf"  ./src/Source/app_control.o ./src/Source/app_him.o ./src/Source/app_info.o ./src/Source/main.o ./src/Source/startup_gcc.o ./src/Source/sys_ad.o ./src/Source/sys_gpio.o ./src/Source/sys_hw.o ./src/Source/sys_i2c.o ./src/Source/sys_mcu.o ./src/Source/sys_pwm.o ./src/Source/sys_spi.o ./src/Source/sys_timer.o ./src/Source/sys_uart.o  ./Util/crc/crc.o  ./TM4C123GXL/uart/hal_uart.o  ./TM4C123GXL/systick/hal_systick.o  ./TM4C123GXL/gpio/hal_gpio.o  ./TM4C123GXL/delay/hal_delay.o  ./Middleware/serial/serial.o  ./Middleware/leds/leds.o  ./Middleware/lcd/lcd.o  ./Middleware/info_hw/info_hw.o  ./Middleware/buttons/buttons.o   
Finished building target: Template.elf
 
Invoking: Cross ARM GNU Create Flash Image
arm-none-eabi-objcopy -O ihex "Template.elf"  "Template.hex"
Finished building: Template.hex
 
Invoking: Cross ARM GNU Print Size
arm-none-eabi-size --format=berkeley "Template.elf"
   text	   data	    bss	    dec	    hex	filename
   5400	    160	    724	   6284	   188c	Template.elf
Finished building: Template.siz
 
17:12:29 **** Incremental Build of configuration Debug for project Template ****
make all 
Invoking: Cross ARM GNU Print Size
arm-none-eabi-size --format=berkeley "Template.elf"
   text	   data	    bss	    dec	    hex	filename
   5400	    160	    724	   6284	   188c	Template.elf
Finished building: Template.siz
 
17:12:34 **** Incremental Build of configuration Debug for project Template ****
make all 
Building file: ../src/Source/sys_uart.c
Invoking: Cross ARM C Compiler
arm-none-eabi-gcc -mcpu=cortex-m4 -mthumb -mfloat-abi=hard -mfpu=fpv4-sp-d16 -O0 -fmessage-length=0 -fsigned-char -ffunction-sections -fdata-sections  -g3 -DARM_MATH_CM4 -DPART_LM4F123GH6M -DTARGET_IS_BLIZZARD_RA1 -I/home/jaga/git/JAGA/HAL/TM4C123GXL -I/home/jaga/git/JAGA/Middleware -I/home/jaga/git/JAGA/Util -std=gnu11 -MMD -MP -MF"src/Source/sys_uart.d" -MT"src/Source/sys_uart.o" -c -o "src/Source/sys_uart.o" "../src/Source/sys_uart.c"
../src/Source/sys_uart.c: In function 'UART0_Handler':
../src/Source/sys_uart.c:46:3: warning: implicit declaration of function 'uart_putc' [-Wimplicit-function-declaration]
   uart_putc(c);
   ^
Finished building: ../src/Source/sys_uart.c
 
Building target: Template.elf
Invoking: Cross ARM C Linker
arm-none-eabi-gcc -mcpu=cortex-m4 -mthumb -mfloat-abi=hard -mfpu=fpv4-sp-d16 -O0 -fmessage-length=0 -fsigned-char -ffunction-sections -fdata-sections  -g3 -T "/home/jaga/git/JAGA/Boards/TM4C123GXL/workspace/Template/src/Source/main.ld" -nostartfiles -Xlinker --gc-sections -Wl,-Map,"Template.map" -o "Template.elf"  ./src/Source/app_control.o ./src/Source/app_him.o ./src/Source/app_info.o ./src/Source/main.o ./src/Source/startup_gcc.o ./src/Source/sys_ad.o ./src/Source/sys_gpio.o ./src/Source/sys_hw.o ./src/Source/sys_i2c.o ./src/Source/sys_mcu.o ./src/Source/sys_pwm.o ./src/Source/sys_spi.o ./src/Source/sys_timer.o ./src/Source/sys_uart.o  ./Util/crc/crc.o  ./TM4C123GXL/uart/hal_uart.o  ./TM4C123GXL/systick/hal_systick.o  ./TM4C123GXL/gpio/hal_gpio.o  ./TM4C123GXL/delay/hal_delay.o  ./Middleware/serial/serial.o  ./Middleware/leds/leds.o  ./Middleware/lcd/lcd.o  ./Middleware/info_hw/info_hw.o  ./Middleware/buttons/buttons.o   
Finished building target: Template.elf
 
Invoking: Cross ARM GNU Create Flash Image
arm-none-eabi-objcopy -O ihex "Template.elf"  "Template.hex"
Finished building: Template.hex
 
Invoking: Cross ARM GNU Print Size
arm-none-eabi-size --format=berkeley "Template.elf"
   text	   data	    bss	    dec	    hex	filename
   5452	    160	    724	   6336	   18c0	Template.elf
Finished building: Template.siz
 
17:14:38 **** Incremental Build of configuration Debug for project Template ****
make all 
Invoking: Cross ARM GNU Print Size
arm-none-eabi-size --format=berkeley "Template.elf"
   text	   data	    bss	    dec	    hex	filename
   5452	    160	    724	   6336	   18c0	Template.elf
Finished building: Template.siz
 
17:14:44 **** Incremental Build of configuration Debug for project Template ****
make all 
Building file: ../src/Source/sys_hw.c
Invoking: Cross ARM C Compiler
arm-none-eabi-gcc -mcpu=cortex-m4 -mthumb -mfloat-abi=hard -mfpu=fpv4-sp-d16 -O0 -fmessage-length=0 -fsigned-char -ffunction-sections -fdata-sections  -g3 -DARM_MATH_CM4 -DPART_LM4F123GH6M -DTARGET_IS_BLIZZARD_RA1 -I/home/jaga/git/JAGA/HAL/TM4C123GXL -I/home/jaga/git/JAGA/Middleware -I/home/jaga/git/JAGA/Util -std=gnu11 -MMD -MP -MF"src/Source/sys_hw.d" -MT"src/Source/sys_hw.o" -c -o "src/Source/sys_hw.o" "../src/Source/sys_hw.c"
../src/Source/sys_hw.c: In function 'init_devices':
../src/Source/sys_hw.c:40:2: warning: implicit declaration of function 'serial_init' [-Wimplicit-function-declaration]
  serial_init();
  ^
../src/Source/sys_hw.c:41:2: warning: implicit declaration of function 'serial_attach' [-Wimplicit-function-declaration]
  serial_attach(0, uart_putc);
  ^
../src/Source/sys_hw.c:41:19: error: 'uart_putc' undeclared (first use in this function)
  serial_attach(0, uart_putc);
                   ^
../src/Source/sys_hw.c:41:19: note: each undeclared identifier is reported only once for each function it appears in
make: ** [src/Source/sys_hw.o] Erro 1
17:14:50 **** Incremental Build of configuration Debug for project Template ****
make all 
Building file: ../src/Source/sys_hw.c
Invoking: Cross ARM C Compiler
arm-none-eabi-gcc -mcpu=cortex-m4 -mthumb -mfloat-abi=hard -mfpu=fpv4-sp-d16 -O0 -fmessage-length=0 -fsigned-char -ffunction-sections -fdata-sections  -g3 -DARM_MATH_CM4 -DPART_LM4F123GH6M -DTARGET_IS_BLIZZARD_RA1 -I/home/jaga/git/JAGA/HAL/TM4C123GXL -I/home/jaga/git/JAGA/Middleware -I/home/jaga/git/JAGA/Util -std=gnu11 -MMD -MP -MF"src/Source/sys_hw.d" -MT"src/Source/sys_hw.o" -c -o "src/Source/sys_hw.o" "../src/Source/sys_hw.c"
../src/Source/sys_hw.c: In function 'init_devices':
../src/Source/sys_hw.c:40:2: warning: implicit declaration of function 'serial_init' [-Wimplicit-function-declaration]
  serial_init();
  ^
../src/Source/sys_hw.c:41:2: warning: implicit declaration of function 'serial_attach' [-Wimplicit-function-declaration]
  serial_attach(0, uart_putc);
  ^
../src/Source/sys_hw.c:41:19: error: 'uart_putc' undeclared (first use in this function)
  serial_attach(0, uart_putc);
                   ^
../src/Source/sys_hw.c:41:19: note: each undeclared identifier is reported only once for each function it appears in
make: ** [src/Source/sys_hw.o] Erro 1
17:15:07 **** Incremental Build of configuration Debug for project Template ****
make all 
Building file: ../src/Source/main.c
Invoking: Cross ARM C Compiler
arm-none-eabi-gcc -mcpu=cortex-m4 -mthumb -mfloat-abi=hard -mfpu=fpv4-sp-d16 -O0 -fmessage-length=0 -fsigned-char -ffunction-sections -fdata-sections  -g3 -DARM_MATH_CM4 -DPART_LM4F123GH6M -DTARGET_IS_BLIZZARD_RA1 -I/home/jaga/git/JAGA/HAL/TM4C123GXL -I/home/jaga/git/JAGA/Middleware -I/home/jaga/git/JAGA/Util -std=gnu11 -MMD -MP -MF"src/Source/main.d" -MT"src/Source/main.o" -c -o "src/Source/main.o" "../src/Source/main.c"
Finished building: ../src/Source/main.c
 
Building file: ../src/Source/sys_hw.c
Invoking: Cross ARM C Compiler
arm-none-eabi-gcc -mcpu=cortex-m4 -mthumb -mfloat-abi=hard -mfpu=fpv4-sp-d16 -O0 -fmessage-length=0 -fsigned-char -ffunction-sections -fdata-sections  -g3 -DARM_MATH_CM4 -DPART_LM4F123GH6M -DTARGET_IS_BLIZZARD_RA1 -I/home/jaga/git/JAGA/HAL/TM4C123GXL -I/home/jaga/git/JAGA/Middleware -I/home/jaga/git/JAGA/Util -std=gnu11 -MMD -MP -MF"src/Source/sys_hw.d" -MT"src/Source/sys_hw.o" -c -o "src/Source/sys_hw.o" "../src/Source/sys_hw.c"
../src/Source/sys_hw.c: In function 'init_devices':
../src/Source/sys_hw.c:41:19: error: 'uart_putc' undeclared (first use in this function)
  serial_attach(0, uart_putc);
                   ^
../src/Source/sys_hw.c:41:19: note: each undeclared identifier is reported only once for each function it appears in
make: ** [src/Source/sys_hw.o] Erro 1
17:15:30 **** Incremental Build of configuration Debug for project Template ****
make all 
Building file: ../src/Source/sys_hw.c
Invoking: Cross ARM C Compiler
arm-none-eabi-gcc -mcpu=cortex-m4 -mthumb -mfloat-abi=hard -mfpu=fpv4-sp-d16 -O0 -fmessage-length=0 -fsigned-char -ffunction-sections -fdata-sections  -g3 -DARM_MATH_CM4 -DPART_LM4F123GH6M -DTARGET_IS_BLIZZARD_RA1 -I/home/jaga/git/JAGA/HAL/TM4C123GXL -I/home/jaga/git/JAGA/Middleware -I/home/jaga/git/JAGA/Util -std=gnu11 -MMD -MP -MF"src/Source/sys_hw.d" -MT"src/Source/sys_hw.o" -c -o "src/Source/sys_hw.o" "../src/Source/sys_hw.c"
../src/Source/sys_hw.c: In function 'init_devices':
../src/Source/sys_hw.c:41:19: error: 'uart_putc' undeclared (first use in this function)
  serial_attach(0, uart_putc);
                   ^
../src/Source/sys_hw.c:41:19: note: each undeclared identifier is reported only once for each function it appears in
make: ** [src/Source/sys_hw.o] Erro 1
17:15:34 **** Incremental Build of configuration Debug for project Template ****
make all 
Building file: ../src/Source/sys_hw.c
Invoking: Cross ARM C Compiler
arm-none-eabi-gcc -mcpu=cortex-m4 -mthumb -mfloat-abi=hard -mfpu=fpv4-sp-d16 -O0 -fmessage-length=0 -fsigned-char -ffunction-sections -fdata-sections  -g3 -DARM_MATH_CM4 -DPART_LM4F123GH6M -DTARGET_IS_BLIZZARD_RA1 -I/home/jaga/git/JAGA/HAL/TM4C123GXL -I/home/jaga/git/JAGA/Middleware -I/home/jaga/git/JAGA/Util -std=gnu11 -MMD -MP -MF"src/Source/sys_hw.d" -MT"src/Source/sys_hw.o" -c -o "src/Source/sys_hw.o" "../src/Source/sys_hw.c"
Finished building: ../src/Source/sys_hw.c
 
Building target: Template.elf
Invoking: Cross ARM C Linker
arm-none-eabi-gcc -mcpu=cortex-m4 -mthumb -mfloat-abi=hard -mfpu=fpv4-sp-d16 -O0 -fmessage-length=0 -fsigned-char -ffunction-sections -fdata-sections  -g3 -T "/home/jaga/git/JAGA/Boards/TM4C123GXL/workspace/Template/src/Source/main.ld" -nostartfiles -Xlinker --gc-sections -Wl,-Map,"Template.map" -o "Template.elf"  ./src/Source/app_control.o ./src/Source/app_him.o ./src/Source/app_info.o ./src/Source/main.o ./src/Source/startup_gcc.o ./src/Source/sys_ad.o ./src/Source/sys_gpio.o ./src/Source/sys_hw.o ./src/Source/sys_i2c.o ./src/Source/sys_mcu.o ./src/Source/sys_pwm.o ./src/Source/sys_spi.o ./src/Source/sys_timer.o ./src/Source/sys_uart.o  ./Util/crc/crc.o  ./TM4C123GXL/uart/hal_uart.o  ./TM4C123GXL/systick/hal_systick.o  ./TM4C123GXL/gpio/hal_gpio.o  ./TM4C123GXL/delay/hal_delay.o  ./Middleware/serial/serial.o  ./Middleware/leds/leds.o  ./Middleware/lcd/lcd.o  ./Middleware/info_hw/info_hw.o  ./Middleware/buttons/buttons.o   
Finished building target: Template.elf
 
Invoking: Cross ARM GNU Create Flash Image
arm-none-eabi-objcopy -O ihex "Template.elf"  "Template.hex"
Finished building: Template.hex
 
Invoking: Cross ARM GNU Print Size
arm-none-eabi-size --format=berkeley "Template.elf"
   text	   data	    bss	    dec	    hex	filename
   5560	    160	    728	   6448	   1930	Template.elf
Finished building: Template.siz
 
17:16:01 **** Incremental Build of configuration Debug for project Template ****
make all 
Building file: ../src/Source/app_him.c
Invoking: Cross ARM C Compiler
arm-none-eabi-gcc -mcpu=cortex-m4 -mthumb -mfloat-abi=hard -mfpu=fpv4-sp-d16 -O0 -fmessage-length=0 -fsigned-char -ffunction-sections -fdata-sections  -g3 -DARM_MATH_CM4 -DPART_LM4F123GH6M -DTARGET_IS_BLIZZARD_RA1 -I/home/jaga/git/JAGA/HAL/TM4C123GXL -I/home/jaga/git/JAGA/Middleware -I/home/jaga/git/JAGA/Util -std=gnu11 -MMD -MP -MF"src/Source/app_him.d" -MT"src/Source/app_him.o" -c -o "src/Source/app_him.o" "../src/Source/app_him.c"
../src/Source/app_him.c: In function 'run_him':
../src/Source/app_him.c:33:3: warning: implicit declaration of function 'serial_printf' [-Wimplicit-function-declaration]
   serial_printf(0, (int8 *)"\r\nButton UP pressed %u times", counterA);
   ^
Finished building: ../src/Source/app_him.c
 
Building target: Template.elf
Invoking: Cross ARM C Linker
arm-none-eabi-gcc -mcpu=cortex-m4 -mthumb -mfloat-abi=hard -mfpu=fpv4-sp-d16 -O0 -fmessage-length=0 -fsigned-char -ffunction-sections -fdata-sections  -g3 -T "/home/jaga/git/JAGA/Boards/TM4C123GXL/workspace/Template/src/Source/main.ld" -nostartfiles -Xlinker --gc-sections -Wl,-Map,"Template.map" -o "Template.elf"  ./src/Source/app_control.o ./src/Source/app_him.o ./src/Source/app_info.o ./src/Source/main.o ./src/Source/startup_gcc.o ./src/Source/sys_ad.o ./src/Source/sys_gpio.o ./src/Source/sys_hw.o ./src/Source/sys_i2c.o ./src/Source/sys_mcu.o ./src/Source/sys_pwm.o ./src/Source/sys_spi.o ./src/Source/sys_timer.o ./src/Source/sys_uart.o  ./Util/crc/crc.o  ./TM4C123GXL/uart/hal_uart.o  ./TM4C123GXL/systick/hal_systick.o  ./TM4C123GXL/gpio/hal_gpio.o  ./TM4C123GXL/delay/hal_delay.o  ./Middleware/serial/serial.o  ./Middleware/leds/leds.o  ./Middleware/lcd/lcd.o  ./Middleware/info_hw/info_hw.o  ./Middleware/buttons/buttons.o   
Finished building target: Template.elf
 
Invoking: Cross ARM GNU Create Flash Image
arm-none-eabi-objcopy -O ihex "Template.elf"  "Template.hex"
Finished building: Template.hex
 
Invoking: Cross ARM GNU Print Size
arm-none-eabi-size --format=berkeley "Template.elf"
   text	   data	    bss	    dec	    hex	filename
   5964	    160	    728	   6852	   1ac4	Template.elf
Finished building: Template.siz
 
17:18:06 **** Incremental Build of configuration Debug for project Template ****
make all 
Invoking: Cross ARM GNU Print Size
arm-none-eabi-size --format=berkeley "Template.elf"
   text	   data	    bss	    dec	    hex	filename
   5964	    160	    728	   6852	   1ac4	Template.elf
Finished building: Template.siz
 
17:23:21 **** Incremental Build of configuration Debug for project Template ****
make all 
Building file: ../src/Source/sys_uart.c
Invoking: Cross ARM C Compiler
arm-none-eabi-gcc -mcpu=cortex-m4 -mthumb -mfloat-abi=hard -mfpu=fpv4-sp-d16 -O0 -fmessage-length=0 -fsigned-char -ffunction-sections -fdata-sections  -g3 -DARM_MATH_CM4 -DPART_LM4F123GH6M -DTARGET_IS_BLIZZARD_RA1 -I/home/jaga/git/JAGA/HAL/TM4C123GXL -I/home/jaga/git/JAGA/Middleware -I/home/jaga/git/JAGA/Util -std=gnu11 -MMD -MP -MF"src/Source/sys_uart.d" -MT"src/Source/sys_uart.o" -c -o "src/Source/sys_uart.o" "../src/Source/sys_uart.c"
../src/Source/sys_uart.c: In function 'UART0_Handler':
../src/Source/sys_uart.c:62:3: warning: implicit declaration of function 'uart_putc' [-Wimplicit-function-declaration]
   uart_putc(c);
   ^
Finished building: ../src/Source/sys_uart.c
 
Building target: Template.elf
Invoking: Cross ARM C Linker
arm-none-eabi-gcc -mcpu=cortex-m4 -mthumb -mfloat-abi=hard -mfpu=fpv4-sp-d16 -O0 -fmessage-length=0 -fsigned-char -ffunction-sections -fdata-sections  -g3 -T "/home/jaga/git/JAGA/Boards/TM4C123GXL/workspace/Template/src/Source/main.ld" -nostartfiles -Xlinker --gc-sections -Wl,-Map,"Template.map" -o "Template.elf"  ./src/Source/app_control.o ./src/Source/app_him.o ./src/Source/app_info.o ./src/Source/main.o ./src/Source/startup_gcc.o ./src/Source/sys_ad.o ./src/Source/sys_gpio.o ./src/Source/sys_hw.o ./src/Source/sys_i2c.o ./src/Source/sys_mcu.o ./src/Source/sys_pwm.o ./src/Source/sys_spi.o ./src/Source/sys_timer.o ./src/Source/sys_uart.o  ./Util/crc/crc.o  ./TM4C123GXL/uart/hal_uart.o  ./TM4C123GXL/systick/hal_systick.o  ./TM4C123GXL/gpio/hal_gpio.o  ./TM4C123GXL/delay/hal_delay.o  ./Middleware/serial/serial.o  ./Middleware/leds/leds.o  ./Middleware/lcd/lcd.o  ./Middleware/info_hw/info_hw.o  ./Middleware/buttons/buttons.o   
Finished building target: Template.elf
 
Invoking: Cross ARM GNU Create Flash Image
arm-none-eabi-objcopy -O ihex "Template.elf"  "Template.hex"
Finished building: Template.hex
 
Invoking: Cross ARM GNU Print Size
arm-none-eabi-size --format=berkeley "Template.elf"
   text	   data	    bss	    dec	    hex	filename
   6020	    160	    728	   6908	   1afc	Template.elf
Finished building: Template.siz
 
17:24:06 **** Incremental Build of configuration Debug for project Template ****
make all 
Invoking: Cross ARM GNU Print Size
arm-none-eabi-size --format=berkeley "Template.elf"
   text	   data	    bss	    dec	    hex	filename
   6020	    160	    728	   6908	   1afc	Template.elf
Finished building: Template.siz
 
17:24:46 **** Incremental Build of configuration Debug for project Template ****
make all 
Building file: ../src/Source/app_him.c
Invoking: Cross ARM C Compiler
arm-none-eabi-gcc -mcpu=cortex-m4 -mthumb -mfloat-abi=hard -mfpu=fpv4-sp-d16 -O0 -fmessage-length=0 -fsigned-char -ffunction-sections -fdata-sections  -g3 -DARM_MATH_CM4 -DPART_LM4F123GH6M -DTARGET_IS_BLIZZARD_RA1 -I/home/jaga/git/JAGA/HAL/TM4C123GXL -I/home/jaga/git/JAGA/Middleware -I/home/jaga/git/JAGA/Util -std=gnu11 -MMD -MP -MF"src/Source/app_him.d" -MT"src/Source/app_him.o" -c -o "src/Source/app_him.o" "../src/Source/app_him.c"
../src/Source/app_him.c: In function 'run_him':
../src/Source/app_him.c:47:3: warning: implicit declaration of function 'serial_printf' [-Wimplicit-function-declaration]
   serial_printf(0, (int8 *)"\r\nButton DOWN pressed %u times", counterB);
   ^
Finished building: ../src/Source/app_him.c
 
Building target: Template.elf
Invoking: Cross ARM C Linker
arm-none-eabi-gcc -mcpu=cortex-m4 -mthumb -mfloat-abi=hard -mfpu=fpv4-sp-d16 -O0 -fmessage-length=0 -fsigned-char -ffunction-sections -fdata-sections  -g3 -T "/home/jaga/git/JAGA/Boards/TM4C123GXL/workspace/Template/src/Source/main.ld" -nostartfiles -Xlinker --gc-sections -Wl,-Map,"Template.map" -o "Template.elf"  ./src/Source/app_control.o ./src/Source/app_him.o ./src/Source/app_info.o ./src/Source/main.o ./src/Source/startup_gcc.o ./src/Source/sys_ad.o ./src/Source/sys_gpio.o ./src/Source/sys_hw.o ./src/Source/sys_i2c.o ./src/Source/sys_mcu.o ./src/Source/sys_pwm.o ./src/Source/sys_spi.o ./src/Source/sys_timer.o ./src/Source/sys_uart.o  ./Util/crc/crc.o  ./TM4C123GXL/uart/hal_uart.o  ./TM4C123GXL/systick/hal_systick.o  ./TM4C123GXL/gpio/hal_gpio.o  ./TM4C123GXL/delay/hal_delay.o  ./Middleware/serial/serial.o  ./Middleware/leds/leds.o  ./Middleware/lcd/lcd.o  ./Middleware/info_hw/info_hw.o  ./Middleware/buttons/buttons.o   
Finished building target: Template.elf
 
Invoking: Cross ARM GNU Create Flash Image
arm-none-eabi-objcopy -O ihex "Template.elf"  "Template.hex"
Finished building: Template.hex
 
Invoking: Cross ARM GNU Print Size
arm-none-eabi-size --format=berkeley "Template.elf"
   text	   data	    bss	    dec	    hex	filename
   5968	    160	    728	   6856	   1ac8	Template.elf
Finished building: Template.siz
 
17:25:09 **** Incremental Build of configuration Debug for project Template ****
make all 
Invoking: Cross ARM GNU Print Size
arm-none-eabi-size --format=berkeley "Template.elf"
   text	   data	    bss	    dec	    hex	filename
   5968	    160	    728	   6856	   1ac8	Template.elf
Finished building: Template.siz
 
17:26:38 **** Incremental Build of configuration Debug for project Template ****
make all 
Building file: ../src/Source/sys_uart.c
Invoking: Cross ARM C Compiler
arm-none-eabi-gcc -mcpu=cortex-m4 -mthumb -mfloat-abi=hard -mfpu=fpv4-sp-d16 -O0 -fmessage-length=0 -fsigned-char -ffunction-sections -fdata-sections  -g3 -DARM_MATH_CM4 -DPART_LM4F123GH6M -DTARGET_IS_BLIZZARD_RA1 -I/home/jaga/git/JAGA/HAL/TM4C123GXL -I/home/jaga/git/JAGA/Middleware -I/home/jaga/git/JAGA/Util -std=gnu11 -MMD -MP -MF"src/Source/sys_uart.d" -MT"src/Source/sys_uart.o" -c -o "src/Source/sys_uart.o" "../src/Source/sys_uart.c"
../src/Source/sys_uart.c: In function 'UART0_Handler':
../src/Source/sys_uart.c:50:3: warning: implicit declaration of function 'uart_putc' [-Wimplicit-function-declaration]
   uart_putc(c);
   ^
Finished building: ../src/Source/sys_uart.c
 
Building target: Template.elf
Invoking: Cross ARM C Linker
arm-none-eabi-gcc -mcpu=cortex-m4 -mthumb -mfloat-abi=hard -mfpu=fpv4-sp-d16 -O0 -fmessage-length=0 -fsigned-char -ffunction-sections -fdata-sections  -g3 -T "/home/jaga/git/JAGA/Boards/TM4C123GXL/workspace/Template/src/Source/main.ld" -nostartfiles -Xlinker --gc-sections -Wl,-Map,"Template.map" -o "Template.elf"  ./src/Source/app_control.o ./src/Source/app_him.o ./src/Source/app_info.o ./src/Source/main.o ./src/Source/startup_gcc.o ./src/Source/sys_ad.o ./src/Source/sys_gpio.o ./src/Source/sys_hw.o ./src/Source/sys_i2c.o ./src/Source/sys_mcu.o ./src/Source/sys_pwm.o ./src/Source/sys_spi.o ./src/Source/sys_timer.o ./src/Source/sys_uart.o  ./Util/crc/crc.o  ./TM4C123GXL/uart/hal_uart.o  ./TM4C123GXL/systick/hal_systick.o  ./TM4C123GXL/gpio/hal_gpio.o  ./TM4C123GXL/delay/hal_delay.o  ./Middleware/serial/serial.o  ./Middleware/leds/leds.o  ./Middleware/lcd/lcd.o  ./Middleware/info_hw/info_hw.o  ./Middleware/buttons/buttons.o   
Finished building target: Template.elf
 
Invoking: Cross ARM GNU Create Flash Image
arm-none-eabi-objcopy -O ihex "Template.elf"  "Template.hex"
Finished building: Template.hex
 
Invoking: Cross ARM GNU Print Size
arm-none-eabi-size --format=berkeley "Template.elf"
   text	   data	    bss	    dec	    hex	filename
   5912	    160	    728	   6800	   1a90	Template.elf
Finished building: Template.siz
 
17:27:08 **** Incremental Build of configuration Debug for project Template ****
make all 
Building file: ../src/Source/sys_uart.c
Invoking: Cross ARM C Compiler
arm-none-eabi-gcc -mcpu=cortex-m4 -mthumb -mfloat-abi=hard -mfpu=fpv4-sp-d16 -O0 -fmessage-length=0 -fsigned-char -ffunction-sections -fdata-sections  -g3 -DARM_MATH_CM4 -DPART_LM4F123GH6M -DTARGET_IS_BLIZZARD_RA1 -I/home/jaga/git/JAGA/HAL/TM4C123GXL -I/home/jaga/git/JAGA/Middleware -I/home/jaga/git/JAGA/Util -std=gnu11 -MMD -MP -MF"src/Source/sys_uart.d" -MT"src/Source/sys_uart.o" -c -o "src/Source/sys_uart.o" "../src/Source/sys_uart.c"
../src/Source/sys_uart.c: In function 'UART0_Handler':
../src/Source/sys_uart.c:62:3: warning: implicit declaration of function 'uart_putc' [-Wimplicit-function-declaration]
   uart_putc(c);
   ^
Finished building: ../src/Source/sys_uart.c
 
Building target: Template.elf
Invoking: Cross ARM C Linker
arm-none-eabi-gcc -mcpu=cortex-m4 -mthumb -mfloat-abi=hard -mfpu=fpv4-sp-d16 -O0 -fmessage-length=0 -fsigned-char -ffunction-sections -fdata-sections  -g3 -T "/home/jaga/git/JAGA/Boards/TM4C123GXL/workspace/Template/src/Source/main.ld" -nostartfiles -Xlinker --gc-sections -Wl,-Map,"Template.map" -o "Template.elf"  ./src/Source/app_control.o ./src/Source/app_him.o ./src/Source/app_info.o ./src/Source/main.o ./src/Source/startup_gcc.o ./src/Source/sys_ad.o ./src/Source/sys_gpio.o ./src/Source/sys_hw.o ./src/Source/sys_i2c.o ./src/Source/sys_mcu.o ./src/Source/sys_pwm.o ./src/Source/sys_spi.o ./src/Source/sys_timer.o ./src/Source/sys_uart.o  ./Util/crc/crc.o  ./TM4C123GXL/uart/hal_uart.o  ./TM4C123GXL/systick/hal_systick.o  ./TM4C123GXL/gpio/hal_gpio.o  ./TM4C123GXL/delay/hal_delay.o  ./Middleware/serial/serial.o  ./Middleware/leds/leds.o  ./Middleware/lcd/lcd.o  ./Middleware/info_hw/info_hw.o  ./Middleware/buttons/buttons.o   
Finished building target: Template.elf
 
Invoking: Cross ARM GNU Create Flash Image
arm-none-eabi-objcopy -O ihex "Template.elf"  "Template.hex"
Finished building: Template.hex
 
Invoking: Cross ARM GNU Print Size
arm-none-eabi-size --format=berkeley "Template.elf"
   text	   data	    bss	    dec	    hex	filename
   5968	    160	    728	   6856	   1ac8	Template.elf
Finished building: Template.siz
 
17:29:21 **** Incremental Build of configuration Debug for project Template ****
make all 
Building file: ../src/Source/sys_uart.c
Invoking: Cross ARM C Compiler
arm-none-eabi-gcc -mcpu=cortex-m4 -mthumb -mfloat-abi=hard -mfpu=fpv4-sp-d16 -O0 -fmessage-length=0 -fsigned-char -ffunction-sections -fdata-sections  -g3 -DARM_MATH_CM4 -DPART_LM4F123GH6M -DTARGET_IS_BLIZZARD_RA1 -I/home/jaga/git/JAGA/HAL/TM4C123GXL -I/home/jaga/git/JAGA/Middleware -I/home/jaga/git/JAGA/Util -std=gnu11 -MMD -MP -MF"src/Source/sys_uart.d" -MT"src/Source/sys_uart.o" -c -o "src/Source/sys_uart.o" "../src/Source/sys_uart.c"
../src/Source/sys_uart.c: In function 'UART0_Handler':
../src/Source/sys_uart.c:111:4: warning: implicit declaration of function 'lcd_gotoxy' [-Wimplicit-function-declaration]
    lcd_gotoxy(1, 1);
    ^
../src/Source/sys_uart.c:112:4: warning: implicit declaration of function 'lcd_printf' [-Wimplicit-function-declaration]
    lcd_printf((int8 *)"\fUART Message:  ");
    ^
Finished building: ../src/Source/sys_uart.c
 
Building target: Template.elf
Invoking: Cross ARM C Linker
arm-none-eabi-gcc -mcpu=cortex-m4 -mthumb -mfloat-abi=hard -mfpu=fpv4-sp-d16 -O0 -fmessage-length=0 -fsigned-char -ffunction-sections -fdata-sections  -g3 -T "/home/jaga/git/JAGA/Boards/TM4C123GXL/workspace/Template/src/Source/main.ld" -nostartfiles -Xlinker --gc-sections -Wl,-Map,"Template.map" -o "Template.elf"  ./src/Source/app_control.o ./src/Source/app_him.o ./src/Source/app_info.o ./src/Source/main.o ./src/Source/startup_gcc.o ./src/Source/sys_ad.o ./src/Source/sys_gpio.o ./src/Source/sys_hw.o ./src/Source/sys_i2c.o ./src/Source/sys_mcu.o ./src/Source/sys_pwm.o ./src/Source/sys_spi.o ./src/Source/sys_timer.o ./src/Source/sys_uart.o  ./Util/crc/crc.o  ./TM4C123GXL/uart/hal_uart.o  ./TM4C123GXL/systick/hal_systick.o  ./TM4C123GXL/gpio/hal_gpio.o  ./TM4C123GXL/delay/hal_delay.o  ./Middleware/serial/serial.o  ./Middleware/leds/leds.o  ./Middleware/lcd/lcd.o  ./Middleware/info_hw/info_hw.o  ./Middleware/buttons/buttons.o   
Finished building target: Template.elf
 
Invoking: Cross ARM GNU Create Flash Image
arm-none-eabi-objcopy -O ihex "Template.elf"  "Template.hex"
Finished building: Template.hex
 
Invoking: Cross ARM GNU Print Size
arm-none-eabi-size --format=berkeley "Template.elf"
   text	   data	    bss	    dec	    hex	filename
   6172	    160	    740	   7072	   1ba0	Template.elf
Finished building: Template.siz
 
17:30:36 **** Incremental Build of configuration Debug for project Template ****
make all 
Building file: ../src/Source/sys_uart.c
Invoking: Cross ARM C Compiler
arm-none-eabi-gcc -mcpu=cortex-m4 -mthumb -mfloat-abi=hard -mfpu=fpv4-sp-d16 -O0 -fmessage-length=0 -fsigned-char -ffunction-sections -fdata-sections  -g3 -DARM_MATH_CM4 -DPART_LM4F123GH6M -DTARGET_IS_BLIZZARD_RA1 -I/home/jaga/git/JAGA/HAL/TM4C123GXL -I/home/jaga/git/JAGA/Middleware -I/home/jaga/git/JAGA/Util -std=gnu11 -MMD -MP -MF"src/Source/sys_uart.d" -MT"src/Source/sys_uart.o" -c -o "src/Source/sys_uart.o" "../src/Source/sys_uart.c"
../src/Source/sys_uart.c: In function 'UART0_Handler':
../src/Source/sys_uart.c:111:4: warning: implicit declaration of function 'lcd_gotoxy' [-Wimplicit-function-declaration]
    lcd_gotoxy(1, 1);
    ^
../src/Source/sys_uart.c:112:4: warning: implicit declaration of function 'lcd_printf' [-Wimplicit-function-declaration]
    lcd_printf((int8 *)"\fUART Message:  ");
    ^
Finished building: ../src/Source/sys_uart.c
 
Building target: Template.elf
Invoking: Cross ARM C Linker
arm-none-eabi-gcc -mcpu=cortex-m4 -mthumb -mfloat-abi=hard -mfpu=fpv4-sp-d16 -O0 -fmessage-length=0 -fsigned-char -ffunction-sections -fdata-sections  -g3 -T "/home/jaga/git/JAGA/Boards/TM4C123GXL/workspace/Template/src/Source/main.ld" -nostartfiles -Xlinker --gc-sections -Wl,-Map,"Template.map" -o "Template.elf"  ./src/Source/app_control.o ./src/Source/app_him.o ./src/Source/app_info.o ./src/Source/main.o ./src/Source/startup_gcc.o ./src/Source/sys_ad.o ./src/Source/sys_gpio.o ./src/Source/sys_hw.o ./src/Source/sys_i2c.o ./src/Source/sys_mcu.o ./src/Source/sys_pwm.o ./src/Source/sys_spi.o ./src/Source/sys_timer.o ./src/Source/sys_uart.o  ./Util/crc/crc.o  ./TM4C123GXL/uart/hal_uart.o  ./TM4C123GXL/systick/hal_systick.o  ./TM4C123GXL/gpio/hal_gpio.o  ./TM4C123GXL/delay/hal_delay.o  ./Middleware/serial/serial.o  ./Middleware/leds/leds.o  ./Middleware/lcd/lcd.o  ./Middleware/info_hw/info_hw.o  ./Middleware/buttons/buttons.o   
Finished building target: Template.elf
 
Invoking: Cross ARM GNU Create Flash Image
arm-none-eabi-objcopy -O ihex "Template.elf"  "Template.hex"
Finished building: Template.hex
 
Invoking: Cross ARM GNU Print Size
arm-none-eabi-size --format=berkeley "Template.elf"
   text	   data	    bss	    dec	    hex	filename
   6172	    160	    744	   7076	   1ba4	Template.elf
Finished building: Template.siz
 
08:32:19 **** Incremental Build of configuration Debug for project Template ****
make all 
Building file: ../src/Source/app_him.c
Invoking: Cross ARM C Compiler
arm-none-eabi-gcc -mcpu=cortex-m4 -mthumb -mfloat-abi=hard -mfpu=fpv4-sp-d16 -O0 -fmessage-length=0 -fsigned-char -ffunction-sections -fdata-sections  -g3 -DARM_MATH_CM4 -DPART_LM4F123GH6M -DTARGET_IS_BLIZZARD_RA1 -I/home/jaga/git/JAGA/HAL/TM4C123GXL -I/home/jaga/git/JAGA/Middleware -I/home/jaga/git/JAGA/Util -std=gnu11 -MMD -MP -MF"src/Source/app_him.d" -MT"src/Source/app_him.o" -c -o "src/Source/app_him.o" "../src/Source/app_him.c"
Finished building: ../src/Source/app_him.c
 
Building target: Template.elf
Invoking: Cross ARM C Linker
[...]
          uart0_rx_callback = func;
                            ^
Finished building: /home/jaga/git/JAGA/HAL/TM4C123GXL/uart/hal_uart.c
 
Building target: Template.elf
Invoking: Cross ARM C Linker
arm-none-eabi-gcc -mcpu=cortex-m4 -mthumb -mfloat-abi=hard -mfpu=fpv4-sp-d16 -O0 -fmessage-length=0 -fsigned-char -ffunction-sections -fdata-sections  -g3 -T "/home/jaga/git/JAGA/Boards/TM4C123GXL/workspace/Template/src/Source/main.ld" -nostartfiles -Xlinker --gc-sections -Wl,-Map,"Template.map" -o "Template.elf"  ./src/Source/app_control.o ./src/Source/app_him.o ./src/Source/app_info.o ./src/Source/main.o ./src/Source/startup_gcc.o ./src/Source/sys_ad.o ./src/Source/sys_gpio.o ./src/Source/sys_hw.o ./src/Source/sys_i2c.o ./src/Source/sys_mcu.o ./src/Source/sys_pwm.o ./src/Source/sys_spi.o ./src/Source/sys_timer.o ./src/Source/sys_uart.o  ./Util/crc/crc.o  ./TM4C123GXL/uart/hal_uart.o  ./TM4C123GXL/systick/hal_systick.o  ./TM4C123GXL/gpio/hal_gpio.o  ./TM4C123GXL/delay/hal_delay.o  ./Middleware/serial/serial.o  ./Middleware/leds/leds.o  ./Middleware/lcd/lcd.o  ./Middleware/info_hw/info_hw.o  ./Middleware/buttons/buttons.o   
Finished building target: Template.elf
 
Invoking: Cross ARM GNU Create Flash Image
arm-none-eabi-objcopy -O ihex "Template.elf"  "Template.hex"
Finished building: Template.hex
 
Invoking: Cross ARM GNU Print Size
arm-none-eabi-size --format=berkeley "Template.elf"
   text	   data	    bss	    dec	    hex	filename
   6800	    160	    752	   7712	   1e20	Template.elf
Finished building: Template.siz
 
11:11:20 **** Incremental Build of configuration Debug for project Template ****
make all 
Invoking: Cross ARM GNU Print Size
arm-none-eabi-size --format=berkeley "Template.elf"
   text	   data	    bss	    dec	    hex	filename
   6800	    160	    752	   7712	   1e20	Template.elf
Finished building: Template.siz
 
11:12:58 **** Incremental Build of configuration Debug for project Template ****
make all 
Building file: ../src/Source/main.c
Invoking: Cross ARM C Compiler
arm-none-eabi-gcc -mcpu=cortex-m4 -mthumb -mfloat-abi=hard -mfpu=fpv4-sp-d16 -O0 -fmessage-length=0 -fsigned-char -ffunction-sections -fdata-sections  -g3 -DARM_MATH_CM4 -DPART_LM4F123GH6M -DTARGET_IS_BLIZZARD_RA1 -I/home/jaga/git/JAGA/HAL/TM4C123GXL -I/home/jaga/git/JAGA/Middleware -I/home/jaga/git/JAGA/Util -std=gnu11 -MMD -MP -MF"src/Source/main.d" -MT"src/Source/main.o" -c -o "src/Source/main.o" "../src/Source/main.c"
Finished building: ../src/Source/main.c
 
Building file: ../src/Source/sys_uart.c
Invoking: Cross ARM C Compiler
arm-none-eabi-gcc -mcpu=cortex-m4 -mthumb -mfloat-abi=hard -mfpu=fpv4-sp-d16 -O0 -fmessage-length=0 -fsigned-char -ffunction-sections -fdata-sections  -g3 -DARM_MATH_CM4 -DPART_LM4F123GH6M -DTARGET_IS_BLIZZARD_RA1 -I/home/jaga/git/JAGA/HAL/TM4C123GXL -I/home/jaga/git/JAGA/Middleware -I/home/jaga/git/JAGA/Util -std=gnu11 -MMD -MP -MF"src/Source/sys_uart.d" -MT"src/Source/sys_uart.o" -c -o "src/Source/sys_uart.o" "../src/Source/sys_uart.c"
../src/Source/sys_uart.c: In function 'init_uart':
../src/Source/sys_uart.c:118:30: warning: passing argument 2 of 'uart_rx_set_callbak' from incompatible pointer type
  uart_rx_set_callbak(_UART0, uart0_rx);
                              ^
In file included from ../src/Source/sys_uart.c:13:0:
/home/jaga/git/JAGA/HAL/TM4C123GXL/uart/hal_uart.h:167:6: note: expected 'void (*)(void)' but argument is of type 'void (*)(uint8)'
 void uart_rx_set_callbak(uint8 module, void (*func)(void));
      ^
Finished building: ../src/Source/sys_uart.c
 
Building target: Template.elf
Invoking: Cross ARM C Linker
arm-none-eabi-gcc -mcpu=cortex-m4 -mthumb -mfloat-abi=hard -mfpu=fpv4-sp-d16 -O0 -fmessage-length=0 -fsigned-char -ffunction-sections -fdata-sections  -g3 -T "/home/jaga/git/JAGA/Boards/TM4C123GXL/workspace/Template/src/Source/main.ld" -nostartfiles -Xlinker --gc-sections -Wl,-Map,"Template.map" -o "Template.elf"  ./src/Source/app_control.o ./src/Source/app_him.o ./src/Source/app_info.o ./src/Source/main.o ./src/Source/startup_gcc.o ./src/Source/sys_ad.o ./src/Source/sys_gpio.o ./src/Source/sys_hw.o ./src/Source/sys_i2c.o ./src/Source/sys_mcu.o ./src/Source/sys_pwm.o ./src/Source/sys_spi.o ./src/Source/sys_timer.o ./src/Source/sys_uart.o  ./Util/crc/crc.o  ./TM4C123GXL/uart/hal_uart.o  ./TM4C123GXL/systick/hal_systick.o  ./TM4C123GXL/gpio/hal_gpio.o  ./TM4C123GXL/delay/hal_delay.o  ./Middleware/serial/serial.o  ./Middleware/leds/leds.o  ./Middleware/lcd/lcd.o  ./Middleware/info_hw/info_hw.o  ./Middleware/buttons/buttons.o   
Finished building target: Template.elf
 
Invoking: Cross ARM GNU Create Flash Image
arm-none-eabi-objcopy -O ihex "Template.elf"  "Template.hex"
Finished building: Template.hex
 
Invoking: Cross ARM GNU Print Size
arm-none-eabi-size --format=berkeley "Template.elf"
   text	   data	    bss	    dec	    hex	filename
   6748	    160	    752	   7660	   1dec	Template.elf
Finished building: Template.siz
 
11:13:09 **** Incremental Build of configuration Debug for project Template ****
make all 
Invoking: Cross ARM GNU Print Size
arm-none-eabi-size --format=berkeley "Template.elf"
   text	   data	    bss	    dec	    hex	filename
   6748	    160	    752	   7660	   1dec	Template.elf
Finished building: Template.siz
 
11:14:03 **** Incremental Build of configuration Debug for project Template ****
make all 
Building file: /home/jaga/git/JAGA/HAL/TM4C123GXL/uart/hal_uart.c
Invoking: Cross ARM C Compiler
arm-none-eabi-gcc -mcpu=cortex-m4 -mthumb -mfloat-abi=hard -mfpu=fpv4-sp-d16 -O0 -fmessage-length=0 -fsigned-char -ffunction-sections -fdata-sections  -g3 -DARM_MATH_CM4 -DPART_LM4F123GH6M -DTARGET_IS_BLIZZARD_RA1 -I"/home/jaga/git/JAGA/Boards/TM4C123GXL/workspace/Template/src/Header" -I/home/jaga/git/JAGA/Middleware -I"/home/jaga/git/JAGA/Boards/TM4C123GXL/workspace/Template/src/Source" -I/home/jaga/git/JAGA/Util -I/home/jaga/git/JAGA/HAL/TM4C123GXL -std=gnu11 -MMD -MP -MF"TM4C123GXL/uart/hal_uart.d" -MT"TM4C123GXL/uart/hal_uart.o" -c -o "TM4C123GXL/uart/hal_uart.o" "/home/jaga/git/JAGA/HAL/TM4C123GXL/uart/hal_uart.c"
/home/jaga/git/JAGA/HAL/TM4C123GXL/uart/hal_uart.c: In function 'uart_rx_set_callbak':
/home/jaga/git/JAGA/HAL/TM4C123GXL/uart/hal_uart.c:39:28: warning: assignment from incompatible pointer type
          uart0_rx_callback = func;
                            ^
Finished building: /home/jaga/git/JAGA/HAL/TM4C123GXL/uart/hal_uart.c
 
Building target: Template.elf
Invoking: Cross ARM C Linker
arm-none-eabi-gcc -mcpu=cortex-m4 -mthumb -mfloat-abi=hard -mfpu=fpv4-sp-d16 -O0 -fmessage-length=0 -fsigned-char -ffunction-sections -fdata-sections  -g3 -T "/home/jaga/git/JAGA/Boards/TM4C123GXL/workspace/Template/src/Source/main.ld" -nostartfiles -Xlinker --gc-sections -Wl,-Map,"Template.map" -o "Template.elf"  ./src/Source/app_control.o ./src/Source/app_him.o ./src/Source/app_info.o ./src/Source/main.o ./src/Source/startup_gcc.o ./src/Source/sys_ad.o ./src/Source/sys_gpio.o ./src/Source/sys_hw.o ./src/Source/sys_i2c.o ./src/Source/sys_mcu.o ./src/Source/sys_pwm.o ./src/Source/sys_spi.o ./src/Source/sys_timer.o ./src/Source/sys_uart.o  ./Util/crc/crc.o  ./TM4C123GXL/uart/hal_uart.o  ./TM4C123GXL/systick/hal_systick.o  ./TM4C123GXL/gpio/hal_gpio.o  ./TM4C123GXL/delay/hal_delay.o  ./Middleware/serial/serial.o  ./Middleware/leds/leds.o  ./Middleware/lcd/lcd.o  ./Middleware/info_hw/info_hw.o  ./Middleware/buttons/buttons.o   
./src/Source/sys_hw.o: In function `init_devices':
/home/jaga/git/JAGA/Boards/TM4C123GXL/workspace/Template/Debug/../src/Source/sys_hw.c:63: undefined reference to `uart_putc'
collect2: error: ld returned 1 exit status
make: ** [Template.elf] Erro 1
11:14:15 **** Incremental Build of configuration Debug for project Template ****
make all 
Building file: ../src/Source/sys_hw.c
Invoking: Cross ARM C Compiler
arm-none-eabi-gcc -mcpu=cortex-m4 -mthumb -mfloat-abi=hard -mfpu=fpv4-sp-d16 -O0 -fmessage-length=0 -fsigned-char -ffunction-sections -fdata-sections  -g3 -DARM_MATH_CM4 -DPART_LM4F123GH6M -DTARGET_IS_BLIZZARD_RA1 -I/home/jaga/git/JAGA/HAL/TM4C123GXL -I/home/jaga/git/JAGA/Middleware -I/home/jaga/git/JAGA/Util -std=gnu11 -MMD -MP -MF"src/Source/sys_hw.d" -MT"src/Source/sys_hw.o" -c -o "src/Source/sys_hw.o" "../src/Source/sys_hw.c"
../src/Source/sys_hw.c: In function 'init_devices':
../src/Source/sys_hw.c:42:19: error: 'uart0_putc' undeclared (first use in this function)
  serial_attach(0, uart0_putc);
                   ^
../src/Source/sys_hw.c:42:19: note: each undeclared identifier is reported only once for each function it appears in
make: ** [src/Source/sys_hw.o] Erro 1
11:14:42 **** Incremental Build of configuration Debug for project Template ****
make all 
Building file: ../src/Source/sys_hw.c
Invoking: Cross ARM C Compiler
arm-none-eabi-gcc -mcpu=cortex-m4 -mthumb -mfloat-abi=hard -mfpu=fpv4-sp-d16 -O0 -fmessage-length=0 -fsigned-char -ffunction-sections -fdata-sections  -g3 -DARM_MATH_CM4 -DPART_LM4F123GH6M -DTARGET_IS_BLIZZARD_RA1 -I/home/jaga/git/JAGA/HAL/TM4C123GXL -I/home/jaga/git/JAGA/Middleware -I/home/jaga/git/JAGA/Util -std=gnu11 -MMD -MP -MF"src/Source/sys_hw.d" -MT"src/Source/sys_hw.o" -c -o "src/Source/sys_hw.o" "../src/Source/sys_hw.c"
Finished building: ../src/Source/sys_hw.c
 
Building file: ../src/Source/sys_uart.c
Invoking: Cross ARM C Compiler
arm-none-eabi-gcc -mcpu=cortex-m4 -mthumb -mfloat-abi=hard -mfpu=fpv4-sp-d16 -O0 -fmessage-length=0 -fsigned-char -ffunction-sections -fdata-sections  -g3 -DARM_MATH_CM4 -DPART_LM4F123GH6M -DTARGET_IS_BLIZZARD_RA1 -I/home/jaga/git/JAGA/HAL/TM4C123GXL -I/home/jaga/git/JAGA/Middleware -I/home/jaga/git/JAGA/Util -std=gnu11 -MMD -MP -MF"src/Source/sys_uart.d" -MT"src/Source/sys_uart.o" -c -o "src/Source/sys_uart.o" "../src/Source/sys_uart.c"
../src/Source/sys_uart.c: In function 'init_uart':
../src/Source/sys_uart.c:118:30: warning: passing argument 2 of 'uart_rx_set_callbak' from incompatible pointer type
  uart_rx_set_callbak(_UART0, uart0_rx);
                              ^
In file included from ../src/Source/sys_uart.c:13:0:
/home/jaga/git/JAGA/HAL/TM4C123GXL/uart/hal_uart.h:167:6: note: expected 'void (*)(void)' but argument is of type 'void (*)(uint8)'
 void uart_rx_set_callbak(uint8 module, void (*func)(void));
      ^
Finished building: ../src/Source/sys_uart.c
 
Building file: /home/jaga/git/JAGA/HAL/TM4C123GXL/uart/hal_uart.c
Invoking: Cross ARM C Compiler
arm-none-eabi-gcc -mcpu=cortex-m4 -mthumb -mfloat-abi=hard -mfpu=fpv4-sp-d16 -O0 -fmessage-length=0 -fsigned-char -ffunction-sections -fdata-sections  -g3 -DARM_MATH_CM4 -DPART_LM4F123GH6M -DTARGET_IS_BLIZZARD_RA1 -I"/home/jaga/git/JAGA/Boards/TM4C123GXL/workspace/Template/src/Header" -I/home/jaga/git/JAGA/Middleware -I"/home/jaga/git/JAGA/Boards/TM4C123GXL/workspace/Template/src/Source" -I/home/jaga/git/JAGA/Util -I/home/jaga/git/JAGA/HAL/TM4C123GXL -std=gnu11 -MMD -MP -MF"TM4C123GXL/uart/hal_uart.d" -MT"TM4C123GXL/uart/hal_uart.o" -c -o "TM4C123GXL/uart/hal_uart.o" "/home/jaga/git/JAGA/HAL/TM4C123GXL/uart/hal_uart.c"
/home/jaga/git/JAGA/HAL/TM4C123GXL/uart/hal_uart.c: In function 'uart_rx_set_callbak':
/home/jaga/git/JAGA/HAL/TM4C123GXL/uart/hal_uart.c:39:28: warning: assignment from incompatible pointer type
          uart0_rx_callback = func;
                            ^
Finished building: /home/jaga/git/JAGA/HAL/TM4C123GXL/uart/hal_uart.c
 
Building file: /home/jaga/git/JAGA/Middleware/serial/serial.c
Invoking: Cross ARM C Compiler
arm-none-eabi-gcc -mcpu=cortex-m4 -mthumb -mfloat-abi=hard -mfpu=fpv4-sp-d16 -O0 -fmessage-length=0 -fsigned-char -ffunction-sections -fdata-sections  -g3 -DARM_MATH_CM4 -DPART_LM4F123GH6M -DTARGET_IS_BLIZZARD_RA1 -I"/home/jaga/git/JAGA/Boards/TM4C123GXL/workspace/Template/src/Header" -I/home/jaga/git/JAGA/Middleware -I"/home/jaga/git/JAGA/Boards/TM4C123GXL/workspace/Template/src/Source" -I/home/jaga/git/JAGA/Util -I/home/jaga/git/JAGA/HAL/TM4C123GXL -std=gnu11 -MMD -MP -MF"Middleware/serial/serial.d" -MT"Middleware/serial/serial.o" -c -o "Middleware/serial/serial.o" "/home/jaga/git/JAGA/Middleware/serial/serial.c"
Finished building: /home/jaga/git/JAGA/Middleware/serial/serial.c
 
Building target: Template.elf
Invoking: Cross ARM C Linker
arm-none-eabi-gcc -mcpu=cortex-m4 -mthumb -mfloat-abi=hard -mfpu=fpv4-sp-d16 -O0 -fmessage-length=0 -fsigned-char -ffunction-sections -fdata-sections  -g3 -T "/home/jaga/git/JAGA/Boards/TM4C123GXL/workspace/Template/src/Source/main.ld" -nostartfiles -Xlinker --gc-sections -Wl,-Map,"Template.map" -o "Template.elf"  ./src/Source/app_control.o ./src/Source/app_him.o ./src/Source/app_info.o ./src/Source/main.o ./src/Source/startup_gcc.o ./src/Source/sys_ad.o ./src/Source/sys_gpio.o ./src/Source/sys_hw.o ./src/Source/sys_i2c.o ./src/Source/sys_mcu.o ./src/Source/sys_pwm.o ./src/Source/sys_spi.o ./src/Source/sys_timer.o ./src/Source/sys_uart.o  ./Util/crc/crc.o  ./TM4C123GXL/uart/hal_uart.o  ./TM4C123GXL/systick/hal_systick.o  ./TM4C123GXL/gpio/hal_gpio.o  ./TM4C123GXL/delay/hal_delay.o  ./Middleware/serial/serial.o  ./Middleware/leds/leds.o  ./Middleware/lcd/lcd.o  ./Middleware/info_hw/info_hw.o  ./Middleware/buttons/buttons.o   
Finished building target: Template.elf
 
Invoking: Cross ARM GNU Create Flash Image
arm-none-eabi-objcopy -O ihex "Template.elf"  "Template.hex"
Finished building: Template.hex
 
Invoking: Cross ARM GNU Print Size
arm-none-eabi-size --format=berkeley "Template.elf"
   text	   data	    bss	    dec	    hex	filename
   6748	    160	    752	   7660	   1dec	Template.elf
Finished building: Template.siz
 
12:42:30 **** Incremental Build of configuration Debug for project Template ****
make all 
Building file: ../src/Source/sys_hw.c
Invoking: Cross ARM C Compiler
arm-none-eabi-gcc -mcpu=cortex-m4 -mthumb -mfloat-abi=hard -mfpu=fpv4-sp-d16 -O0 -fmessage-length=0 -fsigned-char -ffunction-sections -fdata-sections  -g3 -DARM_MATH_CM4 -DPART_LM4F123GH6M -DTARGET_IS_BLIZZARD_RA1 -I/home/jaga/git/JAGA/HAL/TM4C123GXL -I/home/jaga/git/JAGA/Middleware -I/home/jaga/git/JAGA/Util -std=gnu11 -MMD -MP -MF"src/Source/sys_hw.d" -MT"src/Source/sys_hw.o" -c -o "src/Source/sys_hw.o" "../src/Source/sys_hw.c"
Finished building: ../src/Source/sys_hw.c
 
Building file: ../src/Source/sys_uart.c
Invoking: Cross ARM C Compiler
arm-none-eabi-gcc -mcpu=cortex-m4 -mthumb -mfloat-abi=hard -mfpu=fpv4-sp-d16 -O0 -fmessage-length=0 -fsigned-char -ffunction-sections -fdata-sections  -g3 -DARM_MATH_CM4 -DPART_LM4F123GH6M -DTARGET_IS_BLIZZARD_RA1 -I/home/jaga/git/JAGA/HAL/TM4C123GXL -I/home/jaga/git/JAGA/Middleware -I/home/jaga/git/JAGA/Util -std=gnu11 -MMD -MP -MF"src/Source/sys_uart.d" -MT"src/Source/sys_uart.o" -c -o "src/Source/sys_uart.o" "../src/Source/sys_uart.c"
Finished building: ../src/Source/sys_uart.c
 
Building file: /home/jaga/git/JAGA/HAL/TM4C123GXL/uart/hal_uart.c
Invoking: Cross ARM C Compiler
arm-none-eabi-gcc -mcpu=cortex-m4 -mthumb -mfloat-abi=hard -mfpu=fpv4-sp-d16 -O0 -fmessage-length=0 -fsigned-char -ffunction-sections -fdata-sections  -g3 -DARM_MATH_CM4 -DPART_LM4F123GH6M -DTARGET_IS_BLIZZARD_RA1 -I"/home/jaga/git/JAGA/Boards/TM4C123GXL/workspace/Template/src/Header" -I/home/jaga/git/JAGA/Middleware -I"/home/jaga/git/JAGA/Boards/TM4C123GXL/workspace/Template/src/Source" -I/home/jaga/git/JAGA/Util -I/home/jaga/git/JAGA/HAL/TM4C123GXL -std=gnu11 -MMD -MP -MF"TM4C123GXL/uart/hal_uart.d" -MT"TM4C123GXL/uart/hal_uart.o" -c -o "TM4C123GXL/uart/hal_uart.o" "/home/jaga/git/JAGA/HAL/TM4C123GXL/uart/hal_uart.c"
Finished building: /home/jaga/git/JAGA/HAL/TM4C123GXL/uart/hal_uart.c
 
Building file: /home/jaga/git/JAGA/Middleware/serial/serial.c
Invoking: Cross ARM C Compiler
arm-none-eabi-gcc -mcpu=cortex-m4 -mthumb -mfloat-abi=hard -mfpu=fpv4-sp-d16 -O0 -fmessage-length=0 -fsigned-char -ffunction-sections -fdata-sections  -g3 -DARM_MATH_CM4 -DPART_LM4F123GH6M -DTARGET_IS_BLIZZARD_RA1 -I"/home/jaga/git/JAGA/Boards/TM4C123GXL/workspace/Template/src/Header" -I/home/jaga/git/JAGA/Middleware -I"/home/jaga/git/JAGA/Boards/TM4C123GXL/workspace/Template/src/Source" -I/home/jaga/git/JAGA/Util -I/home/jaga/git/JAGA/HAL/TM4C123GXL -std=gnu11 -MMD -MP -MF"Middleware/serial/serial.d" -MT"Middleware/serial/serial.o" -c -o "Middleware/serial/serial.o" "/home/jaga/git/JAGA/Middleware/serial/serial.c"
Finished building: /home/jaga/git/JAGA/Middleware/serial/serial.c
 
Building target: Template.elf
Invoking: Cross ARM C Linker
arm-none-eabi-gcc -mcpu=cortex-m4 -mthumb -mfloat-abi=hard -mfpu=fpv4-sp-d16 -O0 -fmessage-length=0 -fsigned-char -ffunction-sections -fdata-sections  -g3 -T "/home/jaga/git/JAGA/Boards/TM4C123GXL/workspace/Template/src/Source/main.ld" -nostartfiles -Xlinker --gc-sections -Wl,-Map,"Template.map" -o "Template.elf"  ./src/Source/app_control.o ./src/Source/app_him.o ./src/Source/app_info.o ./src/Source/main.o ./src/Source/startup_gcc.o ./src/Source/sys_ad.o ./src/Source/sys_gpio.o ./src/Source/sys_hw.o ./src/Source/sys_i2c.o ./src/Source/sys_mcu.o ./src/Source/sys_pwm.o ./src/Source/sys_spi.o ./src/Source/sys_timer.o ./src/Source/sys_uart.o  ./Util/crc/crc.o  ./TM4C123GXL/uart/hal_uart.o  ./TM4C123GXL/systick/hal_systick.o  ./TM4C123GXL/gpio/hal_gpio.o  ./TM4C123GXL/delay/hal_delay.o  ./Middleware/serial/serial.o  ./Middleware/leds/leds.o  ./Middleware/lcd/lcd.o  ./Middleware/info_hw/info_hw.o  ./Middleware/buttons/buttons.o   
Finished building target: Template.elf
 
Invoking: Cross ARM GNU Create Flash Image
arm-none-eabi-objcopy -O ihex "Template.elf"  "Template.hex"
Finished building: Template.hex
 
Invoking: Cross ARM GNU Print Size
arm-none-eabi-size --format=berkeley "Template.elf"
   text	   data	    bss	    dec	    hex	filename
   6748	    160	    752	   7660	   1dec	Template.elf
Finished building: Template.siz
 
13:53:37 **** Incremental Build of configuration Debug for project Template ****
make all 
Building file: /home/jaga/git/JAGA/HAL/TM4C123GXL/uart/hal_uart.c
Invoking: Cross ARM C Compiler
arm-none-eabi-gcc -mcpu=cortex-m4 -mthumb -mfloat-abi=hard -mfpu=fpv4-sp-d16 -O0 -fmessage-length=0 -fsigned-char -ffunction-sections -fdata-sections  -g3 -DARM_MATH_CM4 -DPART_LM4F123GH6M -DTARGET_IS_BLIZZARD_RA1 -I"/home/jaga/git/JAGA/Boards/TM4C123GXL/workspace/Template/src/Header" -I/home/jaga/git/JAGA/Middleware -I"/home/jaga/git/JAGA/Boards/TM4C123GXL/workspace/Template/src/Source" -I/home/jaga/git/JAGA/Util -I/home/jaga/git/JAGA/HAL/TM4C123GXL -std=gnu11 -MMD -MP -MF"TM4C123GXL/uart/hal_uart.d" -MT"TM4C123GXL/uart/hal_uart.o" -c -o "TM4C123GXL/uart/hal_uart.o" "/home/jaga/git/JAGA/HAL/TM4C123GXL/uart/hal_uart.c"
Finished building: /home/jaga/git/JAGA/HAL/TM4C123GXL/uart/hal_uart.c
 
Building target: Template.elf
Invoking: Cross ARM C Linker
arm-none-eabi-gcc -mcpu=cortex-m4 -mthumb -mfloat-abi=hard -mfpu=fpv4-sp-d16 -O0 -fmessage-length=0 -fsigned-char -ffunction-sections -fdata-sections  -g3 -T "/home/jaga/git/JAGA/Boards/TM4C123GXL/workspace/Template/src/Source/main.ld" -nostartfiles -Xlinker --gc-sections -Wl,-Map,"Template.map" -o "Template.elf"  ./src/Source/app_control.o ./src/Source/app_him.o ./src/Source/app_info.o ./src/Source/main.o ./src/Source/startup_gcc.o ./src/Source/sys_ad.o ./src/Source/sys_gpio.o ./src/Source/sys_hw.o ./src/Source/sys_i2c.o ./src/Source/sys_mcu.o ./src/Source/sys_pwm.o ./src/Source/sys_spi.o ./src/Source/sys_timer.o ./src/Source/sys_uart.o  ./Util/crc/crc.o  ./TM4C123GXL/uart/hal_uart.o  ./TM4C123GXL/systick/hal_systick.o  ./TM4C123GXL/gpio/hal_gpio.o  ./TM4C123GXL/delay/hal_delay.o  ./Middleware/serial/serial.o  ./Middleware/leds/leds.o  ./Middleware/lcd/lcd.o  ./Middleware/info_hw/info_hw.o  ./Middleware/buttons/buttons.o   
Finished building target: Template.elf
 
Invoking: Cross ARM GNU Create Flash Image
arm-none-eabi-objcopy -O ihex "Template.elf"  "Template.hex"
Finished building: Template.hex
 
Invoking: Cross ARM GNU Print Size
arm-none-eabi-size --format=berkeley "Template.elf"
   text	   data	    bss	    dec	    hex	filename
   6748	    160	    752	   7660	   1dec	Template.elf
Finished building: Template.siz
 
