
Allocating common symbols
Common symbol       size              file

UN_ledsON           0x4               ./Middleware/leds/leds.o
UN_ledsBlinkSlow    0x4               ./Middleware/leds/leds.o
buttons_vector      0x40              ./Middleware/buttons/buttons.o
version             0x2               ./src/Source/app_info.o
UN_ledsBlinkFast    0x4               ./Middleware/leds/leds.o
display             0x30              ./Middleware/lcd/lcd.o
release             0x2               ./src/Source/app_info.o
serial              0x4               ./Middleware/serial/serial.o
pwd_device          0x4               ./src/Source/app_info.o
UN_ledsStatus       0x4               ./Middleware/leds/leds.o
uart0_tx_callback   0x4               ./TM4C123GXL/uart/hal_uart.o
id_device           0x4               ./src/Source/app_info.o
num_serie           0x4               ./src/Source/app_info.o
uart0_rx_callback   0x4               ./TM4C123GXL/uart/hal_uart.o

Discarded input sections

 .group         0x00000000        0x8 ./src/Source/app_control.o
 .group         0x00000000        0x8 ./src/Source/app_control.o
 .text          0x00000000        0x0 ./src/Source/app_control.o
 .data          0x00000000        0x0 ./src/Source/app_control.o
 .bss           0x00000000        0x0 ./src/Source/app_control.o
 .group         0x00000000        0x8 ./src/Source/app_him.o
 .group         0x00000000        0x8 ./src/Source/app_him.o
 .group         0x00000000        0x8 ./src/Source/app_him.o
 .group         0x00000000        0x8 ./src/Source/app_him.o
 .group         0x00000000        0x8 ./src/Source/app_him.o
 .group         0x00000000        0x8 ./src/Source/app_him.o
 .group         0x00000000        0x8 ./src/Source/app_him.o
 .group         0x00000000        0x8 ./src/Source/app_him.o
 .group         0x00000000        0x8 ./src/Source/app_him.o
 .group         0x00000000        0x8 ./src/Source/app_him.o
 .group         0x00000000        0x8 ./src/Source/app_him.o
 .group         0x00000000        0x8 ./src/Source/app_him.o
 .group         0x00000000        0x8 ./src/Source/app_him.o
 .group         0x00000000        0x8 ./src/Source/app_him.o
 .group         0x00000000        0x8 ./src/Source/app_him.o
 .text          0x00000000        0x0 ./src/Source/app_him.o
 .data          0x00000000        0x0 ./src/Source/app_him.o
 .bss           0x00000000        0x0 ./src/Source/app_him.o
 .debug_macro   0x00000000      0x886 ./src/Source/app_him.o
 .group         0x00000000        0x8 ./src/Source/app_info.o
 .group         0x00000000        0x8 ./src/Source/app_info.o
 .text          0x00000000        0x0 ./src/Source/app_info.o
 .data          0x00000000        0x0 ./src/Source/app_info.o
 .bss           0x00000000        0x0 ./src/Source/app_info.o
 .debug_macro   0x00000000      0x886 ./src/Source/app_info.o
 COMMON         0x00000000       0x10 ./src/Source/app_info.o
 .group         0x00000000        0x8 ./src/Source/main.o
 .group         0x00000000        0x8 ./src/Source/main.o
 .group         0x00000000        0x8 ./src/Source/main.o
 .group         0x00000000        0x8 ./src/Source/main.o
 .group         0x00000000        0x8 ./src/Source/main.o
 .group         0x00000000        0x8 ./src/Source/main.o
 .group         0x00000000        0x8 ./src/Source/main.o
 .group         0x00000000        0x8 ./src/Source/main.o
 .group         0x00000000        0x8 ./src/Source/main.o
 .group         0x00000000        0x8 ./src/Source/main.o
 .group         0x00000000        0x8 ./src/Source/main.o
 .group         0x00000000        0x8 ./src/Source/main.o
 .group         0x00000000        0x8 ./src/Source/main.o
 .group         0x00000000        0x8 ./src/Source/main.o
 .group         0x00000000        0x8 ./src/Source/main.o
 .group         0x00000000        0x8 ./src/Source/main.o
 .group         0x00000000        0x8 ./src/Source/main.o
 .group         0x00000000        0x8 ./src/Source/main.o
 .text          0x00000000        0x0 ./src/Source/main.o
 .data          0x00000000        0x0 ./src/Source/main.o
 .bss           0x00000000        0x0 ./src/Source/main.o
 .debug_macro   0x00000000      0x886 ./src/Source/main.o
 .debug_macro   0x00000000       0x16 ./src/Source/main.o
 .debug_macro   0x00000000       0x2e ./src/Source/main.o
 .debug_macro   0x00000000     0xb496 ./src/Source/main.o
 .debug_macro   0x00000000       0x2d ./src/Source/main.o
 .debug_macro   0x00000000       0x3b ./src/Source/main.o
 .debug_macro   0x00000000       0x22 ./src/Source/main.o
 .debug_macro   0x00000000       0x44 ./src/Source/main.o
 .debug_macro   0x00000000       0x1c ./src/Source/main.o
 .debug_macro   0x00000000      0x1f7 ./src/Source/main.o
 .debug_macro   0x00000000       0x2d ./src/Source/main.o
 .debug_macro   0x00000000       0x26 ./src/Source/main.o
 .debug_macro   0x00000000      0xd39 ./src/Source/main.o
 .debug_macro   0x00000000      0x330 ./src/Source/main.o
 .debug_macro   0x00000000       0x52 ./src/Source/main.o
 .debug_macro   0x00000000       0x16 ./src/Source/main.o
 .group         0x00000000        0x8 ./src/Source/startup_gcc.o
 .group         0x00000000        0x8 ./src/Source/startup_gcc.o
 .group         0x00000000        0x8 ./src/Source/startup_gcc.o
 .group         0x00000000        0x8 ./src/Source/startup_gcc.o
 .group         0x00000000        0x8 ./src/Source/startup_gcc.o
 .text          0x00000000        0x0 ./src/Source/startup_gcc.o
 .data          0x00000000        0x0 ./src/Source/startup_gcc.o
 .bss           0x00000000        0x0 ./src/Source/startup_gcc.o
 .debug_macro   0x00000000      0x886 ./src/Source/startup_gcc.o
 .debug_macro   0x00000000       0x22 ./src/Source/startup_gcc.o
 .debug_macro   0x00000000       0x44 ./src/Source/startup_gcc.o
 .debug_macro   0x00000000       0x1c ./src/Source/startup_gcc.o
 .debug_macro   0x00000000      0x1f7 ./src/Source/startup_gcc.o
 .group         0x00000000        0x8 ./src/Source/sys_ad.o
 .text          0x00000000        0x0 ./src/Source/sys_ad.o
 .data          0x00000000        0x0 ./src/Source/sys_ad.o
 .bss           0x00000000        0x0 ./src/Source/sys_ad.o
 .debug_macro   0x00000000      0x886 ./src/Source/sys_ad.o
 .group         0x00000000        0x8 ./src/Source/sys_gpio.o
 .group         0x00000000        0x8 ./src/Source/sys_gpio.o
 .group         0x00000000        0x8 ./src/Source/sys_gpio.o
 .group         0x00000000        0x8 ./src/Source/sys_gpio.o
 .group         0x00000000        0x8 ./src/Source/sys_gpio.o
 .group         0x00000000        0x8 ./src/Source/sys_gpio.o
 .group         0x00000000        0x8 ./src/Source/sys_gpio.o
 .group         0x00000000        0x8 ./src/Source/sys_gpio.o
 .group         0x00000000        0x8 ./src/Source/sys_gpio.o
 .group         0x00000000        0x8 ./src/Source/sys_gpio.o
 .group         0x00000000        0x8 ./src/Source/sys_gpio.o
 .group         0x00000000        0x8 ./src/Source/sys_gpio.o
 .group         0x00000000        0x8 ./src/Source/sys_gpio.o
 .group         0x00000000        0x8 ./src/Source/sys_gpio.o
 .text          0x00000000        0x0 ./src/Source/sys_gpio.o
 .data          0x00000000        0x0 ./src/Source/sys_gpio.o
 .bss           0x00000000        0x0 ./src/Source/sys_gpio.o
 .debug_macro   0x00000000      0x886 ./src/Source/sys_gpio.o
 .debug_macro   0x00000000       0x58 ./src/Source/sys_gpio.o
 .debug_macro   0x00000000     0xb496 ./src/Source/sys_gpio.o
 .debug_macro   0x00000000       0x2d ./src/Source/sys_gpio.o
 .debug_macro   0x00000000       0x3b ./src/Source/sys_gpio.o
 .debug_macro   0x00000000       0x22 ./src/Source/sys_gpio.o
 .debug_macro   0x00000000       0x44 ./src/Source/sys_gpio.o
 .debug_macro   0x00000000       0x1c ./src/Source/sys_gpio.o
 .debug_macro   0x00000000      0x1f7 ./src/Source/sys_gpio.o
 .debug_macro   0x00000000       0x2d ./src/Source/sys_gpio.o
 .debug_macro   0x00000000       0x26 ./src/Source/sys_gpio.o
 .debug_macro   0x00000000      0xd39 ./src/Source/sys_gpio.o
 .debug_macro   0x00000000      0x330 ./src/Source/sys_gpio.o
 .group         0x00000000        0x8 ./src/Source/sys_hw.o
 .group         0x00000000        0x8 ./src/Source/sys_hw.o
 .group         0x00000000        0x8 ./src/Source/sys_hw.o
 .group         0x00000000        0x8 ./src/Source/sys_hw.o
 .group         0x00000000        0x8 ./src/Source/sys_hw.o
 .group         0x00000000        0x8 ./src/Source/sys_hw.o
 .group         0x00000000        0x8 ./src/Source/sys_hw.o
 .group         0x00000000        0x8 ./src/Source/sys_hw.o
 .group         0x00000000        0x8 ./src/Source/sys_hw.o
 .group         0x00000000        0x8 ./src/Source/sys_hw.o
 .group         0x00000000        0x8 ./src/Source/sys_hw.o
 .group         0x00000000        0x8 ./src/Source/sys_hw.o
 .group         0x00000000        0x8 ./src/Source/sys_hw.o
 .group         0x00000000        0x8 ./src/Source/sys_hw.o
 .group         0x00000000        0x8 ./src/Source/sys_hw.o
 .group         0x00000000        0x8 ./src/Source/sys_hw.o
 .group         0x00000000        0x8 ./src/Source/sys_hw.o
 .group         0x00000000        0x8 ./src/Source/sys_hw.o
 .text          0x00000000        0x0 ./src/Source/sys_hw.o
 .data          0x00000000        0x0 ./src/Source/sys_hw.o
 .bss           0x00000000        0x0 ./src/Source/sys_hw.o
 .debug_macro   0x00000000      0x886 ./src/Source/sys_hw.o
 .debug_macro   0x00000000       0x16 ./src/Source/sys_hw.o
 .debug_macro   0x00000000       0x2e ./src/Source/sys_hw.o
 .debug_macro   0x00000000     0xb496 ./src/Source/sys_hw.o
 .debug_macro   0x00000000       0x2d ./src/Source/sys_hw.o
 .debug_macro   0x00000000       0x3b ./src/Source/sys_hw.o
 .debug_macro   0x00000000       0x22 ./src/Source/sys_hw.o
 .debug_macro   0x00000000       0x44 ./src/Source/sys_hw.o
 .debug_macro   0x00000000       0x1c ./src/Source/sys_hw.o
 .debug_macro   0x00000000      0x1f7 ./src/Source/sys_hw.o
 .debug_macro   0x00000000       0x2d ./src/Source/sys_hw.o
 .debug_macro   0x00000000       0x26 ./src/Source/sys_hw.o
 .debug_macro   0x00000000      0xd39 ./src/Source/sys_hw.o
 .debug_macro   0x00000000      0x330 ./src/Source/sys_hw.o
 .debug_macro   0x00000000       0x52 ./src/Source/sys_hw.o
 .debug_macro   0x00000000       0x16 ./src/Source/sys_hw.o
 .debug_macro   0x00000000       0x58 ./src/Source/sys_hw.o
 .group         0x00000000        0x8 ./src/Source/sys_i2c.o
 .text          0x00000000        0x0 ./src/Source/sys_i2c.o
 .data          0x00000000        0x0 ./src/Source/sys_i2c.o
 .bss           0x00000000        0x0 ./src/Source/sys_i2c.o
 .debug_macro   0x00000000      0x886 ./src/Source/sys_i2c.o
 .group         0x00000000        0x8 ./src/Source/sys_mcu.o
 .group         0x00000000        0x8 ./src/Source/sys_mcu.o
 .group         0x00000000        0x8 ./src/Source/sys_mcu.o
 .group         0x00000000        0x8 ./src/Source/sys_mcu.o
 .group         0x00000000        0x8 ./src/Source/sys_mcu.o
 .group         0x00000000        0x8 ./src/Source/sys_mcu.o
 .group         0x00000000        0x8 ./src/Source/sys_mcu.o
 .group         0x00000000        0x8 ./src/Source/sys_mcu.o
 .group         0x00000000        0x8 ./src/Source/sys_mcu.o
 .group         0x00000000        0x8 ./src/Source/sys_mcu.o
 .group         0x00000000        0x8 ./src/Source/sys_mcu.o
 .group         0x00000000        0x8 ./src/Source/sys_mcu.o
 .text          0x00000000        0x0 ./src/Source/sys_mcu.o
 .data          0x00000000        0x0 ./src/Source/sys_mcu.o
 .bss           0x00000000        0x0 ./src/Source/sys_mcu.o
 .debug_macro   0x00000000      0x886 ./src/Source/sys_mcu.o
 .debug_macro   0x00000000     0xb496 ./src/Source/sys_mcu.o
 .debug_macro   0x00000000       0x2d ./src/Source/sys_mcu.o
 .debug_macro   0x00000000       0x3b ./src/Source/sys_mcu.o
 .debug_macro   0x00000000       0x22 ./src/Source/sys_mcu.o
 .debug_macro   0x00000000       0x44 ./src/Source/sys_mcu.o
 .debug_macro   0x00000000       0x1c ./src/Source/sys_mcu.o
 .debug_macro   0x00000000      0x1f7 ./src/Source/sys_mcu.o
 .debug_macro   0x00000000       0x2d ./src/Source/sys_mcu.o
 .debug_macro   0x00000000       0x26 ./src/Source/sys_mcu.o
 .debug_macro   0x00000000      0xd39 ./src/Source/sys_mcu.o
 .debug_macro   0x00000000      0x330 ./src/Source/sys_mcu.o
 .group         0x00000000        0x8 ./src/Source/sys_pwm.o
 .text          0x00000000        0x0 ./src/Source/sys_pwm.o
 .data          0x00000000        0x0 ./src/Source/sys_pwm.o
 .bss           0x00000000        0x0 ./src/Source/sys_pwm.o
 .debug_macro   0x00000000      0x886 ./src/Source/sys_pwm.o
 .group         0x00000000        0x8 ./src/Source/sys_spi.o
 .text          0x00000000        0x0 ./src/Source/sys_spi.o
 .data          0x00000000        0x0 ./src/Source/sys_spi.o
 .bss           0x00000000        0x0 ./src/Source/sys_spi.o
 .text.init_spi
                0x00000000        0xc ./src/Source/sys_spi.o
 .debug_info    0x00000000       0x3b ./src/Source/sys_spi.o
 .debug_abbrev  0x00000000       0x2f ./src/Source/sys_spi.o
 .debug_aranges
                0x00000000       0x20 ./src/Source/sys_spi.o
 .debug_ranges  0x00000000       0x10 ./src/Source/sys_spi.o
 .debug_macro   0x00000000       0x1b ./src/Source/sys_spi.o
 .debug_macro   0x00000000      0x886 ./src/Source/sys_spi.o
 .debug_line    0x00000000       0x6d ./src/Source/sys_spi.o
 .debug_str     0x00000000     0x2529 ./src/Source/sys_spi.o
 .comment       0x00000000       0x71 ./src/Source/sys_spi.o
 .debug_frame   0x00000000       0x30 ./src/Source/sys_spi.o
 .ARM.attributes
                0x00000000       0x39 ./src/Source/sys_spi.o
 .group         0x00000000        0x8 ./src/Source/sys_timer.o
 .text          0x00000000        0x0 ./src/Source/sys_timer.o
 .data          0x00000000        0x0 ./src/Source/sys_timer.o
 .bss           0x00000000        0x0 ./src/Source/sys_timer.o
 .debug_macro   0x00000000      0x886 ./src/Source/sys_timer.o
 .group         0x00000000        0x8 ./src/Source/sys_uart.o
 .group         0x00000000        0x8 ./src/Source/sys_uart.o
 .group         0x00000000        0x8 ./src/Source/sys_uart.o
 .group         0x00000000        0x8 ./src/Source/sys_uart.o
 .group         0x00000000        0x8 ./src/Source/sys_uart.o
 .group         0x00000000        0x8 ./src/Source/sys_uart.o
 .group         0x00000000        0x8 ./src/Source/sys_uart.o
 .group         0x00000000        0x8 ./src/Source/sys_uart.o
 .group         0x00000000        0x8 ./src/Source/sys_uart.o
 .group         0x00000000        0x8 ./src/Source/sys_uart.o
 .group         0x00000000        0x8 ./src/Source/sys_uart.o
 .group         0x00000000        0x8 ./src/Source/sys_uart.o
 .group         0x00000000        0x8 ./src/Source/sys_uart.o
 .group         0x00000000        0x8 ./src/Source/sys_uart.o
 .group         0x00000000        0x8 ./src/Source/sys_uart.o
 .text          0x00000000        0x0 ./src/Source/sys_uart.o
 .data          0x00000000        0x0 ./src/Source/sys_uart.o
 .bss           0x00000000        0x0 ./src/Source/sys_uart.o
 .text.uart0_tx
                0x00000000        0xc ./src/Source/sys_uart.o
 .debug_macro   0x00000000      0x886 ./src/Source/sys_uart.o
 .debug_macro   0x00000000       0x58 ./src/Source/sys_uart.o
 .debug_macro   0x00000000     0xb496 ./src/Source/sys_uart.o
 .debug_macro   0x00000000       0x2d ./src/Source/sys_uart.o
 .debug_macro   0x00000000       0x3b ./src/Source/sys_uart.o
 .debug_macro   0x00000000       0x22 ./src/Source/sys_uart.o
 .debug_macro   0x00000000       0x44 ./src/Source/sys_uart.o
 .debug_macro   0x00000000       0x1c ./src/Source/sys_uart.o
 .debug_macro   0x00000000      0x1f7 ./src/Source/sys_uart.o
 .debug_macro   0x00000000       0x2d ./src/Source/sys_uart.o
 .debug_macro   0x00000000       0x26 ./src/Source/sys_uart.o
 .debug_macro   0x00000000      0xd39 ./src/Source/sys_uart.o
 .debug_macro   0x00000000      0x330 ./src/Source/sys_uart.o
 .debug_macro   0x00000000       0x28 ./src/Source/sys_uart.o
 .group         0x00000000        0x8 ./Util/crc/crc.o
 .text          0x00000000        0x0 ./Util/crc/crc.o
 .data          0x00000000        0x0 ./Util/crc/crc.o
 .bss           0x00000000        0x0 ./Util/crc/crc.o
 .text.crc_calculo
                0x00000000       0x60 ./Util/crc/crc.o
 .text.crc_calcula_buff
                0x00000000       0x44 ./Util/crc/crc.o
 .debug_info    0x00000000      0x260 ./Util/crc/crc.o
 .debug_abbrev  0x00000000       0xfc ./Util/crc/crc.o
 .debug_aranges
                0x00000000       0x28 ./Util/crc/crc.o
 .debug_ranges  0x00000000       0x18 ./Util/crc/crc.o
 .debug_macro   0x00000000       0x2f ./Util/crc/crc.o
 .debug_macro   0x00000000      0x886 ./Util/crc/crc.o
 .debug_line    0x00000000       0xdb ./Util/crc/crc.o
 .debug_str     0x00000000     0x262d ./Util/crc/crc.o
 .comment       0x00000000       0x71 ./Util/crc/crc.o
 .debug_frame   0x00000000       0x5c ./Util/crc/crc.o
 .ARM.attributes
                0x00000000       0x39 ./Util/crc/crc.o
 .group         0x00000000        0x8 ./TM4C123GXL/uart/hal_uart.o
 .group         0x00000000        0x8 ./TM4C123GXL/uart/hal_uart.o
 .group         0x00000000        0x8 ./TM4C123GXL/uart/hal_uart.o
 .group         0x00000000        0x8 ./TM4C123GXL/uart/hal_uart.o
 .group         0x00000000        0x8 ./TM4C123GXL/uart/hal_uart.o
 .group         0x00000000        0x8 ./TM4C123GXL/uart/hal_uart.o
 .group         0x00000000        0x8 ./TM4C123GXL/uart/hal_uart.o
 .group         0x00000000        0x8 ./TM4C123GXL/uart/hal_uart.o
 .group         0x00000000        0x8 ./TM4C123GXL/uart/hal_uart.o
 .group         0x00000000        0x8 ./TM4C123GXL/uart/hal_uart.o
 .group         0x00000000        0x8 ./TM4C123GXL/uart/hal_uart.o
 .group         0x00000000        0x8 ./TM4C123GXL/uart/hal_uart.o
 .group         0x00000000        0x8 ./TM4C123GXL/uart/hal_uart.o
 .group         0x00000000        0x8 ./TM4C123GXL/uart/hal_uart.o
 .text          0x00000000        0x0 ./TM4C123GXL/uart/hal_uart.o
 .data          0x00000000        0x0 ./TM4C123GXL/uart/hal_uart.o
 .bss           0x00000000        0x0 ./TM4C123GXL/uart/hal_uart.o
 .text.uart_tx_set_callbak
                0x00000000       0x28 ./TM4C123GXL/uart/hal_uart.o
 .text.uart0_get_data
                0x00000000       0x2c ./TM4C123GXL/uart/hal_uart.o
 .bss.buf.6401  0x00000000        0x8 ./TM4C123GXL/uart/hal_uart.o
 .debug_macro   0x00000000      0x886 ./TM4C123GXL/uart/hal_uart.o
 .debug_macro   0x00000000     0xb496 ./TM4C123GXL/uart/hal_uart.o
 .debug_macro   0x00000000       0x2d ./TM4C123GXL/uart/hal_uart.o
 .debug_macro   0x00000000       0x3b ./TM4C123GXL/uart/hal_uart.o
 .debug_macro   0x00000000       0x22 ./TM4C123GXL/uart/hal_uart.o
 .debug_macro   0x00000000       0x44 ./TM4C123GXL/uart/hal_uart.o
 .debug_macro   0x00000000       0x1c ./TM4C123GXL/uart/hal_uart.o
 .debug_macro   0x00000000      0x1f7 ./TM4C123GXL/uart/hal_uart.o
 .debug_macro   0x00000000       0x2d ./TM4C123GXL/uart/hal_uart.o
 .debug_macro   0x00000000       0x26 ./TM4C123GXL/uart/hal_uart.o
 .debug_macro   0x00000000      0xd39 ./TM4C123GXL/uart/hal_uart.o
 .debug_macro   0x00000000      0x330 ./TM4C123GXL/uart/hal_uart.o
 .debug_macro   0x00000000       0x28 ./TM4C123GXL/uart/hal_uart.o
 .debug_macro   0x00000000       0x8e ./TM4C123GXL/uart/hal_uart.o
 .group         0x00000000        0x8 ./TM4C123GXL/systick/hal_systick.o
 .group         0x00000000        0x8 ./TM4C123GXL/systick/hal_systick.o
 .group         0x00000000        0x8 ./TM4C123GXL/systick/hal_systick.o
 .group         0x00000000        0x8 ./TM4C123GXL/systick/hal_systick.o
 .group         0x00000000        0x8 ./TM4C123GXL/systick/hal_systick.o
 .group         0x00000000        0x8 ./TM4C123GXL/systick/hal_systick.o
 .group         0x00000000        0x8 ./TM4C123GXL/systick/hal_systick.o
 .group         0x00000000        0x8 ./TM4C123GXL/systick/hal_systick.o
 .group         0x00000000        0x8 ./TM4C123GXL/systick/hal_systick.o
 .group         0x00000000        0x8 ./TM4C123GXL/systick/hal_systick.o
 .group         0x00000000        0x8 ./TM4C123GXL/systick/hal_systick.o
 .group         0x00000000        0x8 ./TM4C123GXL/systick/hal_systick.o
 .group         0x00000000        0x8 ./TM4C123GXL/systick/hal_systick.o
 .text          0x00000000        0x0 ./TM4C123GXL/systick/hal_systick.o
 .data          0x00000000        0x0 ./TM4C123GXL/systick/hal_systick.o
 .bss           0x00000000        0x0 ./TM4C123GXL/systick/hal_systick.o
 .text.systick_set_reload
                0x00000000       0x34 ./TM4C123GXL/systick/hal_systick.o
 .text.systick_set_clock
                0x00000000       0x1c ./TM4C123GXL/systick/hal_systick.o
 .debug_info    0x00000000      0x117 ./TM4C123GXL/systick/hal_systick.o
 .debug_abbrev  0x00000000       0x93 ./TM4C123GXL/systick/hal_systick.o
 .debug_aranges
                0x00000000       0x28 ./TM4C123GXL/systick/hal_systick.o
 .debug_ranges  0x00000000       0x18 ./TM4C123GXL/systick/hal_systick.o
 .debug_macro   0x00000000       0xd3 ./TM4C123GXL/systick/hal_systick.o
 .debug_macro   0x00000000      0x886 ./TM4C123GXL/systick/hal_systick.o
 .debug_macro   0x00000000     0xb496 ./TM4C123GXL/systick/hal_systick.o
 .debug_macro   0x00000000       0x2d ./TM4C123GXL/systick/hal_systick.o
 .debug_macro   0x00000000       0x3b ./TM4C123GXL/systick/hal_systick.o
 .debug_macro   0x00000000       0x22 ./TM4C123GXL/systick/hal_systick.o
 .debug_macro   0x00000000       0x44 ./TM4C123GXL/systick/hal_systick.o
 .debug_macro   0x00000000       0x1c ./TM4C123GXL/systick/hal_systick.o
 .debug_macro   0x00000000      0x1f7 ./TM4C123GXL/systick/hal_systick.o
 .debug_macro   0x00000000       0x2d ./TM4C123GXL/systick/hal_systick.o
 .debug_macro   0x00000000       0x26 ./TM4C123GXL/systick/hal_systick.o
 .debug_macro   0x00000000      0xd39 ./TM4C123GXL/systick/hal_systick.o
 .debug_macro   0x00000000      0x330 ./TM4C123GXL/systick/hal_systick.o
 .debug_macro   0x00000000       0x28 ./TM4C123GXL/systick/hal_systick.o
 .debug_line    0x00000000      0x326 ./TM4C123GXL/systick/hal_systick.o
 .debug_str     0x00000000    0x44635 ./TM4C123GXL/systick/hal_systick.o
 .comment       0x00000000       0x71 ./TM4C123GXL/systick/hal_systick.o
 .debug_frame   0x00000000       0x5c ./TM4C123GXL/systick/hal_systick.o
 .ARM.attributes
                0x00000000       0x39 ./TM4C123GXL/systick/hal_systick.o
 .group         0x00000000        0x8 ./TM4C123GXL/gpio/hal_gpio.o
 .group         0x00000000        0x8 ./TM4C123GXL/gpio/hal_gpio.o
 .group         0x00000000        0x8 ./TM4C123GXL/gpio/hal_gpio.o
 .group         0x00000000        0x8 ./TM4C123GXL/gpio/hal_gpio.o
 .group         0x00000000        0x8 ./TM4C123GXL/gpio/hal_gpio.o
 .group         0x00000000        0x8 ./TM4C123GXL/gpio/hal_gpio.o
 .group         0x00000000        0x8 ./TM4C123GXL/gpio/hal_gpio.o
 .group         0x00000000        0x8 ./TM4C123GXL/gpio/hal_gpio.o
 .group         0x00000000        0x8 ./TM4C123GXL/gpio/hal_gpio.o
 .group         0x00000000        0x8 ./TM4C123GXL/gpio/hal_gpio.o
 .group         0x00000000        0x8 ./TM4C123GXL/gpio/hal_gpio.o
 .group         0x00000000        0x8 ./TM4C123GXL/gpio/hal_gpio.o
 .group         0x00000000        0x8 ./TM4C123GXL/gpio/hal_gpio.o
 .text          0x00000000        0x0 ./TM4C123GXL/gpio/hal_gpio.o
 .data          0x00000000        0x0 ./TM4C123GXL/gpio/hal_gpio.o
 .bss           0x00000000        0x0 ./TM4C123GXL/gpio/hal_gpio.o
 .data.ref_PORTA
                0x00000000        0x4 ./TM4C123GXL/gpio/hal_gpio.o
 .data.ref_TRISA
                0x00000000        0x4 ./TM4C123GXL/gpio/hal_gpio.o
 .data.rA0      0x00000000       0x10 ./TM4C123GXL/gpio/hal_gpio.o
 .data.rA1      0x00000000       0x10 ./TM4C123GXL/gpio/hal_gpio.o
 .data.rA2      0x00000000       0x10 ./TM4C123GXL/gpio/hal_gpio.o
 .data.rA3      0x00000000       0x10 ./TM4C123GXL/gpio/hal_gpio.o
 .data.rA4      0x00000000       0x10 ./TM4C123GXL/gpio/hal_gpio.o
 .data.rA5      0x00000000       0x10 ./TM4C123GXL/gpio/hal_gpio.o
 .data.rA6      0x00000000       0x10 ./TM4C123GXL/gpio/hal_gpio.o
 .data.rA7      0x00000000       0x10 ./TM4C123GXL/gpio/hal_gpio.o
 .data.ref_PORTB
                0x00000000        0x4 ./TM4C123GXL/gpio/hal_gpio.o
 .data.ref_TRISB
                0x00000000        0x4 ./TM4C123GXL/gpio/hal_gpio.o
 .data.rB6      0x00000000       0x10 ./TM4C123GXL/gpio/hal_gpio.o
 .data.rB7      0x00000000       0x10 ./TM4C123GXL/gpio/hal_gpio.o
 .data.ref_PORTC
                0x00000000        0x4 ./TM4C123GXL/gpio/hal_gpio.o
 .data.ref_TRISC
                0x00000000        0x4 ./TM4C123GXL/gpio/hal_gpio.o
 .data.rC4      0x00000000       0x10 ./TM4C123GXL/gpio/hal_gpio.o
 .data.rC5      0x00000000       0x10 ./TM4C123GXL/gpio/hal_gpio.o
 .data.rC6      0x00000000       0x10 ./TM4C123GXL/gpio/hal_gpio.o
 .data.rC7      0x00000000       0x10 ./TM4C123GXL/gpio/hal_gpio.o
 .data.ref_PORTD
                0x00000000        0x4 ./TM4C123GXL/gpio/hal_gpio.o
 .data.ref_TRISD
                0x00000000        0x4 ./TM4C123GXL/gpio/hal_gpio.o
 .data.rD0      0x00000000       0x10 ./TM4C123GXL/gpio/hal_gpio.o
 .data.rD1      0x00000000       0x10 ./TM4C123GXL/gpio/hal_gpio.o
 .data.rD2      0x00000000       0x10 ./TM4C123GXL/gpio/hal_gpio.o
 .data.rD3      0x00000000       0x10 ./TM4C123GXL/gpio/hal_gpio.o
 .data.rD4      0x00000000       0x10 ./TM4C123GXL/gpio/hal_gpio.o
 .data.rD5      0x00000000       0x10 ./TM4C123GXL/gpio/hal_gpio.o
 .data.rD6      0x00000000       0x10 ./TM4C123GXL/gpio/hal_gpio.o
 .data.rD7      0x00000000       0x10 ./TM4C123GXL/gpio/hal_gpio.o
 .data.ref_PORTE
                0x00000000        0x4 ./TM4C123GXL/gpio/hal_gpio.o
 .data.ref_TRISE
                0x00000000        0x4 ./TM4C123GXL/gpio/hal_gpio.o
 .data.rE0      0x00000000       0x10 ./TM4C123GXL/gpio/hal_gpio.o
 .data.rE1      0x00000000       0x10 ./TM4C123GXL/gpio/hal_gpio.o
 .data.rE2      0x00000000       0x10 ./TM4C123GXL/gpio/hal_gpio.o
 .data.rE3      0x00000000       0x10 ./TM4C123GXL/gpio/hal_gpio.o
 .data.rE4      0x00000000       0x10 ./TM4C123GXL/gpio/hal_gpio.o
 .data.rE5      0x00000000       0x10 ./TM4C123GXL/gpio/hal_gpio.o
 .data.ref_PORTF
                0x00000000        0x4 ./TM4C123GXL/gpio/hal_gpio.o
 .data.ref_TRISF
                0x00000000        0x4 ./TM4C123GXL/gpio/hal_gpio.o
 .data.rF3      0x00000000       0x10 ./TM4C123GXL/gpio/hal_gpio.o
 .text.V_initRefRegisters
                0x00000000        0xc ./TM4C123GXL/gpio/hal_gpio.o
 .text.GPIO_write_data
                0x00000000       0x1c ./TM4C123GXL/gpio/hal_gpio.o
 .text.GPIO_regGPIO_attach
                0x00000000       0x18 ./TM4C123GXL/gpio/hal_gpio.o
 .text.GPIO_outputBit
                0x00000000       0x44 ./TM4C123GXL/gpio/hal_gpio.o
 .text.GPIO_low
                0x00000000       0x28 ./TM4C123GXL/gpio/hal_gpio.o
 .text.GPIO_high
                0x00000000       0x28 ./TM4C123GXL/gpio/hal_gpio.o
 .text.GPIO_output_toggle
                0x00000000       0x28 ./TM4C123GXL/gpio/hal_gpio.o
 .debug_macro   0x00000000      0x886 ./TM4C123GXL/gpio/hal_gpio.o
 .debug_macro   0x00000000       0x28 ./TM4C123GXL/gpio/hal_gpio.o
 .debug_macro   0x00000000     0xb496 ./TM4C123GXL/gpio/hal_gpio.o
 .debug_macro   0x00000000       0x2d ./TM4C123GXL/gpio/hal_gpio.o
 .debug_macro   0x00000000       0x3b ./TM4C123GXL/gpio/hal_gpio.o
 .debug_macro   0x00000000       0x22 ./TM4C123GXL/gpio/hal_gpio.o
 .debug_macro   0x00000000       0x44 ./TM4C123GXL/gpio/hal_gpio.o
 .debug_macro   0x00000000       0x1c ./TM4C123GXL/gpio/hal_gpio.o
 .debug_macro   0x00000000      0x1f7 ./TM4C123GXL/gpio/hal_gpio.o
 .debug_macro   0x00000000       0x2d ./TM4C123GXL/gpio/hal_gpio.o
 .debug_macro   0x00000000       0x26 ./TM4C123GXL/gpio/hal_gpio.o
 .debug_macro   0x00000000      0xd39 ./TM4C123GXL/gpio/hal_gpio.o
 .debug_macro   0x00000000      0x330 ./TM4C123GXL/gpio/hal_gpio.o
 .group         0x00000000        0x8 ./TM4C123GXL/delay/hal_delay.o
 .group         0x00000000        0x8 ./TM4C123GXL/delay/hal_delay.o
 .group         0x00000000        0x8 ./TM4C123GXL/delay/hal_delay.o
 .group         0x00000000        0x8 ./TM4C123GXL/delay/hal_delay.o
 .group         0x00000000        0x8 ./TM4C123GXL/delay/hal_delay.o
 .group         0x00000000        0x8 ./TM4C123GXL/delay/hal_delay.o
 .group         0x00000000        0x8 ./TM4C123GXL/delay/hal_delay.o
 .group         0x00000000        0x8 ./TM4C123GXL/delay/hal_delay.o
 .group         0x00000000        0x8 ./TM4C123GXL/delay/hal_delay.o
 .group         0x00000000        0x8 ./TM4C123GXL/delay/hal_delay.o
 .group         0x00000000        0x8 ./TM4C123GXL/delay/hal_delay.o
 .group         0x00000000        0x8 ./TM4C123GXL/delay/hal_delay.o
 .text          0x00000000        0x0 ./TM4C123GXL/delay/hal_delay.o
 .data          0x00000000        0x0 ./TM4C123GXL/delay/hal_delay.o
 .bss           0x00000000        0x0 ./TM4C123GXL/delay/hal_delay.o
 .text.Delay_10ms
                0x00000000       0x24 ./TM4C123GXL/delay/hal_delay.o
 .debug_macro   0x00000000      0x886 ./TM4C123GXL/delay/hal_delay.o
 .debug_macro   0x00000000     0xb496 ./TM4C123GXL/delay/hal_delay.o
 .debug_macro   0x00000000       0x2d ./TM4C123GXL/delay/hal_delay.o
 .debug_macro   0x00000000       0x3b ./TM4C123GXL/delay/hal_delay.o
 .debug_macro   0x00000000       0x22 ./TM4C123GXL/delay/hal_delay.o
 .debug_macro   0x00000000       0x44 ./TM4C123GXL/delay/hal_delay.o
 .debug_macro   0x00000000       0x1c ./TM4C123GXL/delay/hal_delay.o
 .debug_macro   0x00000000      0x1f7 ./TM4C123GXL/delay/hal_delay.o
 .debug_macro   0x00000000       0x2d ./TM4C123GXL/delay/hal_delay.o
 .debug_macro   0x00000000       0x26 ./TM4C123GXL/delay/hal_delay.o
 .debug_macro   0x00000000      0xd39 ./TM4C123GXL/delay/hal_delay.o
 .debug_macro   0x00000000      0x330 ./TM4C123GXL/delay/hal_delay.o
 .group         0x00000000        0x8 ./Middleware/serial/serial.o
 .group         0x00000000        0x8 ./Middleware/serial/serial.o
 .group         0x00000000        0x8 ./Middleware/serial/serial.o
 .group         0x00000000        0x8 ./Middleware/serial/serial.o
 .group         0x00000000        0x8 ./Middleware/serial/serial.o
 .group         0x00000000        0x8 ./Middleware/serial/serial.o
 .group         0x00000000        0x8 ./Middleware/serial/serial.o
 .group         0x00000000        0x8 ./Middleware/serial/serial.o
 .group         0x00000000        0x8 ./Middleware/serial/serial.o
 .group         0x00000000        0x8 ./Middleware/serial/serial.o
 .group         0x00000000        0x8 ./Middleware/serial/serial.o
 .group         0x00000000        0x8 ./Middleware/serial/serial.o
 .group         0x00000000        0x8 ./Middleware/serial/serial.o
 .group         0x00000000        0x8 ./Middleware/serial/serial.o
 .group         0x00000000        0x8 ./Middleware/serial/serial.o
 .group         0x00000000        0x8 ./Middleware/serial/serial.o
 .text          0x00000000        0x0 ./Middleware/serial/serial.o
 .data          0x00000000        0x0 ./Middleware/serial/serial.o
 .bss           0x00000000        0x0 ./Middleware/serial/serial.o
 .debug_macro   0x00000000      0x886 ./Middleware/serial/serial.o
 .debug_macro   0x00000000       0x58 ./Middleware/serial/serial.o
 .debug_macro   0x00000000     0xb496 ./Middleware/serial/serial.o
 .debug_macro   0x00000000       0x2d ./Middleware/serial/serial.o
 .debug_macro   0x00000000       0x3b ./Middleware/serial/serial.o
 .debug_macro   0x00000000       0x22 ./Middleware/serial/serial.o
 .debug_macro   0x00000000       0x44 ./Middleware/serial/serial.o
 .debug_macro   0x00000000       0x1c ./Middleware/serial/serial.o
 .debug_macro   0x00000000      0x1f7 ./Middleware/serial/serial.o
 .debug_macro   0x00000000       0x2d ./Middleware/serial/serial.o
 .debug_macro   0x00000000       0x26 ./Middleware/serial/serial.o
 .debug_macro   0x00000000      0xd39 ./Middleware/serial/serial.o
 .debug_macro   0x00000000      0x330 ./Middleware/serial/serial.o
 .debug_macro   0x00000000       0x2e ./Middleware/serial/serial.o
 .debug_macro   0x00000000       0x8e ./Middleware/serial/serial.o
 .debug_macro   0x00000000       0x16 ./Middleware/serial/serial.o
 .group         0x00000000        0x8 ./Middleware/leds/leds.o
 .group         0x00000000        0x8 ./Middleware/leds/leds.o
 .group         0x00000000        0x8 ./Middleware/leds/leds.o
 .text          0x00000000        0x0 ./Middleware/leds/leds.o
 .data          0x00000000        0x0 ./Middleware/leds/leds.o
 .bss           0x00000000        0x0 ./Middleware/leds/leds.o
 .text.leds_init
                0x00000000       0x34 ./Middleware/leds/leds.o
 .debug_macro   0x00000000      0x886 ./Middleware/leds/leds.o
 .debug_macro   0x00000000       0x2e ./Middleware/leds/leds.o
 .group         0x00000000        0x8 ./Middleware/lcd/lcd.o
 .group         0x00000000        0x8 ./Middleware/lcd/lcd.o
 .group         0x00000000        0x8 ./Middleware/lcd/lcd.o
 .group         0x00000000        0x8 ./Middleware/lcd/lcd.o
 .group         0x00000000        0x8 ./Middleware/lcd/lcd.o
 .group         0x00000000        0x8 ./Middleware/lcd/lcd.o
 .group         0x00000000        0x8 ./Middleware/lcd/lcd.o
 .group         0x00000000        0x8 ./Middleware/lcd/lcd.o
 .group         0x00000000        0x8 ./Middleware/lcd/lcd.o
 .group         0x00000000        0x8 ./Middleware/lcd/lcd.o
 .group         0x00000000        0x8 ./Middleware/lcd/lcd.o
 .group         0x00000000        0x8 ./Middleware/lcd/lcd.o
 .group         0x00000000        0x8 ./Middleware/lcd/lcd.o
 .group         0x00000000        0x8 ./Middleware/lcd/lcd.o
 .group         0x00000000        0x8 ./Middleware/lcd/lcd.o
 .group         0x00000000        0x8 ./Middleware/lcd/lcd.o
 .group         0x00000000        0x8 ./Middleware/lcd/lcd.o
 .group         0x00000000        0x8 ./Middleware/lcd/lcd.o
 .group         0x00000000        0x8 ./Middleware/lcd/lcd.o
 .group         0x00000000        0x8 ./Middleware/lcd/lcd.o
 .group         0x00000000        0x8 ./Middleware/lcd/lcd.o
 .group         0x00000000        0x8 ./Middleware/lcd/lcd.o
 .group         0x00000000        0x8 ./Middleware/lcd/lcd.o
 .group         0x00000000        0x8 ./Middleware/lcd/lcd.o
 .group         0x00000000        0x8 ./Middleware/lcd/lcd.o
 .group         0x00000000        0x8 ./Middleware/lcd/lcd.o
 .group         0x00000000        0x8 ./Middleware/lcd/lcd.o
 .group         0x00000000        0x8 ./Middleware/lcd/lcd.o
 .group         0x00000000        0x8 ./Middleware/lcd/lcd.o
 .group         0x00000000        0x8 ./Middleware/lcd/lcd.o
 .group         0x00000000        0x8 ./Middleware/lcd/lcd.o
 .group         0x00000000        0x8 ./Middleware/lcd/lcd.o
 .group         0x00000000        0x8 ./Middleware/lcd/lcd.o
 .group         0x00000000        0x8 ./Middleware/lcd/lcd.o
 .group         0x00000000        0x8 ./Middleware/lcd/lcd.o
 .group         0x00000000        0x8 ./Middleware/lcd/lcd.o
 .text          0x00000000        0x0 ./Middleware/lcd/lcd.o
 .data          0x00000000        0x0 ./Middleware/lcd/lcd.o
 .bss           0x00000000        0x0 ./Middleware/lcd/lcd.o
 .debug_macro   0x00000000      0x886 ./Middleware/lcd/lcd.o
 .debug_macro   0x00000000       0x2e ./Middleware/lcd/lcd.o
 .debug_macro   0x00000000     0xb496 ./Middleware/lcd/lcd.o
 .debug_macro   0x00000000       0x2d ./Middleware/lcd/lcd.o
 .debug_macro   0x00000000       0x3b ./Middleware/lcd/lcd.o
 .debug_macro   0x00000000       0x22 ./Middleware/lcd/lcd.o
 .debug_macro   0x00000000       0x44 ./Middleware/lcd/lcd.o
 .debug_macro   0x00000000       0x1c ./Middleware/lcd/lcd.o
 .debug_macro   0x00000000      0x1f7 ./Middleware/lcd/lcd.o
 .debug_macro   0x00000000       0x2d ./Middleware/lcd/lcd.o
 .debug_macro   0x00000000       0x26 ./Middleware/lcd/lcd.o
 .debug_macro   0x00000000      0xd39 ./Middleware/lcd/lcd.o
 .debug_macro   0x00000000      0x330 ./Middleware/lcd/lcd.o
 .group         0x00000000        0x8 ./Middleware/info_hw/info_hw.o
 .text          0x00000000        0x0 ./Middleware/info_hw/info_hw.o
 .data          0x00000000        0x0 ./Middleware/info_hw/info_hw.o
 .bss           0x00000000        0x0 ./Middleware/info_hw/info_hw.o
 .debug_info    0x00000000       0x5d ./Middleware/info_hw/info_hw.o
 .debug_abbrev  0x00000000       0x1c ./Middleware/info_hw/info_hw.o
 .debug_aranges
                0x00000000       0x18 ./Middleware/info_hw/info_hw.o
 .debug_macro   0x00000000       0x2f ./Middleware/info_hw/info_hw.o
 .debug_macro   0x00000000      0x886 ./Middleware/info_hw/info_hw.o
 .debug_line    0x00000000       0xb0 ./Middleware/info_hw/info_hw.o
 .debug_str     0x00000000     0x2586 ./Middleware/info_hw/info_hw.o
 .comment       0x00000000       0x71 ./Middleware/info_hw/info_hw.o
 .ARM.attributes
                0x00000000       0x39 ./Middleware/info_hw/info_hw.o
 .group         0x00000000        0x8 ./Middleware/buttons/buttons.o
 .group         0x00000000        0x8 ./Middleware/buttons/buttons.o
 .group         0x00000000        0x8 ./Middleware/buttons/buttons.o
 .group         0x00000000        0x8 ./Middleware/buttons/buttons.o
 .group         0x00000000        0x8 ./Middleware/buttons/buttons.o
 .group         0x00000000        0x8 ./Middleware/buttons/buttons.o
 .group         0x00000000        0x8 ./Middleware/buttons/buttons.o
 .group         0x00000000        0x8 ./Middleware/buttons/buttons.o
 .group         0x00000000        0x8 ./Middleware/buttons/buttons.o
 .group         0x00000000        0x8 ./Middleware/buttons/buttons.o
 .group         0x00000000        0x8 ./Middleware/buttons/buttons.o
 .group         0x00000000        0x8 ./Middleware/buttons/buttons.o
 .group         0x00000000        0x8 ./Middleware/buttons/buttons.o
 .group         0x00000000        0x8 ./Middleware/buttons/buttons.o
 .group         0x00000000        0x8 ./Middleware/buttons/buttons.o
 .text          0x00000000        0x0 ./Middleware/buttons/buttons.o
 .data          0x00000000        0x0 ./Middleware/buttons/buttons.o
 .bss           0x00000000        0x0 ./Middleware/buttons/buttons.o
 .debug_macro   0x00000000      0x886 ./Middleware/buttons/buttons.o
 .debug_macro   0x00000000     0xb496 ./Middleware/buttons/buttons.o
 .debug_macro   0x00000000       0x2d ./Middleware/buttons/buttons.o
 .debug_macro   0x00000000       0x3b ./Middleware/buttons/buttons.o
 .debug_macro   0x00000000       0x22 ./Middleware/buttons/buttons.o
 .debug_macro   0x00000000       0x44 ./Middleware/buttons/buttons.o
 .debug_macro   0x00000000       0x1c ./Middleware/buttons/buttons.o
 .debug_macro   0x00000000      0x1f7 ./Middleware/buttons/buttons.o
 .debug_macro   0x00000000       0x2d ./Middleware/buttons/buttons.o
 .debug_macro   0x00000000       0x26 ./Middleware/buttons/buttons.o
 .debug_macro   0x00000000      0xd39 ./Middleware/buttons/buttons.o
 .debug_macro   0x00000000      0x330 ./Middleware/buttons/buttons.o
 .debug_macro   0x00000000       0x28 ./Middleware/buttons/buttons.o
 .debug_macro   0x00000000       0x10 ./Middleware/buttons/buttons.o
 .debug_macro   0x00000000       0x16 ./Middleware/buttons/buttons.o

Memory Configuration

Name             Origin             Length             Attributes
FLASH            0x00000000         0x00040000         xr
SRAM             0x20000000         0x00008000         xw
*default*        0x00000000         0xffffffff

Linker script and memory map

LOAD ./src/Source/app_control.o
LOAD ./src/Source/app_him.o
LOAD ./src/Source/app_info.o
LOAD ./src/Source/main.o
LOAD ./src/Source/startup_gcc.o
LOAD ./src/Source/sys_ad.o
LOAD ./src/Source/sys_gpio.o
LOAD ./src/Source/sys_hw.o
LOAD ./src/Source/sys_i2c.o
LOAD ./src/Source/sys_mcu.o
LOAD ./src/Source/sys_pwm.o
LOAD ./src/Source/sys_spi.o
LOAD ./src/Source/sys_timer.o
LOAD ./src/Source/sys_uart.o
LOAD ./Util/crc/crc.o
LOAD ./TM4C123GXL/uart/hal_uart.o
LOAD ./TM4C123GXL/systick/hal_systick.o
LOAD ./TM4C123GXL/gpio/hal_gpio.o
LOAD ./TM4C123GXL/delay/hal_delay.o
LOAD ./Middleware/serial/serial.o
LOAD ./Middleware/leds/leds.o
LOAD ./Middleware/lcd/lcd.o
LOAD ./Middleware/info_hw/info_hw.o
LOAD ./Middleware/buttons/buttons.o
START GROUP
LOAD /usr/local/gcc-arm-none-eabi-4_9-2015q1/bin/../lib/gcc/arm-none-eabi/4.9.3/armv7e-m/fpu/libgcc.a
LOAD /usr/local/gcc-arm-none-eabi-4_9-2015q1/bin/../lib/gcc/arm-none-eabi/4.9.3/../../../../arm-none-eabi/lib/armv7e-m/fpu/libg.a
LOAD /usr/local/gcc-arm-none-eabi-4_9-2015q1/bin/../lib/gcc/arm-none-eabi/4.9.3/../../../../arm-none-eabi/lib/armv7e-m/fpu/libc.a
END GROUP
                0x00000000                PROVIDE (_intvecs_base_address, 0x0)

.intvecs        0x00000000      0x26c
 *(.intvecs)
 .intvecs       0x00000000      0x26c ./src/Source/startup_gcc.o
                0x00000000                g_pfnVectors
                0x20000000                PROVIDE (_vtable_base_address, 0x20000000)

.vtable
 *(.vtable)

.text           0x0000026c     0x1708
 CREATE_OBJECT_SYMBOLS
 *(.text)
 *(.text.*)
 .text.run_system
                0x0000026c        0xc ./src/Source/app_control.o
                0x0000026c                run_system
 .text.run_him  0x00000278      0x144 ./src/Source/app_him.o
                0x00000278                run_him
 .text.info_init
                0x000003bc        0xc ./src/Source/app_info.o
                0x000003bc                info_init
 .text.main     0x000003c8       0x18 ./src/Source/main.o
                0x000003c8                main
 .text.ResetISR
                0x000003e0       0x68 ./src/Source/startup_gcc.o
                0x000003e0                ResetISR
 .text.NmiSR    0x00000448        0x8 ./src/Source/startup_gcc.o
 .text.FaultISR
                0x00000450        0x8 ./src/Source/startup_gcc.o
 .text.IntDefaultHandler
                0x00000458        0x8 ./src/Source/startup_gcc.o
 .text.init_AD  0x00000460        0xc ./src/Source/sys_ad.o
                0x00000460                init_AD
 .text.init_gpio
                0x0000046c       0xd8 ./src/Source/sys_gpio.o
                0x0000046c                init_gpio
 .text.init_drivers
                0x00000544       0x24 ./src/Source/sys_hw.o
                0x00000544                init_drivers
 .text.init_devices
                0x00000568       0xe0 ./src/Source/sys_hw.o
                0x00000568                init_devices
 .text.init_i2c
                0x00000648        0xc ./src/Source/sys_i2c.o
                0x00000648                init_i2c
 .text.init_mcu
                0x00000654       0x90 ./src/Source/sys_mcu.o
                0x00000654                init_mcu
 .text.init_pwm
                0x000006e4        0xc ./src/Source/sys_pwm.o
                0x000006e4                init_pwm
 .text.init_timer0
                0x000006f0        0xc ./src/Source/sys_timer.o
                0x000006f0                init_timer0
 .text.decode   0x000006fc       0x84 ./src/Source/sys_uart.o
                0x000006fc                decode
 .text.uart0_rx
                0x00000780       0x58 ./src/Source/sys_uart.o
                0x00000780                uart0_rx
 .text.init_uart
                0x000007d8       0xe8 ./src/Source/sys_uart.o
                0x000007d8                init_uart
 .text.uart_rx_set_callbak
                0x000008c0       0x28 ./TM4C123GXL/uart/hal_uart.o
                0x000008c0                uart_rx_set_callbak
 .text.uart0_putc
                0x000008e8       0x30 ./TM4C123GXL/uart/hal_uart.o
                0x000008e8                uart0_putc
 .text.UART0_Handler
                0x00000918       0x4c ./TM4C123GXL/uart/hal_uart.o
                0x00000918                UART0_Handler
 .text.GPIO_regPin_outputHigh
                0x00000964       0x2c ./TM4C123GXL/gpio/hal_gpio.o
                0x00000964                GPIO_regPin_outputHigh
 .text.GPIO_regPin_outputLow
                0x00000990       0x2c ./TM4C123GXL/gpio/hal_gpio.o
                0x00000990                GPIO_regPin_outputLow
 .text.GPIO_regPin_rdBit
                0x000009bc       0x2c ./TM4C123GXL/gpio/hal_gpio.o
                0x000009bc                GPIO_regPin_rdBit
 .text.GPIO_regPin_outputBit
                0x000009e8       0x50 ./TM4C123GXL/gpio/hal_gpio.o
                0x000009e8                GPIO_regPin_outputBit
 .text.GPIO_regPin_attach
                0x00000a38       0x24 ./TM4C123GXL/gpio/hal_gpio.o
                0x00000a38                GPIO_regPin_attach
 .text.GPIO_regPin_inputBit
                0x00000a5c       0x30 ./TM4C123GXL/gpio/hal_gpio.o
                0x00000a5c                GPIO_regPin_inputBit
 .text.GPIO_regPin_setDir
                0x00000a8c       0x18 ./TM4C123GXL/gpio/hal_gpio.o
                0x00000a8c                GPIO_regPin_setDir
 .text.Delay    0x00000aa4       0x24 ./TM4C123GXL/delay/hal_delay.o
                0x00000aa4                Delay
 .text.Delay_us
                0x00000ac8       0x44 ./TM4C123GXL/delay/hal_delay.o
                0x00000ac8                Delay_us
 .text.Delay_ms
                0x00000b0c       0x48 ./TM4C123GXL/delay/hal_delay.o
                0x00000b0c                Delay_ms
 .text.serial_init
                0x00000b54       0x30 ./Middleware/serial/serial.o
                0x00000b54                serial_init
 .text.serial_attach
                0x00000b84       0x2c ./Middleware/serial/serial.o
                0x00000b84                serial_attach
 .text.serial_printPutc
                0x00000bb0       0x24 ./Middleware/serial/serial.o
                0x00000bb0                serial_printPutc
 .text.serial_printString
                0x00000bd4       0x34 ./Middleware/serial/serial.o
                0x00000bd4                serial_printString
 .text.serial_printUINT16
                0x00000c08       0x84 ./Middleware/serial/serial.o
                0x00000c08                serial_printUINT16
 .text.serial_printINT16
                0x00000c8c       0xe0 ./Middleware/serial/serial.o
                0x00000c8c                serial_printINT16
 .text.serial_printf
                0x00000d6c       0xe0 ./Middleware/serial/serial.o
                0x00000d6c                serial_printf
 .text.leds_set
                0x00000e4c      0x160 ./Middleware/leds/leds.o
                0x00000e4c                leds_set
 .text.leds_attach
                0x00000fac       0x48 ./Middleware/leds/leds.o
                0x00000fac                leds_attach
 .text.leds_action_isr_10ms
                0x00000ff4       0x60 ./Middleware/leds/leds.o
                0x00000ff4                leds_action_isr_10ms
 .text.leds_reverse
                0x00001054       0x3c ./Middleware/leds/leds.o
                0x00001054                leds_reverse
 .text.leds_on  0x00001090       0x3c ./Middleware/leds/leds.o
                0x00001090                leds_on
 .text.leds_off
                0x000010cc       0x48 ./Middleware/leds/leds.o
                0x000010cc                leds_off
 .text.leds_status
                0x00001114       0x58 ./Middleware/leds/leds.o
                0x00001114                leds_status
 .text.leds_write
                0x0000116c       0x54 ./Middleware/leds/leds.o
                0x0000116c                leds_write
 .text.lcd_attach
                0x000011c0       0xb8 ./Middleware/lcd/lcd.o
                0x000011c0                lcd_attach
 .text.lcd_init
                0x00001278       0x84 ./Middleware/lcd/lcd.o
                0x00001278                lcd_init
 .text.lcd_send_nibble
                0x000012fc       0x80 ./Middleware/lcd/lcd.o
                0x000012fc                lcd_send_nibble
 .text.lcd_send_byte
                0x0000137c       0x6c ./Middleware/lcd/lcd.o
                0x0000137c                lcd_send_byte
 .text.lcd_send_string
                0x000013e8       0x30 ./Middleware/lcd/lcd.o
                0x000013e8                lcd_send_string
 .text.lcd_gotoxy
                0x00001418       0x68 ./Middleware/lcd/lcd.o
                0x00001418                lcd_gotoxy
 .text.lcd_printf
                0x00001480      0x104 ./Middleware/lcd/lcd.o
                0x00001480                lcd_printf
 .text.lcd_print_uint16
                0x00001584       0x84 ./Middleware/lcd/lcd.o
                0x00001584                lcd_print_uint16
 .text.lcd_print_int16
                0x00001608       0xe0 ./Middleware/lcd/lcd.o
                0x00001608                lcd_print_int16
 .text.buttons_init
                0x000016e8       0x3c ./Middleware/buttons/buttons.o
                0x000016e8                buttons_init
 .text.button_attach
                0x00001724       0x48 ./Middleware/buttons/buttons.o
                0x00001724                button_attach
 .text.buttons_read_isr_10ms
                0x0000176c      0x150 ./Middleware/buttons/buttons.o
                0x0000176c                buttons_read_isr_10ms
 .text.buttons_check_press
                0x000018bc       0xb8 ./Middleware/buttons/buttons.o
                0x000018bc                buttons_check_press
                0x00001974                . = ALIGN (0x4)
 *(.ctors)
                0x00001974                . = ALIGN (0x4)
 *(.dtors)
                0x00001974                . = ALIGN (0x4)
                0x00001974                __init_array_start = .
 *(.init_array*)
                0x00001974                __init_array_end = .
 *(.init)
 *(.fini*)
                0x00001974                PROVIDE (__etext, .)
                0x00001974                PROVIDE (_etext, .)
                0x00001974                PROVIDE (etext, .)

.glue_7         0x00001974        0x0
 .glue_7        0x00000000        0x0 linker stubs

.glue_7t        0x00001974        0x0
 .glue_7t       0x00000000        0x0 linker stubs

.vfp11_veneer   0x00001974        0x0
 .vfp11_veneer  0x00000000        0x0 linker stubs

.v4_bx          0x00001974        0x0
 .v4_bx         0x00000000        0x0 linker stubs

.iplt           0x00001974        0x0
 .iplt          0x00000000        0x0 ./src/Source/app_control.o

.rodata         0x00001974       0xe8
 *(.rodata)
 .rodata        0x00001974       0xb0 ./src/Source/app_him.o
 .rodata        0x00001a24       0x14 ./src/Source/sys_hw.o
 .rodata        0x00001a38       0x20 ./src/Source/sys_uart.o
 *(.rodata*)
 .rodata.LCD_INIT_STRING
                0x00001a58        0x4 ./Middleware/lcd/lcd.o
                0x00001a58                LCD_INIT_STRING

.rel.dyn        0x00001a5c        0x0
 .rel.iplt      0x00000000        0x0 ./src/Source/app_control.o

.data           0x20000000       0xa0 load address 0x00001a5c
                0x00001a5c                __data_load__ = LOADADDR (.data)
                0x20000000                __data_start__ = .
 *(.data)
 *(.data*)
 .data.rB0      0x20000000       0x10 ./TM4C123GXL/gpio/hal_gpio.o
                0x20000000                rB0
 .data.rB1      0x20000010       0x10 ./TM4C123GXL/gpio/hal_gpio.o
                0x20000010                rB1
 .data.rB2      0x20000020       0x10 ./TM4C123GXL/gpio/hal_gpio.o
                0x20000020                rB2
 .data.rB3      0x20000030       0x10 ./TM4C123GXL/gpio/hal_gpio.o
                0x20000030                rB3
 .data.rB4      0x20000040       0x10 ./TM4C123GXL/gpio/hal_gpio.o
                0x20000040                rB4
 .data.rB5      0x20000050       0x10 ./TM4C123GXL/gpio/hal_gpio.o
                0x20000050                rB5
 .data.rF0      0x20000060       0x10 ./TM4C123GXL/gpio/hal_gpio.o
                0x20000060                rF0
 .data.rF1      0x20000070       0x10 ./TM4C123GXL/gpio/hal_gpio.o
                0x20000070                rF1
 .data.rF2      0x20000080       0x10 ./TM4C123GXL/gpio/hal_gpio.o
                0x20000080                rF2
 .data.rF4      0x20000090       0x10 ./TM4C123GXL/gpio/hal_gpio.o
                0x20000090                rF4
                0x200000a0                . = ALIGN (0x4)
                0x200000a0                __data_end__ = .

.igot.plt       0x200000a0        0x0 load address 0x00001afc
 .igot.plt      0x00000000        0x0 ./src/Source/app_control.o

.ARM.exidx      0x00001afc        0x0
                0x00001afc                __exidx_start = .
 *(.ARM.exidx* .gnu.linkonce.armexidx.*)
                0x00001afc                __exidx_end = .

.ARM.extab
 *(.ARM.extab* .gnu.linkonce.armextab.*)

.bss            0x200000a0      0x2f0
                0x200000a0                __bss_start__ = .
 *(.shbss)
 *(.bss)
 *(.bss.*)
 .bss.counterA.6462
                0x200000a0        0x2 ./src/Source/app_him.o
 .bss.counterB.6463
                0x200000a2        0x2 ./src/Source/app_him.o
 .bss.counterC.6464
                0x200000a4        0x2 ./src/Source/app_him.o
 *fill*         0x200000a6        0x2 
 .bss.pui32Stack
                0x200000a8      0x200 ./src/Source/startup_gcc.o
 .bss.status.6444
                0x200002a8        0x1 ./src/Source/sys_uart.o
 *fill*         0x200002a9        0x3 
 .bss.ind.6443  0x200002ac        0x4 ./src/Source/sys_uart.o
 .bss.buf.6453  0x200002b0        0x8 ./src/Source/sys_uart.o
 .bss.leds      0x200002b8       0x40 ./Middleware/leds/leds.o
                0x200002b8                leds
 .bss.UI8_timerLedSlowReverseCounter.4456
                0x200002f8        0x1 ./Middleware/leds/leds.o
 .bss.UI8_timerLedFastReverseCounter.4457
                0x200002f9        0x1 ./Middleware/leds/leds.o
 *fill*         0x200002fa        0x2 
 .bss.buttons   0x200002fc        0x4 ./Middleware/buttons/buttons.o
 .bss.buttons_read
                0x20000300        0x4 ./Middleware/buttons/buttons.o
 *(COMMON)
 COMMON         0x20000304        0x8 ./TM4C123GXL/uart/hal_uart.o
                0x20000304                uart0_tx_callback
                0x20000308                uart0_rx_callback
 COMMON         0x2000030c        0x4 ./Middleware/serial/serial.o
                0x2000030c                serial
 COMMON         0x20000310       0x10 ./Middleware/leds/leds.o
                0x20000310                UN_ledsON
                0x20000314                UN_ledsBlinkSlow
                0x20000318                UN_ledsBlinkFast
                0x2000031c                UN_ledsStatus
 COMMON         0x20000320       0x30 ./Middleware/lcd/lcd.o
                0x20000320                display
 COMMON         0x20000350       0x40 ./Middleware/buttons/buttons.o
                0x20000350                buttons_vector
                0x20000390                . = ALIGN (0x4)
                0x20000390                __bss_end__ = .

.heap           0x20000390        0x0
                0x20000390                __heap_start__ = .
                0x20000390                end = __heap_start__
                0x20000390                _end = end
                0x20000390                __end = end
 *(.heap)
                0x20000390                __heap_end__ = .
                0x20000390                __HeapLimit = __heap_end__

.stack          0x20000390        0x0
                0x20000390                _stack = .
                0x20000390                __stack = .
 *(.stack)
OUTPUT(Template.elf elf32-littlearm)

.debug_info     0x00000000     0x2cdf
 .debug_info    0x00000000       0x3b ./src/Source/app_control.o
 .debug_info    0x0000003b      0x18e ./src/Source/app_him.o
 .debug_info    0x000001c9      0x22e ./src/Source/app_info.o
 .debug_info    0x000003f7       0xbd ./src/Source/main.o
 .debug_info    0x000004b4      0x16c ./src/Source/startup_gcc.o
 .debug_info    0x00000620       0x3b ./src/Source/sys_ad.o
 .debug_info    0x0000065b       0xd5 ./src/Source/sys_gpio.o
 .debug_info    0x00000730      0x1a9 ./src/Source/sys_hw.o
 .debug_info    0x000008d9       0x3b ./src/Source/sys_i2c.o
 .debug_info    0x00000914       0xaf ./src/Source/sys_mcu.o
 .debug_info    0x000009c3       0x3b ./src/Source/sys_pwm.o
 .debug_info    0x000009fe       0x73 ./src/Source/sys_timer.o
 .debug_info    0x00000a71      0x4ed ./src/Source/sys_uart.o
 .debug_info    0x00000f5e      0x3b7 ./TM4C123GXL/uart/hal_uart.o
 .debug_info    0x00001315      0x78a ./TM4C123GXL/gpio/hal_gpio.o
 .debug_info    0x00001a9f      0x181 ./TM4C123GXL/delay/hal_delay.o
 .debug_info    0x00001c20      0x354 ./Middleware/serial/serial.o
 .debug_info    0x00001f74      0x477 ./Middleware/leds/leds.o
 .debug_info    0x000023eb      0x551 ./Middleware/lcd/lcd.o
 .debug_info    0x0000293c      0x3a3 ./Middleware/buttons/buttons.o

.debug_abbrev   0x00000000     0x1099
 .debug_abbrev  0x00000000       0x2f ./src/Source/app_control.o
 .debug_abbrev  0x0000002f       0xbb ./src/Source/app_him.o
 .debug_abbrev  0x000000ea       0xb9 ./src/Source/app_info.o
 .debug_abbrev  0x000001a3       0x6a ./src/Source/main.o
 .debug_abbrev  0x0000020d       0xd3 ./src/Source/startup_gcc.o
 .debug_abbrev  0x000002e0       0x2f ./src/Source/sys_ad.o
 .debug_abbrev  0x0000030f       0x7b ./src/Source/sys_gpio.o
 .debug_abbrev  0x0000038a       0xc2 ./src/Source/sys_hw.o
 .debug_abbrev  0x0000044c       0x2f ./src/Source/sys_i2c.o
 .debug_abbrev  0x0000047b       0x6a ./src/Source/sys_mcu.o
 .debug_abbrev  0x000004e5       0x2f ./src/Source/sys_pwm.o
 .debug_abbrev  0x00000514       0x3a ./src/Source/sys_timer.o
 .debug_abbrev  0x0000054e      0x1c1 ./src/Source/sys_uart.o
 .debug_abbrev  0x0000070f      0x1b0 ./TM4C123GXL/uart/hal_uart.o
 .debug_abbrev  0x000008bf      0x12c ./TM4C123GXL/gpio/hal_gpio.o
 .debug_abbrev  0x000009eb       0x97 ./TM4C123GXL/delay/hal_delay.o
 .debug_abbrev  0x00000a82      0x135 ./Middleware/serial/serial.o
 .debug_abbrev  0x00000bb7      0x171 ./Middleware/leds/leds.o
 .debug_abbrev  0x00000d28      0x1c5 ./Middleware/lcd/lcd.o
 .debug_abbrev  0x00000eed      0x1ac ./Middleware/buttons/buttons.o

.debug_aranges  0x00000000      0x420
 .debug_aranges
                0x00000000       0x20 ./src/Source/app_control.o
 .debug_aranges
                0x00000020       0x20 ./src/Source/app_him.o
 .debug_aranges
                0x00000040       0x20 ./src/Source/app_info.o
 .debug_aranges
                0x00000060       0x20 ./src/Source/main.o
 .debug_aranges
                0x00000080       0x38 ./src/Source/startup_gcc.o
 .debug_aranges
                0x000000b8       0x20 ./src/Source/sys_ad.o
 .debug_aranges
                0x000000d8       0x20 ./src/Source/sys_gpio.o
 .debug_aranges
                0x000000f8       0x28 ./src/Source/sys_hw.o
 .debug_aranges
                0x00000120       0x20 ./src/Source/sys_i2c.o
 .debug_aranges
                0x00000140       0x20 ./src/Source/sys_mcu.o
 .debug_aranges
                0x00000160       0x20 ./src/Source/sys_pwm.o
 .debug_aranges
                0x00000180       0x20 ./src/Source/sys_timer.o
 .debug_aranges
                0x000001a0       0x38 ./src/Source/sys_uart.o
 .debug_aranges
                0x000001d8       0x40 ./TM4C123GXL/uart/hal_uart.o
 .debug_aranges
                0x00000218       0x88 ./TM4C123GXL/gpio/hal_gpio.o
 .debug_aranges
                0x000002a0       0x38 ./TM4C123GXL/delay/hal_delay.o
 .debug_aranges
                0x000002d8       0x50 ./Middleware/serial/serial.o
 .debug_aranges
                0x00000328       0x60 ./Middleware/leds/leds.o
 .debug_aranges
                0x00000388       0x60 ./Middleware/lcd/lcd.o
 .debug_aranges
                0x000003e8       0x38 ./Middleware/buttons/buttons.o

.debug_ranges   0x00000000      0x2e0
 .debug_ranges  0x00000000       0x10 ./src/Source/app_control.o
 .debug_ranges  0x00000010       0x10 ./src/Source/app_him.o
 .debug_ranges  0x00000020       0x10 ./src/Source/app_info.o
 .debug_ranges  0x00000030       0x10 ./src/Source/main.o
 .debug_ranges  0x00000040       0x28 ./src/Source/startup_gcc.o
 .debug_ranges  0x00000068       0x10 ./src/Source/sys_ad.o
 .debug_ranges  0x00000078       0x10 ./src/Source/sys_gpio.o
 .debug_ranges  0x00000088       0x18 ./src/Source/sys_hw.o
 .debug_ranges  0x000000a0       0x10 ./src/Source/sys_i2c.o
 .debug_ranges  0x000000b0       0x10 ./src/Source/sys_mcu.o
 .debug_ranges  0x000000c0       0x10 ./src/Source/sys_pwm.o
 .debug_ranges  0x000000d0       0x10 ./src/Source/sys_timer.o
 .debug_ranges  0x000000e0       0x28 ./src/Source/sys_uart.o
 .debug_ranges  0x00000108       0x30 ./TM4C123GXL/uart/hal_uart.o
 .debug_ranges  0x00000138       0x78 ./TM4C123GXL/gpio/hal_gpio.o
 .debug_ranges  0x000001b0       0x28 ./TM4C123GXL/delay/hal_delay.o
 .debug_ranges  0x000001d8       0x40 ./Middleware/serial/serial.o
 .debug_ranges  0x00000218       0x50 ./Middleware/leds/leds.o
 .debug_ranges  0x00000268       0x50 ./Middleware/lcd/lcd.o
 .debug_ranges  0x000002b8       0x28 ./Middleware/buttons/buttons.o

.debug_macro    0x00000000     0xecc3
 .debug_macro   0x00000000       0x1a ./src/Source/app_control.o
 .debug_macro   0x0000001a      0x886 ./src/Source/app_control.o
 .debug_macro   0x000008a0       0x16 ./src/Source/app_control.o
 .debug_macro   0x000008b6       0xf9 ./src/Source/app_him.o
 .debug_macro   0x000009af     0xb496 ./src/Source/app_him.o
 .debug_macro   0x0000be45       0x2d ./src/Source/app_him.o
 .debug_macro   0x0000be72       0x3b ./src/Source/app_him.o
 .debug_macro   0x0000bead       0x22 ./src/Source/app_him.o
 .debug_macro   0x0000becf       0x44 ./src/Source/app_him.o
 .debug_macro   0x0000bf13       0x1c ./src/Source/app_him.o
 .debug_macro   0x0000bf2f      0x1f7 ./src/Source/app_him.o
 .debug_macro   0x0000c126       0x2d ./src/Source/app_him.o
 .debug_macro   0x0000c153       0x26 ./src/Source/app_him.o
 .debug_macro   0x0000c179      0xd39 ./src/Source/app_him.o
 .debug_macro   0x0000ceb2      0x330 ./src/Source/app_him.o
 .debug_macro   0x0000d1e2       0x2e ./src/Source/app_him.o
 .debug_macro   0x0000d210       0x10 ./src/Source/app_him.o
 .debug_macro   0x0000d220       0x52 ./src/Source/app_him.o
 .debug_macro   0x0000d272       0x34 ./src/Source/app_info.o
 .debug_macro   0x0000d2a6       0x16 ./src/Source/app_info.o
 .debug_macro   0x0000d2bc      0x18c ./src/Source/main.o
 .debug_macro   0x0000d448       0x16 ./src/Source/main.o
 .debug_macro   0x0000d45e       0x58 ./src/Source/main.o
 .debug_macro   0x0000d4b6       0x51 ./src/Source/startup_gcc.o
 .debug_macro   0x0000d507       0x1b ./src/Source/sys_ad.o
 .debug_macro   0x0000d522       0xe6 ./src/Source/sys_gpio.o
 .debug_macro   0x0000d608       0x28 ./src/Source/sys_gpio.o
 .debug_macro   0x0000d630      0x178 ./src/Source/sys_hw.o
 .debug_macro   0x0000d7a8       0x94 ./src/Source/sys_hw.o
 .debug_macro   0x0000d83c       0x1b ./src/Source/sys_i2c.o
 .debug_macro   0x0000d857       0xb0 ./src/Source/sys_mcu.o
 .debug_macro   0x0000d907       0x1b ./src/Source/sys_pwm.o
 .debug_macro   0x0000d922       0x25 ./src/Source/sys_timer.o
 .debug_macro   0x0000d947      0x109 ./src/Source/sys_uart.o
 .debug_macro   0x0000da50       0x8e ./src/Source/sys_uart.o
 .debug_macro   0x0000dade       0xd8 ./TM4C123GXL/uart/hal_uart.o
 .debug_macro   0x0000dbb6       0xc9 ./TM4C123GXL/gpio/hal_gpio.o
 .debug_macro   0x0000dc7f       0xc4 ./TM4C123GXL/delay/hal_delay.o
 .debug_macro   0x0000dd43      0x102 ./Middleware/serial/serial.o
 .debug_macro   0x0000de45       0x3d ./Middleware/leds/leds.o
 .debug_macro   0x0000de82       0x4c ./Middleware/leds/leds.o
 .debug_macro   0x0000dece      0x206 ./Middleware/lcd/lcd.o
 .debug_macro   0x0000e0d4       0x58 ./Middleware/lcd/lcd.o
 .debug_macro   0x0000e12c       0x35 ./Middleware/lcd/lcd.o
 .debug_macro   0x0000e161       0x9c ./Middleware/lcd/lcd.o
 .debug_macro   0x0000e1fd       0x16 ./Middleware/lcd/lcd.o
 .debug_macro   0x0000e213       0x97 ./Middleware/lcd/lcd.o
 .debug_macro   0x0000e2aa      0x27a ./Middleware/lcd/lcd.o
 .debug_macro   0x0000e524       0xf6 ./Middleware/lcd/lcd.o
 .debug_macro   0x0000e61a       0x10 ./Middleware/lcd/lcd.o
 .debug_macro   0x0000e62a       0x52 ./Middleware/lcd/lcd.o
 .debug_macro   0x0000e67c       0x16 ./Middleware/lcd/lcd.o
 .debug_macro   0x0000e692       0x43 ./Middleware/lcd/lcd.o
 .debug_macro   0x0000e6d5      0x180 ./Middleware/lcd/lcd.o
 .debug_macro   0x0000e855       0x10 ./Middleware/lcd/lcd.o
 .debug_macro   0x0000e865       0x22 ./Middleware/lcd/lcd.o
 .debug_macro   0x0000e887       0xbd ./Middleware/lcd/lcd.o
 .debug_macro   0x0000e944       0x16 ./Middleware/lcd/lcd.o
 .debug_macro   0x0000e95a      0x196 ./Middleware/lcd/lcd.o
 .debug_macro   0x0000eaf0       0x16 ./Middleware/lcd/lcd.o
 .debug_macro   0x0000eb06       0x35 ./Middleware/lcd/lcd.o
 .debug_macro   0x0000eb3b       0x16 ./Middleware/lcd/lcd.o
 .debug_macro   0x0000eb51       0x29 ./Middleware/lcd/lcd.o
 .debug_macro   0x0000eb7a       0x16 ./Middleware/lcd/lcd.o
 .debug_macro   0x0000eb90       0x52 ./Middleware/lcd/lcd.o
 .debug_macro   0x0000ebe2       0xe1 ./Middleware/buttons/buttons.o

.debug_line     0x00000000     0x376d
 .debug_line    0x00000000       0x75 ./src/Source/app_control.o
 .debug_line    0x00000075      0x3e5 ./src/Source/app_him.o
 .debug_line    0x0000045a       0xc3 ./src/Source/app_info.o
 .debug_line    0x0000051d      0x4c3 ./src/Source/main.o
 .debug_line    0x000009e0      0x1f2 ./src/Source/startup_gcc.o
 .debug_line    0x00000bd2       0x6b ./src/Source/sys_ad.o
 .debug_line    0x00000c3d      0x361 ./src/Source/sys_gpio.o
 .debug_line    0x00000f9e      0x4e8 ./src/Source/sys_hw.o
 .debug_line    0x00001486       0x6d ./src/Source/sys_i2c.o
 .debug_line    0x000014f3      0x291 ./src/Source/sys_mcu.o
 .debug_line    0x00001784       0x6d ./src/Source/sys_pwm.o
 .debug_line    0x000017f1       0x99 ./src/Source/sys_timer.o
 .debug_line    0x0000188a      0x442 ./src/Source/sys_uart.o
 .debug_line    0x00001ccc      0x36c ./TM4C123GXL/uart/hal_uart.o
 .debug_line    0x00002038      0x3c6 ./TM4C123GXL/gpio/hal_gpio.o
 .debug_line    0x000023fe      0x332 ./TM4C123GXL/delay/hal_delay.o
 .debug_line    0x00002730      0x4f9 ./Middleware/serial/serial.o
 .debug_line    0x00002c29      0x1d1 ./Middleware/leds/leds.o
 .debug_line    0x00002dfa      0x588 ./Middleware/lcd/lcd.o
 .debug_line    0x00003382      0x3eb ./Middleware/buttons/buttons.o

.debug_str      0x00000000    0x48505
 .debug_str     0x00000000     0x2562 ./src/Source/app_control.o
 .debug_str     0x00002562    0x420db ./src/Source/app_him.o
                              0x4474b (size before relaxing)
 .debug_str     0x0004463d       0xf5 ./src/Source/app_info.o
                               0x2691 (size before relaxing)
 .debug_str     0x00044732      0x19c ./src/Source/main.o
                              0x44904 (size before relaxing)
 .debug_str     0x000448ce       0xcd ./src/Source/startup_gcc.o
                               0x30f2 (size before relaxing)
 .debug_str     0x0004499b       0x1f ./src/Source/sys_ad.o
                               0x2526 (size before relaxing)
 .debug_str     0x000449ba       0x29 ./src/Source/sys_gpio.o
                              0x44744 (size before relaxing)
 .debug_str     0x000449e3      0x1b1 ./src/Source/sys_hw.o
                              0x44a54 (size before relaxing)
 .debug_str     0x00044b94       0x21 ./src/Source/sys_i2c.o
                               0x2529 (size before relaxing)
 .debug_str     0x00044bb5       0x21 ./src/Source/sys_mcu.o
                              0x444d6 (size before relaxing)
 .debug_str     0x00044bd6       0x21 ./src/Source/sys_pwm.o
                               0x2529 (size before relaxing)
 .debug_str     0x00044bf7       0x26 ./src/Source/sys_timer.o
                               0x25a6 (size before relaxing)
 .debug_str     0x00044c1d      0x12e ./src/Source/sys_uart.o
                              0x449f1 (size before relaxing)
 .debug_str     0x00044d4b       0xc9 ./TM4C123GXL/uart/hal_uart.o
                              0x4485b (size before relaxing)
 .debug_str     0x00044e14      0x23c ./TM4C123GXL/gpio/hal_gpio.o
                              0x4480a (size before relaxing)
 .debug_str     0x00045050       0x5d ./TM4C123GXL/delay/hal_delay.o
                              0x44504 (size before relaxing)
 .debug_str     0x000450ad       0xcb ./Middleware/serial/serial.o
                              0x449e6 (size before relaxing)
 .debug_str     0x00045178      0x156 ./Middleware/leds/leds.o
                               0x28dd (size before relaxing)
 .debug_str     0x000452ce     0x3118 ./Middleware/lcd/lcd.o
                              0x47999 (size before relaxing)
 .debug_str     0x000483e6      0x11f ./Middleware/buttons/buttons.o
                              0x447b9 (size before relaxing)

.comment        0x00000000       0x70
 .comment       0x00000000       0x70 ./src/Source/app_control.o
                                 0x71 (size before relaxing)
 .comment       0x00000000       0x71 ./src/Source/app_him.o
 .comment       0x00000000       0x71 ./src/Source/app_info.o
 .comment       0x00000000       0x71 ./src/Source/main.o
 .comment       0x00000000       0x71 ./src/Source/startup_gcc.o
 .comment       0x00000000       0x71 ./src/Source/sys_ad.o
 .comment       0x00000000       0x71 ./src/Source/sys_gpio.o
 .comment       0x00000000       0x71 ./src/Source/sys_hw.o
 .comment       0x00000000       0x71 ./src/Source/sys_i2c.o
 .comment       0x00000000       0x71 ./src/Source/sys_mcu.o
 .comment       0x00000000       0x71 ./src/Source/sys_pwm.o
 .comment       0x00000000       0x71 ./src/Source/sys_timer.o
 .comment       0x00000000       0x71 ./src/Source/sys_uart.o
 .comment       0x00000000       0x71 ./TM4C123GXL/uart/hal_uart.o
 .comment       0x00000000       0x71 ./TM4C123GXL/gpio/hal_gpio.o
 .comment       0x00000000       0x71 ./TM4C123GXL/delay/hal_delay.o
 .comment       0x00000000       0x71 ./Middleware/serial/serial.o
 .comment       0x00000000       0x71 ./Middleware/leds/leds.o
 .comment       0x00000000       0x71 ./Middleware/lcd/lcd.o
 .comment       0x00000000       0x71 ./Middleware/buttons/buttons.o

.ARM.attributes
                0x00000000       0x39
 .ARM.attributes
                0x00000000       0x39 ./src/Source/app_control.o
 .ARM.attributes
                0x00000039       0x39 ./src/Source/app_him.o
 .ARM.attributes
                0x00000072       0x39 ./src/Source/app_info.o
 .ARM.attributes
                0x000000ab       0x39 ./src/Source/main.o
 .ARM.attributes
                0x000000e4       0x39 ./src/Source/startup_gcc.o
 .ARM.attributes
                0x0000011d       0x39 ./src/Source/sys_ad.o
 .ARM.attributes
                0x00000156       0x39 ./src/Source/sys_gpio.o
 .ARM.attributes
                0x0000018f       0x39 ./src/Source/sys_hw.o
 .ARM.attributes
                0x000001c8       0x39 ./src/Source/sys_i2c.o
 .ARM.attributes
                0x00000201       0x39 ./src/Source/sys_mcu.o
 .ARM.attributes
                0x0000023a       0x39 ./src/Source/sys_pwm.o
 .ARM.attributes
                0x00000273       0x39 ./src/Source/sys_timer.o
 .ARM.attributes
                0x000002ac       0x39 ./src/Source/sys_uart.o
 .ARM.attributes
                0x000002e5       0x39 ./TM4C123GXL/uart/hal_uart.o
 .ARM.attributes
                0x0000031e       0x39 ./TM4C123GXL/gpio/hal_gpio.o
 .ARM.attributes
                0x00000357       0x39 ./TM4C123GXL/delay/hal_delay.o
 .ARM.attributes
                0x00000390       0x39 ./Middleware/serial/serial.o
 .ARM.attributes
                0x000003c9       0x39 ./Middleware/leds/leds.o
 .ARM.attributes
                0x00000402       0x39 ./Middleware/lcd/lcd.o
 .ARM.attributes
                0x0000043b       0x39 ./Middleware/buttons/buttons.o

.debug_frame    0x00000000      0xba0
 .debug_frame   0x00000000       0x30 ./src/Source/app_control.o
 .debug_frame   0x00000030       0x2c ./src/Source/app_him.o
 .debug_frame   0x0000005c       0x30 ./src/Source/app_info.o
 .debug_frame   0x0000008c       0x2c ./src/Source/main.o
 .debug_frame   0x000000b8       0x7c ./src/Source/startup_gcc.o
 .debug_frame   0x00000134       0x30 ./src/Source/sys_ad.o
 .debug_frame   0x00000164       0x34 ./src/Source/sys_gpio.o
 .debug_frame   0x00000198       0x54 ./src/Source/sys_hw.o
 .debug_frame   0x000001ec       0x30 ./src/Source/sys_i2c.o
 .debug_frame   0x0000021c       0x30 ./src/Source/sys_mcu.o
 .debug_frame   0x0000024c       0x30 ./src/Source/sys_pwm.o
 .debug_frame   0x0000027c       0x30 ./src/Source/sys_timer.o
 .debug_frame   0x000002ac       0x98 ./src/Source/sys_uart.o
 .debug_frame   0x00000344       0xcc ./TM4C123GXL/uart/hal_uart.o
 .debug_frame   0x00000410      0x238 ./TM4C123GXL/gpio/hal_gpio.o
 .debug_frame   0x00000648       0xb0 ./TM4C123GXL/delay/hal_delay.o
 .debug_frame   0x000006f8      0x128 ./Middleware/serial/serial.o
 .debug_frame   0x00000820      0x158 ./Middleware/leds/leds.o
 .debug_frame   0x00000978      0x170 ./Middleware/lcd/lcd.o
 .debug_frame   0x00000ae8       0xb8 ./Middleware/buttons/buttons.o
