17:35:04 **** Clean-only build of configuration Debug for project Template ****
make clean 
rm -rf  ./src/Source/app_control.o ./src/Source/app_him.o ./src/Source/app_info.o ./src/Source/main.o ./src/Source/startup_gcc.o ./src/Source/sys_ad.o ./src/Source/sys_gpio.o ./src/Source/sys_hw.o ./src/Source/sys_i2c.o ./src/Source/sys_mcu.o ./src/Source/sys_pwm.o ./src/Source/sys_spi.o ./src/Source/sys_timer.o ./src/Source/sys_uart.o  ./Util/xtime/xtime.o  ./Util/xprintf/xprintf.o  ./Util/crc/crc.o  ./Util/const/conts.o  ./Util/PID/pid.o  ./TM4C123GXL/uart/hal_uart.o  ./TM4C123GXL/systick/hal_systick.o  ./TM4C123GXL/i2c/hal_i2c.o  ./TM4C123GXL/gpio/hal_gpio.o  ./TM4C123GXL/delay/hal_delay.o  ./Middleware/nokia_glcd/nokia_glcd.o  ./Middleware/leds/leds.o  ./Middleware/lcd/lcd.o  ./Middleware/info_hw/info_hw.o  ./Middleware/buttons/buttons.o  ./Middleware/DS1307/DS1307.o  ./Middleware/AT24C32/AT24C32.o  Template.hex  Template.siz  ./src/Source/app_control.d ./src/Source/app_him.d ./src/Source/app_info.d ./src/Source/main.d ./src/Source/startup_gcc.d ./src/Source/sys_ad.d ./src/Source/sys_gpio.d ./src/Source/sys_hw.d ./src/Source/sys_i2c.d ./src/Source/sys_mcu.d ./src/Source/sys_pwm.d ./src/Source/sys_spi.d ./src/Source/sys_timer.d ./src/Source/sys_uart.d  ./Util/xtime/xtime.d  ./Util/xprintf/xprintf.d  ./Util/crc/crc.d  ./Util/const/conts.d  ./Util/PID/pid.d  ./TM4C123GXL/uart/hal_uart.d  ./TM4C123GXL/systick/hal_systick.d  ./TM4C123GXL/i2c/hal_i2c.d  ./TM4C123GXL/gpio/hal_gpio.d  ./TM4C123GXL/delay/hal_delay.d  ./Middleware/nokia_glcd/nokia_glcd.d  ./Middleware/leds/leds.d  ./Middleware/lcd/lcd.d  ./Middleware/info_hw/info_hw.d  ./Middleware/buttons/buttons.d  ./Middleware/DS1307/DS1307.d  ./Middleware/AT24C32/AT24C32.d  Template.elf
 
17:35:04 **** Incremental Build of configuration Debug for project Template ****
make all 
Building file: ../src/Source/app_control.c
Invoking: Cross ARM C Compiler
arm-none-eabi-gcc -mcpu=cortex-m4 -mthumb -mfloat-abi=hard -mfpu=fpv4-sp-d16 -O0 -fmessage-length=0 -fsigned-char -ffunction-sections -fdata-sections  -g3 -DARM_MATH_CM4 -DPART_LM4F123GH6M -DTARGET_IS_BLIZZARD_RA1 -I"/opt/JAGA/Boards/TM4C123GXL/workspace_GCC_ARM/Template/src/Header" -I"/opt/JAGA/Boards/TM4C123GXL/workspace_GCC_ARM/Template/src/Source" -I"/opt/JAGA/Middleware" -I"/opt/JAGA/HAL/TM4C123GXL" -I"/opt/JAGA/Util" -std=gnu11 -MMD -MP -MF"src/Source/app_control.d" -MT"src/Source/app_control.o" -c -o "src/Source/app_control.o" "../src/Source/app_control.c"
Finished building: ../src/Source/app_control.c
 
Building file: ../src/Source/app_him.c
Invoking: Cross ARM C Compiler
arm-none-eabi-gcc -mcpu=cortex-m4 -mthumb -mfloat-abi=hard -mfpu=fpv4-sp-d16 -O0 -fmessage-length=0 -fsigned-char -ffunction-sections -fdata-sections  -g3 -DARM_MATH_CM4 -DPART_LM4F123GH6M -DTARGET_IS_BLIZZARD_RA1 -I"/opt/JAGA/Boards/TM4C123GXL/workspace_GCC_ARM/Template/src/Header" -I"/opt/JAGA/Boards/TM4C123GXL/workspace_GCC_ARM/Template/src/Source" -I"/opt/JAGA/Middleware" -I"/opt/JAGA/HAL/TM4C123GXL" -I"/opt/JAGA/Util" -std=gnu11 -MMD -MP -MF"src/Source/app_him.d" -MT"src/Source/app_him.o" -c -o "src/Source/app_him.o" "../src/Source/app_him.c"
Finished building: ../src/Source/app_him.c
 
Building file: ../src/Source/app_info.c
Invoking: Cross ARM C Compiler
arm-none-eabi-gcc -mcpu=cortex-m4 -mthumb -mfloat-abi=hard -mfpu=fpv4-sp-d16 -O0 -fmessage-length=0 -fsigned-char -ffunction-sections -fdata-sections  -g3 -DARM_MATH_CM4 -DPART_LM4F123GH6M -DTARGET_IS_BLIZZARD_RA1 -I"/opt/JAGA/Boards/TM4C123GXL/workspace_GCC_ARM/Template/src/Header" -I"/opt/JAGA/Boards/TM4C123GXL/workspace_GCC_ARM/Template/src/Source" -I"/opt/JAGA/Middleware" -I"/opt/JAGA/HAL/TM4C123GXL" -I"/opt/JAGA/Util" -std=gnu11 -MMD -MP -MF"src/Source/app_info.d" -MT"src/Source/app_info.o" -c -o "src/Source/app_info.o" "../src/Source/app_info.c"
Finished building: ../src/Source/app_info.c
 
Building file: ../src/Source/main.c
Invoking: Cross ARM C Compiler
arm-none-eabi-gcc -mcpu=cortex-m4 -mthumb -mfloat-abi=hard -mfpu=fpv4-sp-d16 -O0 -fmessage-length=0 -fsigned-char -ffunction-sections -fdata-sections  -g3 -DARM_MATH_CM4 -DPART_LM4F123GH6M -DTARGET_IS_BLIZZARD_RA1 -I"/opt/JAGA/Boards/TM4C123GXL/workspace_GCC_ARM/Template/src/Header" -I"/opt/JAGA/Boards/TM4C123GXL/workspace_GCC_ARM/Template/src/Source" -I"/opt/JAGA/Middleware" -I"/opt/JAGA/HAL/TM4C123GXL" -I"/opt/JAGA/Util" -std=gnu11 -MMD -MP -MF"src/Source/main.d" -MT"src/Source/main.o" -c -o "src/Source/main.o" "../src/Source/main.c"
Finished building: ../src/Source/main.c
 
Building file: ../src/Source/startup_gcc.c
Invoking: Cross ARM C Compiler
arm-none-eabi-gcc -mcpu=cortex-m4 -mthumb -mfloat-abi=hard -mfpu=fpv4-sp-d16 -O0 -fmessage-length=0 -fsigned-char -ffunction-sections -fdata-sections  -g3 -DARM_MATH_CM4 -DPART_LM4F123GH6M -DTARGET_IS_BLIZZARD_RA1 -I"/opt/JAGA/Boards/TM4C123GXL/workspace_GCC_ARM/Template/src/Header" -I"/opt/JAGA/Boards/TM4C123GXL/workspace_GCC_ARM/Template/src/Source" -I"/opt/JAGA/Middleware" -I"/opt/JAGA/HAL/TM4C123GXL" -I"/opt/JAGA/Util" -std=gnu11 -MMD -MP -MF"src/Source/startup_gcc.d" -MT"src/Source/startup_gcc.o" -c -o "src/Source/startup_gcc.o" "../src/Source/startup_gcc.c"
Finished building: ../src/Source/startup_gcc.c
 
Building file: ../src/Source/sys_ad.c
Invoking: Cross ARM C Compiler
arm-none-eabi-gcc -mcpu=cortex-m4 -mthumb -mfloat-abi=hard -mfpu=fpv4-sp-d16 -O0 -fmessage-length=0 -fsigned-char -ffunction-sections -fdata-sections  -g3 -DARM_MATH_CM4 -DPART_LM4F123GH6M -DTARGET_IS_BLIZZARD_RA1 -I"/opt/JAGA/Boards/TM4C123GXL/workspace_GCC_ARM/Template/src/Header" -I"/opt/JAGA/Boards/TM4C123GXL/workspace_GCC_ARM/Template/src/Source" -I"/opt/JAGA/Middleware" -I"/opt/JAGA/HAL/TM4C123GXL" -I"/opt/JAGA/Util" -std=gnu11 -MMD -MP -MF"src/Source/sys_ad.d" -MT"src/Source/sys_ad.o" -c -o "src/Source/sys_ad.o" "../src/Source/sys_ad.c"
Finished building: ../src/Source/sys_ad.c
 
Building file: ../src/Source/sys_gpio.c
Invoking: Cross ARM C Compiler
arm-none-eabi-gcc -mcpu=cortex-m4 -mthumb -mfloat-abi=hard -mfpu=fpv4-sp-d16 -O0 -fmessage-length=0 -fsigned-char -ffunction-sections -fdata-sections  -g3 -DARM_MATH_CM4 -DPART_LM4F123GH6M -DTARGET_IS_BLIZZARD_RA1 -I"/opt/JAGA/Boards/TM4C123GXL/workspace_GCC_ARM/Template/src/Header" -I"/opt/JAGA/Boards/TM4C123GXL/workspace_GCC_ARM/Template/src/Source" -I"/opt/JAGA/Middleware" -I"/opt/JAGA/HAL/TM4C123GXL" -I"/opt/JAGA/Util" -std=gnu11 -MMD -MP -MF"src/Source/sys_gpio.d" -MT"src/Source/sys_gpio.o" -c -o "src/Source/sys_gpio.o" "../src/Source/sys_gpio.c"
Finished building: ../src/Source/sys_gpio.c
 
Building file: ../src/Source/sys_hw.c
Invoking: Cross ARM C Compiler
arm-none-eabi-gcc -mcpu=cortex-m4 -mthumb -mfloat-abi=hard -mfpu=fpv4-sp-d16 -O0 -fmessage-length=0 -fsigned-char -ffunction-sections -fdata-sections  -g3 -DARM_MATH_CM4 -DPART_LM4F123GH6M -DTARGET_IS_BLIZZARD_RA1 -I"/opt/JAGA/Boards/TM4C123GXL/workspace_GCC_ARM/Template/src/Header" -I"/opt/JAGA/Boards/TM4C123GXL/workspace_GCC_ARM/Template/src/Source" -I"/opt/JAGA/Middleware" -I"/opt/JAGA/HAL/TM4C123GXL" -I"/opt/JAGA/Util" -std=gnu11 -MMD -MP -MF"src/Source/sys_hw.d" -MT"src/Source/sys_hw.o" -c -o "src/Source/sys_hw.o" "../src/Source/sys_hw.c"
Finished building: ../src/Source/sys_hw.c
 
Building file: ../src/Source/sys_i2c.c
Invoking: Cross ARM C Compiler
arm-none-eabi-gcc -mcpu=cortex-m4 -mthumb -mfloat-abi=hard -mfpu=fpv4-sp-d16 -O0 -fmessage-length=0 -fsigned-char -ffunction-sections -fdata-sections  -g3 -DARM_MATH_CM4 -DPART_LM4F123GH6M -DTARGET_IS_BLIZZARD_RA1 -I"/opt/JAGA/Boards/TM4C123GXL/workspace_GCC_ARM/Template/src/Header" -I"/opt/JAGA/Boards/TM4C123GXL/workspace_GCC_ARM/Template/src/Source" -I"/opt/JAGA/Middleware" -I"/opt/JAGA/HAL/TM4C123GXL" -I"/opt/JAGA/Util" -std=gnu11 -MMD -MP -MF"src/Source/sys_i2c.d" -MT"src/Source/sys_i2c.o" -c -o "src/Source/sys_i2c.o" "../src/Source/sys_i2c.c"
Finished building: ../src/Source/sys_i2c.c
 
Building file: ../src/Source/sys_mcu.c
Invoking: Cross ARM C Compiler
arm-none-eabi-gcc -mcpu=cortex-m4 -mthumb -mfloat-abi=hard -mfpu=fpv4-sp-d16 -O0 -fmessage-length=0 -fsigned-char -ffunction-sections -fdata-sections  -g3 -DARM_MATH_CM4 -DPART_LM4F123GH6M -DTARGET_IS_BLIZZARD_RA1 -I"/opt/JAGA/Boards/TM4C123GXL/workspace_GCC_ARM/Template/src/Header" -I"/opt/JAGA/Boards/TM4C123GXL/workspace_GCC_ARM/Template/src/Source" -I"/opt/JAGA/Middleware" -I"/opt/JAGA/HAL/TM4C123GXL" -I"/opt/JAGA/Util" -std=gnu11 -MMD -MP -MF"src/Source/sys_mcu.d" -MT"src/Source/sys_mcu.o" -c -o "src/Source/sys_mcu.o" "../src/Source/sys_mcu.c"
Finished building: ../src/Source/sys_mcu.c
 
Building file: ../src/Source/sys_pwm.c
Invoking: Cross ARM C Compiler
arm-none-eabi-gcc -mcpu=cortex-m4 -mthumb -mfloat-abi=hard -mfpu=fpv4-sp-d16 -O0 -fmessage-length=0 -fsigned-char -ffunction-sections -fdata-sections  -g3 -DARM_MATH_CM4 -DPART_LM4F123GH6M -DTARGET_IS_BLIZZARD_RA1 -I"/opt/JAGA/Boards/TM4C123GXL/workspace_GCC_ARM/Template/src/Header" -I"/opt/JAGA/Boards/TM4C123GXL/workspace_GCC_ARM/Template/src/Source" -I"/opt/JAGA/Middleware" -I"/opt/JAGA/HAL/TM4C123GXL" -I"/opt/JAGA/Util" -std=gnu11 -MMD -MP -MF"src/Source/sys_pwm.d" -MT"src/Source/sys_pwm.o" -c -o "src/Source/sys_pwm.o" "../src/Source/sys_pwm.c"
Finished building: ../src/Source/sys_pwm.c
 
Building file: ../src/Source/sys_spi.c
Invoking: Cross ARM C Compiler
arm-none-eabi-gcc -mcpu=cortex-m4 -mthumb -mfloat-abi=hard -mfpu=fpv4-sp-d16 -O0 -fmessage-length=0 -fsigned-char -ffunction-sections -fdata-sections  -g3 -DARM_MATH_CM4 -DPART_LM4F123GH6M -DTARGET_IS_BLIZZARD_RA1 -I"/opt/JAGA/Boards/TM4C123GXL/workspace_GCC_ARM/Template/src/Header" -I"/opt/JAGA/Boards/TM4C123GXL/workspace_GCC_ARM/Template/src/Source" -I"/opt/JAGA/Middleware" -I"/opt/JAGA/HAL/TM4C123GXL" -I"/opt/JAGA/Util" -std=gnu11 -MMD -MP -MF"src/Source/sys_spi.d" -MT"src/Source/sys_spi.o" -c -o "src/Source/sys_spi.o" "../src/Source/sys_spi.c"
Finished building: ../src/Source/sys_spi.c
 
Building file: ../src/Source/sys_timer.c
Invoking: Cross ARM C Compiler
arm-none-eabi-gcc -mcpu=cortex-m4 -mthumb -mfloat-abi=hard -mfpu=fpv4-sp-d16 -O0 -fmessage-length=0 -fsigned-char -ffunction-sections -fdata-sections  -g3 -DARM_MATH_CM4 -DPART_LM4F123GH6M -DTARGET_IS_BLIZZARD_RA1 -I"/opt/JAGA/Boards/TM4C123GXL/workspace_GCC_ARM/Template/src/Header" -I"/opt/JAGA/Boards/TM4C123GXL/workspace_GCC_ARM/Template/src/Source" -I"/opt/JAGA/Middleware" -I"/opt/JAGA/HAL/TM4C123GXL" -I"/opt/JAGA/Util" -std=gnu11 -MMD -MP -MF"src/Source/sys_timer.d" -MT"src/Source/sys_timer.o" -c -o "src/Source/sys_timer.o" "../src/Source/sys_timer.c"
Finished building: ../src/Source/sys_timer.c
 
Building file: ../src/Source/sys_uart.c
Invoking: Cross ARM C Compiler
arm-none-eabi-gcc -mcpu=cortex-m4 -mthumb -mfloat-abi=hard -mfpu=fpv4-sp-d16 -O0 -fmessage-length=0 -fsigned-char -ffunction-sections -fdata-sections  -g3 -DARM_MATH_CM4 -DPART_LM4F123GH6M -DTARGET_IS_BLIZZARD_RA1 -I"/opt/JAGA/Boards/TM4C123GXL/workspace_GCC_ARM/Template/src/Header" -I"/opt/JAGA/Boards/TM4C123GXL/workspace_GCC_ARM/Template/src/Source" -I"/opt/JAGA/Middleware" -I"/opt/JAGA/HAL/TM4C123GXL" -I"/opt/JAGA/Util" -std=gnu11 -MMD -MP -MF"src/Source/sys_uart.d" -MT"src/Source/sys_uart.o" -c -o "src/Source/sys_uart.o" "../src/Source/sys_uart.c"
Finished building: ../src/Source/sys_uart.c
 
Building file: /opt/JAGA/Util/xtime/xtime.c
Invoking: Cross ARM C Compiler
arm-none-eabi-gcc -mcpu=cortex-m4 -mthumb -mfloat-abi=hard -mfpu=fpv4-sp-d16 -O0 -fmessage-length=0 -fsigned-char -ffunction-sections -fdata-sections  -g3 -DARM_MATH_CM4 -DPART_LM4F123GH6M -DTARGET_IS_BLIZZARD_RA1 -I"/opt/JAGA/Boards/TM4C123GXL/workspace_GCC_ARM/Template/src/Header" -I"/opt/JAGA/Boards/TM4C123GXL/workspace_GCC_ARM/Template/src/Source" -I"/opt/JAGA/Middleware" -I"/opt/JAGA/HAL/TM4C123GXL" -I"/opt/JAGA/Util" -std=gnu11 -MMD -MP -MF"Util/xtime/xtime.d" -MT"Util/xtime/xtime.o" -c -o "Util/xtime/xtime.o" "/opt/JAGA/Util/xtime/xtime.c"
Finished building: /opt/JAGA/Util/xtime/xtime.c
 
Building file: /opt/JAGA/Util/xprintf/xprintf.c
Invoking: Cross ARM C Compiler
arm-none-eabi-gcc -mcpu=cortex-m4 -mthumb -mfloat-abi=hard -mfpu=fpv4-sp-d16 -O0 -fmessage-length=0 -fsigned-char -ffunction-sections -fdata-sections  -g3 -DARM_MATH_CM4 -DPART_LM4F123GH6M -DTARGET_IS_BLIZZARD_RA1 -I"/opt/JAGA/Boards/TM4C123GXL/workspace_GCC_ARM/Template/src/Header" -I"/opt/JAGA/Boards/TM4C123GXL/workspace_GCC_ARM/Template/src/Source" -I"/opt/JAGA/Middleware" -I"/opt/JAGA/HAL/TM4C123GXL" -I"/opt/JAGA/Util" -std=gnu11 -MMD -MP -MF"Util/xprintf/xprintf.d" -MT"Util/xprintf/xprintf.o" -c -o "Util/xprintf/xprintf.o" "/opt/JAGA/Util/xprintf/xprintf.c"
Finished building: /opt/JAGA/Util/xprintf/xprintf.c
 
Building file: /opt/JAGA/Util/crc/crc.c
Invoking: Cross ARM C Compiler
arm-none-eabi-gcc -mcpu=cortex-m4 -mthumb -mfloat-abi=hard -mfpu=fpv4-sp-d16 -O0 -fmessage-length=0 -fsigned-char -ffunction-sections -fdata-sections  -g3 -DARM_MATH_CM4 -DPART_LM4F123GH6M -DTARGET_IS_BLIZZARD_RA1 -I"/opt/JAGA/Boards/TM4C123GXL/workspace_GCC_ARM/Template/src/Header" -I"/opt/JAGA/Boards/TM4C123GXL/workspace_GCC_ARM/Template/src/Source" -I"/opt/JAGA/Middleware" -I"/opt/JAGA/HAL/TM4C123GXL" -I"/opt/JAGA/Util" -std=gnu11 -MMD -MP -MF"Util/crc/crc.d" -MT"Util/crc/crc.o" -c -o "Util/crc/crc.o" "/opt/JAGA/Util/crc/crc.c"
Finished building: /opt/JAGA/Util/crc/crc.c
 
Building file: /opt/JAGA/Util/const/conts.c
Invoking: Cross ARM C Compiler
arm-none-eabi-gcc -mcpu=cortex-m4 -mthumb -mfloat-abi=hard -mfpu=fpv4-sp-d16 -O0 -fmessage-length=0 -fsigned-char -ffunction-sections -fdata-sections  -g3 -DARM_MATH_CM4 -DPART_LM4F123GH6M -DTARGET_IS_BLIZZARD_RA1 -I"/opt/JAGA/Boards/TM4C123GXL/workspace_GCC_ARM/Template/src/Header" -I"/opt/JAGA/Boards/TM4C123GXL/workspace_GCC_ARM/Template/src/Source" -I"/opt/JAGA/Middleware" -I"/opt/JAGA/HAL/TM4C123GXL" -I"/opt/JAGA/Util" -std=gnu11 -MMD -MP -MF"Util/const/conts.d" -MT"Util/const/conts.o" -c -o "Util/const/conts.o" "/opt/JAGA/Util/const/conts.c"
Finished building: /opt/JAGA/Util/const/conts.c
 
Building file: /opt/JAGA/Util/PID/pid.c
Invoking: Cross ARM C Compiler
arm-none-eabi-gcc -mcpu=cortex-m4 -mthumb -mfloat-abi=hard -mfpu=fpv4-sp-d16 -O0 -fmessage-length=0 -fsigned-char -ffunction-sections -fdata-sections  -g3 -DARM_MATH_CM4 -DPART_LM4F123GH6M -DTARGET_IS_BLIZZARD_RA1 -I"/opt/JAGA/Boards/TM4C123GXL/workspace_GCC_ARM/Template/src/Header" -I"/opt/JAGA/Boards/TM4C123GXL/workspace_GCC_ARM/Template/src/Source" -I"/opt/JAGA/Middleware" -I"/opt/JAGA/HAL/TM4C123GXL" -I"/opt/JAGA/Util" -std=gnu11 -MMD -MP -MF"Util/PID/pid.d" -MT"Util/PID/pid.o" -c -o "Util/PID/pid.o" "/opt/JAGA/Util/PID/pid.c"
Finished building: /opt/JAGA/Util/PID/pid.c
 
Building file: /opt/JAGA/HAL/TM4C123GXL/uart/hal_uart.c
Invoking: Cross ARM C Compiler
arm-none-eabi-gcc -mcpu=cortex-m4 -mthumb -mfloat-abi=hard -mfpu=fpv4-sp-d16 -O0 -fmessage-length=0 -fsigned-char -ffunction-sections -fdata-sections  -g3 -DARM_MATH_CM4 -DPART_LM4F123GH6M -DTARGET_IS_BLIZZARD_RA1 -I"/opt/JAGA/Boards/TM4C123GXL/workspace_GCC_ARM/Template/src/Header" -I"/opt/JAGA/Boards/TM4C123GXL/workspace_GCC_ARM/Template/src/Source" -I"/opt/JAGA/Middleware" -I"/opt/JAGA/HAL/TM4C123GXL" -I"/opt/JAGA/Util" -std=gnu11 -MMD -MP -MF"TM4C123GXL/uart/hal_uart.d" -MT"TM4C123GXL/uart/hal_uart.o" -c -o "TM4C123GXL/uart/hal_uart.o" "/opt/JAGA/HAL/TM4C123GXL/uart/hal_uart.c"
Finished building: /opt/JAGA/HAL/TM4C123GXL/uart/hal_uart.c
 
Building file: /opt/JAGA/HAL/TM4C123GXL/systick/hal_systick.c
Invoking: Cross ARM C Compiler
arm-none-eabi-gcc -mcpu=cortex-m4 -mthumb -mfloat-abi=hard -mfpu=fpv4-sp-d16 -O0 -fmessage-length=0 -fsigned-char -ffunction-sections -fdata-sections  -g3 -DARM_MATH_CM4 -DPART_LM4F123GH6M -DTARGET_IS_BLIZZARD_RA1 -I"/opt/JAGA/Boards/TM4C123GXL/workspace_GCC_ARM/Template/src/Header" -I"/opt/JAGA/Boards/TM4C123GXL/workspace_GCC_ARM/Template/src/Source" -I"/opt/JAGA/Middleware" -I"/opt/JAGA/HAL/TM4C123GXL" -I"/opt/JAGA/Util" -std=gnu11 -MMD -MP -MF"TM4C123GXL/systick/hal_systick.d" -MT"TM4C123GXL/systick/hal_systick.o" -c -o "TM4C123GXL/systick/hal_systick.o" "/opt/JAGA/HAL/TM4C123GXL/systick/hal_systick.c"
Finished building: /opt/JAGA/HAL/TM4C123GXL/systick/hal_systick.c
 
Building file: /opt/JAGA/HAL/TM4C123GXL/i2c/hal_i2c.c
Invoking: Cross ARM C Compiler
arm-none-eabi-gcc -mcpu=cortex-m4 -mthumb -mfloat-abi=hard -mfpu=fpv4-sp-d16 -O0 -fmessage-length=0 -fsigned-char -ffunction-sections -fdata-sections  -g3 -DARM_MATH_CM4 -DPART_LM4F123GH6M -DTARGET_IS_BLIZZARD_RA1 -I"/opt/JAGA/Boards/TM4C123GXL/workspace_GCC_ARM/Template/src/Header" -I"/opt/JAGA/Boards/TM4C123GXL/workspace_GCC_ARM/Template/src/Source" -I"/opt/JAGA/Middleware" -I"/opt/JAGA/HAL/TM4C123GXL" -I"/opt/JAGA/Util" -std=gnu11 -MMD -MP -MF"TM4C123GXL/i2c/hal_i2c.d" -MT"TM4C123GXL/i2c/hal_i2c.o" -c -o "TM4C123GXL/i2c/hal_i2c.o" "/opt/JAGA/HAL/TM4C123GXL/i2c/hal_i2c.c"
Finished building: /opt/JAGA/HAL/TM4C123GXL/i2c/hal_i2c.c
 
Building file: /opt/JAGA/HAL/TM4C123GXL/gpio/hal_gpio.c
Invoking: Cross ARM C Compiler
arm-none-eabi-gcc -mcpu=cortex-m4 -mthumb -mfloat-abi=hard -mfpu=fpv4-sp-d16 -O0 -fmessage-length=0 -fsigned-char -ffunction-sections -fdata-sections  -g3 -DARM_MATH_CM4 -DPART_LM4F123GH6M -DTARGET_IS_BLIZZARD_RA1 -I"/opt/JAGA/Boards/TM4C123GXL/workspace_GCC_ARM/Template/src/Header" -I"/opt/JAGA/Boards/TM4C123GXL/workspace_GCC_ARM/Template/src/Source" -I"/opt/JAGA/Middleware" -I"/opt/JAGA/HAL/TM4C123GXL" -I"/opt/JAGA/Util" -std=gnu11 -MMD -MP -MF"TM4C123GXL/gpio/hal_gpio.d" -MT"TM4C123GXL/gpio/hal_gpio.o" -c -o "TM4C123GXL/gpio/hal_gpio.o" "/opt/JAGA/HAL/TM4C123GXL/gpio/hal_gpio.c"
Finished building: /opt/JAGA/HAL/TM4C123GXL/gpio/hal_gpio.c
 
Building file: /opt/JAGA/HAL/TM4C123GXL/delay/hal_delay.c
Invoking: Cross ARM C Compiler
arm-none-eabi-gcc -mcpu=cortex-m4 -mthumb -mfloat-abi=hard -mfpu=fpv4-sp-d16 -O0 -fmessage-length=0 -fsigned-char -ffunction-sections -fdata-sections  -g3 -DARM_MATH_CM4 -DPART_LM4F123GH6M -DTARGET_IS_BLIZZARD_RA1 -I"/opt/JAGA/Boards/TM4C123GXL/workspace_GCC_ARM/Template/src/Header" -I"/opt/JAGA/Boards/TM4C123GXL/workspace_GCC_ARM/Template/src/Source" -I"/opt/JAGA/Middleware" -I"/opt/JAGA/HAL/TM4C123GXL" -I"/opt/JAGA/Util" -std=gnu11 -MMD -MP -MF"TM4C123GXL/delay/hal_delay.d" -MT"TM4C123GXL/delay/hal_delay.o" -c -o "TM4C123GXL/delay/hal_delay.o" "/opt/JAGA/HAL/TM4C123GXL/delay/hal_delay.c"
Finished building: /opt/JAGA/HAL/TM4C123GXL/delay/hal_delay.c
 
Building file: /opt/JAGA/Middleware/leds/leds.c
Invoking: Cross ARM C Compiler
arm-none-eabi-gcc -mcpu=cortex-m4 -mthumb -mfloat-abi=hard -mfpu=fpv4-sp-d16 -O0 -fmessage-length=0 -fsigned-char -ffunction-sections -fdata-sections  -g3 -DARM_MATH_CM4 -DPART_LM4F123GH6M -DTARGET_IS_BLIZZARD_RA1 -I"/opt/JAGA/Boards/TM4C123GXL/workspace_GCC_ARM/Template/src/Header" -I"/opt/JAGA/Boards/TM4C123GXL/workspace_GCC_ARM/Template/src/Source" -I"/opt/JAGA/Middleware" -I"/opt/JAGA/HAL/TM4C123GXL" -I"/opt/JAGA/Util" -std=gnu11 -MMD -MP -MF"Middleware/leds/leds.d" -MT"Middleware/leds/leds.o" -c -o "Middleware/leds/leds.o" "/opt/JAGA/Middleware/leds/leds.c"
Finished building: /opt/JAGA/Middleware/leds/leds.c
 
Building file: /opt/JAGA/Middleware/lcd/lcd.c
Invoking: Cross ARM C Compiler
arm-none-eabi-gcc -mcpu=cortex-m4 -mthumb -mfloat-abi=hard -mfpu=fpv4-sp-d16 -O0 -fmessage-length=0 -fsigned-char -ffunction-sections -fdata-sections  -g3 -DARM_MATH_CM4 -DPART_LM4F123GH6M -DTARGET_IS_BLIZZARD_RA1 -I"/opt/JAGA/Boards/TM4C123GXL/workspace_GCC_ARM/Template/src/Header" -I"/opt/JAGA/Boards/TM4C123GXL/workspace_GCC_ARM/Template/src/Source" -I"/opt/JAGA/Middleware" -I"/opt/JAGA/HAL/TM4C123GXL" -I"/opt/JAGA/Util" -std=gnu11 -MMD -MP -MF"Middleware/lcd/lcd.d" -MT"Middleware/lcd/lcd.o" -c -o "Middleware/lcd/lcd.o" "/opt/JAGA/Middleware/lcd/lcd.c"
Finished building: /opt/JAGA/Middleware/lcd/lcd.c
 
Building file: /opt/JAGA/Middleware/info_hw/info_hw.c
Invoking: Cross ARM C Compiler
arm-none-eabi-gcc -mcpu=cortex-m4 -mthumb -mfloat-abi=hard -mfpu=fpv4-sp-d16 -O0 -fmessage-length=0 -fsigned-char -ffunction-sections -fdata-sections  -g3 -DARM_MATH_CM4 -DPART_LM4F123GH6M -DTARGET_IS_BLIZZARD_RA1 -I"/opt/JAGA/Boards/TM4C123GXL/workspace_GCC_ARM/Template/src/Header" -I"/opt/JAGA/Boards/TM4C123GXL/workspace_GCC_ARM/Template/src/Source" -I"/opt/JAGA/Middleware" -I"/opt/JAGA/HAL/TM4C123GXL" -I"/opt/JAGA/Util" -std=gnu11 -MMD -MP -MF"Middleware/info_hw/info_hw.d" -MT"Middleware/info_hw/info_hw.o" -c -o "Middleware/info_hw/info_hw.o" "/opt/JAGA/Middleware/info_hw/info_hw.c"
Finished building: /opt/JAGA/Middleware/info_hw/info_hw.c
 
Building file: /opt/JAGA/Middleware/buttons/buttons.c
Invoking: Cross ARM C Compiler
arm-none-eabi-gcc -mcpu=cortex-m4 -mthumb -mfloat-abi=hard -mfpu=fpv4-sp-d16 -O0 -fmessage-length=0 -fsigned-char -ffunction-sections -fdata-sections  -g3 -DARM_MATH_CM4 -DPART_LM4F123GH6M -DTARGET_IS_BLIZZARD_RA1 -I"/opt/JAGA/Boards/TM4C123GXL/workspace_GCC_ARM/Template/src/Header" -I"/opt/JAGA/Boards/TM4C123GXL/workspace_GCC_ARM/Template/src/Source" -I"/opt/JAGA/Middleware" -I"/opt/JAGA/HAL/TM4C123GXL" -I"/opt/JAGA/Util" -std=gnu11 -MMD -MP -MF"Middleware/buttons/buttons.d" -MT"Middleware/buttons/buttons.o" -c -o "Middleware/buttons/buttons.o" "/opt/JAGA/Middleware/buttons/buttons.c"
Finished building: /opt/JAGA/Middleware/buttons/buttons.c
 
Building file: /opt/JAGA/Middleware/DS1307/DS1307.c
Invoking: Cross ARM C Compiler
arm-none-eabi-gcc -mcpu=cortex-m4 -mthumb -mfloat-abi=hard -mfpu=fpv4-sp-d16 -O0 -fmessage-length=0 -fsigned-char -ffunction-sections -fdata-sections  -g3 -DARM_MATH_CM4 -DPART_LM4F123GH6M -DTARGET_IS_BLIZZARD_RA1 -I"/opt/JAGA/Boards/TM4C123GXL/workspace_GCC_ARM/Template/src/Header" -I"/opt/JAGA/Boards/TM4C123GXL/workspace_GCC_ARM/Template/src/Source" -I"/opt/JAGA/Middleware" -I"/opt/JAGA/HAL/TM4C123GXL" -I"/opt/JAGA/Util" -std=gnu11 -MMD -MP -MF"Middleware/DS1307/DS1307.d" -MT"Middleware/DS1307/DS1307.o" -c -o "Middleware/DS1307/DS1307.o" "/opt/JAGA/Middleware/DS1307/DS1307.c"
Finished building: /opt/JAGA/Middleware/DS1307/DS1307.c
 
Building file: /opt/JAGA/Middleware/AT24C32/AT24C32.c
Invoking: Cross ARM C Compiler
arm-none-eabi-gcc -mcpu=cortex-m4 -mthumb -mfloat-abi=hard -mfpu=fpv4-sp-d16 -O0 -fmessage-length=0 -fsigned-char -ffunction-sections -fdata-sections  -g3 -DARM_MATH_CM4 -DPART_LM4F123GH6M -DTARGET_IS_BLIZZARD_RA1 -I"/opt/JAGA/Boards/TM4C123GXL/workspace_GCC_ARM/Template/src/Header" -I"/opt/JAGA/Boards/TM4C123GXL/workspace_GCC_ARM/Template/src/Source" -I"/opt/JAGA/Middleware" -I"/opt/JAGA/HAL/TM4C123GXL" -I"/opt/JAGA/Util" -std=gnu11 -MMD -MP -MF"Middleware/AT24C32/AT24C32.d" -MT"Middleware/AT24C32/AT24C32.o" -c -o "Middleware/AT24C32/AT24C32.o" "/opt/JAGA/Middleware/AT24C32/AT24C32.c"
Finished building: /opt/JAGA/Middleware/AT24C32/AT24C32.c
 
Building target: Template.elf
Invoking: Cross ARM C Linker
arm-none-eabi-gcc -mcpu=cortex-m4 -mthumb -mfloat-abi=hard -mfpu=fpv4-sp-d16 -O0 -fmessage-length=0 -fsigned-char -ffunction-sections -fdata-sections  -g3 -T "/opt/JAGA/Boards/TM4C123GXL/workspace_GCC_ARM/Template/src/Source/main.ld" -nostartfiles -Xlinker --gc-sections -Wl,-Map,"Template.map" -o "Template.elf"  ./src/Source/app_control.o ./src/Source/app_him.o ./src/Source/app_info.o ./src/Source/main.o ./src/Source/startup_gcc.o ./src/Source/sys_ad.o ./src/Source/sys_gpio.o ./src/Source/sys_hw.o ./src/Source/sys_i2c.o ./src/Source/sys_mcu.o ./src/Source/sys_pwm.o ./src/Source/sys_spi.o ./src/Source/sys_timer.o ./src/Source/sys_uart.o  ./Util/xtime/xtime.o  ./Util/xprintf/xprintf.o  ./Util/crc/crc.o  ./Util/const/conts.o  ./Util/PID/pid.o  ./TM4C123GXL/uart/hal_uart.o  ./TM4C123GXL/systick/hal_systick.o  ./TM4C123GXL/i2c/hal_i2c.o  ./TM4C123GXL/gpio/hal_gpio.o  ./TM4C123GXL/delay/hal_delay.o  ./Middleware/leds/leds.o  ./Middleware/lcd/lcd.o  ./Middleware/info_hw/info_hw.o  ./Middleware/buttons/buttons.o  ./Middleware/DS1307/DS1307.o  ./Middleware/AT24C32/AT24C32.o   
Finished building target: Template.elf
 
Invoking: Cross ARM GNU Create Flash Image
arm-none-eabi-objcopy -O ihex "Template.elf"  "Template.hex"
Finished building: Template.hex
 
Invoking: Cross ARM GNU Print Size
arm-none-eabi-size --format=berkeley "Template.elf"
   text	   data	    bss	    dec	    hex	filename
   7636	      8	    596	   8240	   2030	Template.elf
Finished building: Template.siz
 
