21:23:32 **** Build of configuration Debug for project Template ****
make all 
Building file: ../src/Source/app_control.c
Invoking: Cross ARM C Compiler
arm-none-eabi-gcc -mcpu=cortex-m4 -mthumb -mfloat-abi=hard -mfpu=fpv4-sp-d16 -O0 -fmessage-length=0 -fsigned-char -ffunction-sections -fdata-sections  -g3 -DARM_MATH_CM4 -DPART_LM4F123GH6M -DTARGET_IS_BLIZZARD_RA1 -I"/opt/JAGA/Boards/TM4C123GXL/workspace_GCC_ARM/Template/src/Header" -I"/opt/JAGA/Boards/TM4C123GXL/workspace_GCC_ARM/Template/src/Source" -I"/opt/JAGA/Middleware" -I"/opt/JAGA/HAL/TM4C123GXL" -I"/opt/JAGA/Util" -std=gnu11 -MMD -MP -MF"src/Source/app_control.d" -MT"src/Source/app_control.o" -c -o "src/Source/app_control.o" "../src/Source/app_control.c"
Finished building: ../src/Source/app_control.c
 
Building file: ../src/Source/app_him.c
Invoking: Cross ARM C Compiler
arm-none-eabi-gcc -mcpu=cortex-m4 -mthumb -mfloat-abi=hard -mfpu=fpv4-sp-d16 -O0 -fmessage-length=0 -fsigned-char -ffunction-sections -fdata-sections  -g3 -DARM_MATH_CM4 -DPART_LM4F123GH6M -DTARGET_IS_BLIZZARD_RA1 -I"/opt/JAGA/Boards/TM4C123GXL/workspace_GCC_ARM/Template/src/Header" -I"/opt/JAGA/Boards/TM4C123GXL/workspace_GCC_ARM/Template/src/Source" -I"/opt/JAGA/Middleware" -I"/opt/JAGA/HAL/TM4C123GXL" -I"/opt/JAGA/Util" -std=gnu11 -MMD -MP -MF"src/Source/app_him.d" -MT"src/Source/app_him.o" -c -o "src/Source/app_him.o" "../src/Source/app_him.c"
Finished building: ../src/Source/app_him.c
 
Building file: ../src/Source/app_info.c
Invoking: Cross ARM C Compiler
arm-none-eabi-gcc -mcpu=cortex-m4 -mthumb -mfloat-abi=hard -mfpu=fpv4-sp-d16 -O0 -fmessage-length=0 -fsigned-char -ffunction-sections -fdata-sections  -g3 -DARM_MATH_CM4 -DPART_LM4F123GH6M -DTARGET_IS_BLIZZARD_RA1 -I"/opt/JAGA/Boards/TM4C123GXL/workspace_GCC_ARM/Template/src/Header" -I"/opt/JAGA/Boards/TM4C123GXL/workspace_GCC_ARM/Template/src/Source" -I"/opt/JAGA/Middleware" -I"/opt/JAGA/HAL/TM4C123GXL" -I"/opt/JAGA/Util" -std=gnu11 -MMD -MP -MF"src/Source/app_info.d" -MT"src/Source/app_info.o" -c -o "src/Source/app_info.o" "../src/Source/app_info.c"
Finished building: ../src/Source/app_info.c
 
Building file: ../src/Source/main.c
Invoking: Cross ARM C Compiler
arm-none-eabi-gcc -mcpu=cortex-m4 -mthumb -mfloat-abi=hard -mfpu=fpv4-sp-d16 -O0 -fmessage-length=0 -fsigned-char -ffunction-sections -fdata-sections  -g3 -DARM_MATH_CM4 -DPART_LM4F123GH6M -DTARGET_IS_BLIZZARD_RA1 -I"/opt/JAGA/Boards/TM4C123GXL/workspace_GCC_ARM/Template/src/Header" -I"/opt/JAGA/Boards/TM4C123GXL/workspace_GCC_ARM/Template/src/Source" -I"/opt/JAGA/Middleware" -I"/opt/JAGA/HAL/TM4C123GXL" -I"/opt/JAGA/Util" -std=gnu11 -MMD -MP -MF"src/Source/main.d" -MT"src/Source/main.o" -c -o "src/Source/main.o" "../src/Source/main.c"
Finished building: ../src/Source/main.c
 
Building file: ../src/Source/startup_gcc.c
Invoking: Cross ARM C Compiler
arm-none-eabi-gcc -mcpu=cortex-m4 -mthumb -mfloat-abi=hard -mfpu=fpv4-sp-d16 -O0 -fmessage-length=0 -fsigned-char -ffunction-sections -fdata-sections  -g3 -DARM_MATH_CM4 -DPART_LM4F123GH6M -DTARGET_IS_BLIZZARD_RA1 -I"/opt/JAGA/Boards/TM4C123GXL/workspace_GCC_ARM/Template/src/Header" -I"/opt/JAGA/Boards/TM4C123GXL/workspace_GCC_ARM/Template/src/Source" -I"/opt/JAGA/Middleware" -I"/opt/JAGA/HAL/TM4C123GXL" -I"/opt/JAGA/Util" -std=gnu11 -MMD -MP -MF"src/Source/startup_gcc.d" -MT"src/Source/startup_gcc.o" -c -o "src/Source/startup_gcc.o" "../src/Source/startup_gcc.c"
Finished building: ../src/Source/startup_gcc.c
 
Building file: ../src/Source/sys_ad.c
Invoking: Cross ARM C Compiler
arm-none-eabi-gcc -mcpu=cortex-m4 -mthumb -mfloat-abi=hard -mfpu=fpv4-sp-d16 -O0 -fmessage-length=0 -fsigned-char -ffunction-sections -fdata-sections  -g3 -DARM_MATH_CM4 -DPART_LM4F123GH6M -DTARGET_IS_BLIZZARD_RA1 -I"/opt/JAGA/Boards/TM4C123GXL/workspace_GCC_ARM/Template/src/Header" -I"/opt/JAGA/Boards/TM4C123GXL/workspace_GCC_ARM/Template/src/Source" -I"/opt/JAGA/Middleware" -I"/opt/JAGA/HAL/TM4C123GXL" -I"/opt/JAGA/Util" -std=gnu11 -MMD -MP -MF"src/Source/sys_ad.d" -MT"src/Source/sys_ad.o" -c -o "src/Source/sys_ad.o" "../src/Source/sys_ad.c"
Finished building: ../src/Source/sys_ad.c
 
Building file: ../src/Source/sys_gpio.c
Invoking: Cross ARM C Compiler
arm-none-eabi-gcc -mcpu=cortex-m4 -mthumb -mfloat-abi=hard -mfpu=fpv4-sp-d16 -O0 -fmessage-length=0 -fsigned-char -ffunction-sections -fdata-sections  -g3 -DARM_MATH_CM4 -DPART_LM4F123GH6M -DTARGET_IS_BLIZZARD_RA1 -I"/opt/JAGA/Boards/TM4C123GXL/workspace_GCC_ARM/Template/src/Header" -I"/opt/JAGA/Boards/TM4C123GXL/workspace_GCC_ARM/Template/src/Source" -I"/opt/JAGA/Middleware" -I"/opt/JAGA/HAL/TM4C123GXL" -I"/opt/JAGA/Util" -std=gnu11 -MMD -MP -MF"src/Source/sys_gpio.d" -MT"src/Source/sys_gpio.o" -c -o "src/Source/sys_gpio.o" "../src/Source/sys_gpio.c"
Finished building: ../src/Source/sys_gpio.c
 
Building file: ../src/Source/sys_hw.c
Invoking: Cross ARM C Compiler
arm-none-eabi-gcc -mcpu=cortex-m4 -mthumb -mfloat-abi=hard -mfpu=fpv4-sp-d16 -O0 -fmessage-length=0 -fsigned-char -ffunction-sections -fdata-sections  -g3 -DARM_MATH_CM4 -DPART_LM4F123GH6M -DTARGET_IS_BLIZZARD_RA1 -I"/opt/JAGA/Boards/TM4C123GXL/workspace_GCC_ARM/Template/src/Header" -I"/opt/JAGA/Boards/TM4C123GXL/workspace_GCC_ARM/Template/src/Source" -I"/opt/JAGA/Middleware" -I"/opt/JAGA/HAL/TM4C123GXL" -I"/opt/JAGA/Util" -std=gnu11 -MMD -MP -MF"src/Source/sys_hw.d" -MT"src/Source/sys_hw.o" -c -o "src/Source/sys_hw.o" "../src/Source/sys_hw.c"
Finished building: ../src/Source/sys_hw.c
 
Building file: ../src/Source/sys_i2c.c
Invoking: Cross ARM C Compiler
arm-none-eabi-gcc -mcpu=cortex-m4 -mthumb -mfloat-abi=hard -mfpu=fpv4-sp-d16 -O0 -fmessage-length=0 -fsigned-char -ffunction-sections -fdata-sections  -g3 -DARM_MATH_CM4 -DPART_LM4F123GH6M -DTARGET_IS_BLIZZARD_RA1 -I"/opt/JAGA/Boards/TM4C123GXL/workspace_GCC_ARM/Template/src/Header" -I"/opt/JAGA/Boards/TM4C123GXL/workspace_GCC_ARM/Template/src/Source" -I"/opt/JAGA/Middleware" -I"/opt/JAGA/HAL/TM4C123GXL" -I"/opt/JAGA/Util" -std=gnu11 -MMD -MP -MF"src/Source/sys_i2c.d" -MT"src/Source/sys_i2c.o" -c -o "src/Source/sys_i2c.o" "../src/Source/sys_i2c.c"
Finished building: ../src/Source/sys_i2c.c
 
Building file: ../src/Source/sys_mcu.c
Invoking: Cross ARM C Compiler
arm-none-eabi-gcc -mcpu=cortex-m4 -mthumb -mfloat-abi=hard -mfpu=fpv4-sp-d16 -O0 -fmessage-length=0 -fsigned-char -ffunction-sections -fdata-sections  -g3 -DARM_MATH_CM4 -DPART_LM4F123GH6M -DTARGET_IS_BLIZZARD_RA1 -I"/opt/JAGA/Boards/TM4C123GXL/workspace_GCC_ARM/Template/src/Header" -I"/opt/JAGA/Boards/TM4C123GXL/workspace_GCC_ARM/Template/src/Source" -I"/opt/JAGA/Middleware" -I"/opt/JAGA/HAL/TM4C123GXL" -I"/opt/JAGA/Util" -std=gnu11 -MMD -MP -MF"src/Source/sys_mcu.d" -MT"src/Source/sys_mcu.o" -c -o "src/Source/sys_mcu.o" "../src/Source/sys_mcu.c"
Finished building: ../src/Source/sys_mcu.c
 
Building file: ../src/Source/sys_pwm.c
Invoking: Cross ARM C Compiler
arm-none-eabi-gcc -mcpu=cortex-m4 -mthumb -mfloat-abi=hard -mfpu=fpv4-sp-d16 -O0 -fmessage-length=0 -fsigned-char -ffunction-sections -fdata-sections  -g3 -DARM_MATH_CM4 -DPART_LM4F123GH6M -DTARGET_IS_BLIZZARD_RA1 -I"/opt/JAGA/Boards/TM4C123GXL/workspace_GCC_ARM/Template/src/Header" -I"/opt/JAGA/Boards/TM4C123GXL/workspace_GCC_ARM/Template/src/Source" -I"/opt/JAGA/Middleware" -I"/opt/JAGA/HAL/TM4C123GXL" -I"/opt/JAGA/Util" -std=gnu11 -MMD -MP -MF"src/Source/sys_pwm.d" -MT"src/Source/sys_pwm.o" -c -o "src/Source/sys_pwm.o" "../src/Source/sys_pwm.c"
Finished building: ../src/Source/sys_pwm.c
 
Building file: ../src/Source/sys_spi.c
Invoking: Cross ARM C Compiler
arm-none-eabi-gcc -mcpu=cortex-m4 -mthumb -mfloat-abi=hard -mfpu=fpv4-sp-d16 -O0 -fmessage-length=0 -fsigned-char -ffunction-sections -fdata-sections  -g3 -DARM_MATH_CM4 -DPART_LM4F123GH6M -DTARGET_IS_BLIZZARD_RA1 -I"/opt/JAGA/Boards/TM4C123GXL/workspace_GCC_ARM/Template/src/Header" -I"/opt/JAGA/Boards/TM4C123GXL/workspace_GCC_ARM/Template/src/Source" -I"/opt/JAGA/Middleware" -I"/opt/JAGA/HAL/TM4C123GXL" -I"/opt/JAGA/Util" -std=gnu11 -MMD -MP -MF"src/Source/sys_spi.d" -MT"src/Source/sys_spi.o" -c -o "src/Source/sys_spi.o" "../src/Source/sys_spi.c"
Finished building: ../src/Source/sys_spi.c
 
Building file: ../src/Source/sys_timer.c
Invoking: Cross ARM C Compiler
arm-none-eabi-gcc -mcpu=cortex-m4 -mthumb -mfloat-abi=hard -mfpu=fpv4-sp-d16 -O0 -fmessage-length=0 -fsigned-char -ffunction-sections -fdata-sections  -g3 -DARM_MATH_CM4 -DPART_LM4F123GH6M -DTARGET_IS_BLIZZARD_RA1 -I"/opt/JAGA/Boards/TM4C123GXL/workspace_GCC_ARM/Template/src/Header" -I"/opt/JAGA/Boards/TM4C123GXL/workspace_GCC_ARM/Template/src/Source" -I"/opt/JAGA/Middleware" -I"/opt/JAGA/HAL/TM4C123GXL" -I"/opt/JAGA/Util" -std=gnu11 -MMD -MP -MF"src/Source/sys_timer.d" -MT"src/Source/sys_timer.o" -c -o "src/Source/sys_timer.o" "../src/Source/sys_timer.c"
Finished building: ../src/Source/sys_timer.c
 
Building file: ../src/Source/sys_uart.c
Invoking: Cross ARM C Compiler
arm-none-eabi-gcc -mcpu=cortex-m4 -mthumb -mfloat-abi=hard -mfpu=fpv4-sp-d16 -O0 -fmessage-length=0 -fsigned-char -ffunction-sections -fdata-sections  -g3 -DARM_MATH_CM4 -DPART_LM4F123GH6M -DTARGET_IS_BLIZZARD_RA1 -I"/opt/JAGA/Boards/TM4C123GXL/workspace_GCC_ARM/Template/src/Header" -I"/opt/JAGA/Boards/TM4C123GXL/workspace_GCC_ARM/Template/src/Source" -I"/opt/JAGA/Middleware" -I"/opt/JAGA/HAL/TM4C123GXL" -I"/opt/JAGA/Util" -std=gnu11 -MMD -MP -MF"src/Source/sys_uart.d" -MT"src/Source/sys_uart.o" -c -o "src/Source/sys_uart.o" "../src/Source/sys_uart.c"
Finished building: ../src/Source/sys_uart.c
 
Building file: /opt/JAGA/Util/xtime/xtime.c
Invoking: Cross ARM C Compiler
arm-none-eabi-gcc -mcpu=cortex-m4 -mthumb -mfloat-abi=hard -mfpu=fpv4-sp-d16 -O0 -fmessage-length=0 -fsigned-char -ffunction-sections -fdata-sections  -g3 -DARM_MATH_CM4 -DPART_LM4F123GH6M -DTARGET_IS_BLIZZARD_RA1 -I"/opt/JAGA/Boards/TM4C123GXL/workspace_GCC_ARM/Template/src/Header" -I"/opt/JAGA/Boards/TM4C123GXL/workspace_GCC_ARM/Template/src/Source" -I"/opt/JAGA/Middleware" -I"/opt/JAGA/HAL/TM4C123GXL" -I"/opt/JAGA/Util" -std=gnu11 -MMD -MP -MF"Util/xtime/xtime.d" -MT"Util/xtime/xtime.o" -c -o "Util/xtime/xtime.o" "/opt/JAGA/Util/xtime/xtime.c"
Finished building: /opt/JAGA/Util/xtime/xtime.c
 
Building file: /opt/JAGA/Util/xprintf/xprintf.c
Invoking: Cross ARM C Compiler
arm-none-eabi-gcc -mcpu=cortex-m4 -mthumb -mfloat-abi=hard -mfpu=fpv4-sp-d16 -O0 -fmessage-length=0 -fsigned-char -ffunction-sections -fdata-sections  -g3 -DARM_MATH_CM4 -DPART_LM4F123GH6M -DTARGET_IS_BLIZZARD_RA1 -I"/opt/JAGA/Boards/TM4C123GXL/workspace_GCC_ARM/Template/src/Header" -I"/opt/JAGA/Boards/TM4C123GXL/workspace_GCC_ARM/Template/src/Source" -I"/opt/JAGA/Middleware" -I"/opt/JAGA/HAL/TM4C123GXL" -I"/opt/JAGA/Util" -std=gnu11 -MMD -MP -MF"Util/xprintf/xprintf.d" -MT"Util/xprintf/xprintf.o" -c -o "Util/xprintf/xprintf.o" "/opt/JAGA/Util/xprintf/xprintf.c"
Finished building: /opt/JAGA/Util/xprintf/xprintf.c
 
Building file: /opt/JAGA/Util/crc/crc.c
Invoking: Cross ARM C Compiler
arm-none-eabi-gcc -mcpu=cortex-m4 -mthumb -mfloat-abi=hard -mfpu=fpv4-sp-d16 -O0 -fmessage-length=0 -fsigned-char -ffunction-sections -fdata-sections  -g3 -DARM_MATH_CM4 -DPART_LM4F123GH6M -DTARGET_IS_BLIZZARD_RA1 -I"/opt/JAGA/Boards/TM4C123GXL/workspace_GCC_ARM/Template/src/Header" -I"/opt/JAGA/Boards/TM4C123GXL/workspace_GCC_ARM/Template/src/Source" -I"/opt/JAGA/Middleware" -I"/opt/JAGA/HAL/TM4C123GXL" -I"/opt/JAGA/Util" -std=gnu11 -MMD -MP -MF"Util/crc/crc.d" -MT"Util/crc/crc.o" -c -o "Util/crc/crc.o" "/opt/JAGA/Util/crc/crc.c"
Finished building: /opt/JAGA/Util/crc/crc.c
 
Building file: /opt/JAGA/Util/const/conts.c
Invoking: Cross ARM C Compiler
arm-none-eabi-gcc -mcpu=cortex-m4 -mthumb -mfloat-abi=hard -mfpu=fpv4-sp-d16 -O0 -fmessage-length=0 -fsigned-char -ffunction-sections -fdata-sections  -g3 -DARM_MATH_CM4 -DPART_LM4F123GH6M -DTARGET_IS_BLIZZARD_RA1 -I"/opt/JAGA/Boards/TM4C123GXL/workspace_GCC_ARM/Template/src/Header" -I"/opt/JAGA/Boards/TM4C123GXL/workspace_GCC_ARM/Template/src/Source" -I"/opt/JAGA/Middleware" -I"/opt/JAGA/HAL/TM4C123GXL" -I"/opt/JAGA/Util" -std=gnu11 -MMD -MP -MF"Util/const/conts.d" -MT"Util/const/conts.o" -c -o "Util/const/conts.o" "/opt/JAGA/Util/const/conts.c"
Finished building: /opt/JAGA/Util/const/conts.c
 
Building file: /opt/JAGA/Util/PID/pid.c
Invoking: Cross ARM C Compiler
arm-none-eabi-gcc -mcpu=cortex-m4 -mthumb -mfloat-abi=hard -mfpu=fpv4-sp-d16 -O0 -fmessage-length=0 -fsigned-char -ffunction-sections -fdata-sections  -g3 -DARM_MATH_CM4 -DPART_LM4F123GH6M -DTARGET_IS_BLIZZARD_RA1 -I"/opt/JAGA/Boards/TM4C123GXL/workspace_GCC_ARM/Template/src/Header" -I"/opt/JAGA/Boards/TM4C123GXL/workspace_GCC_ARM/Template/src/Source" -I"/opt/JAGA/Middleware" -I"/opt/JAGA/HAL/TM4C123GXL" -I"/opt/JAGA/Util" -std=gnu11 -MMD -MP -MF"Util/PID/pid.d" -MT"Util/PID/pid.o" -c -o "Util/PID/pid.o" "/opt/JAGA/Util/PID/pid.c"
Finished building: /opt/JAGA/Util/PID/pid.c
 
Building file: /opt/JAGA/HAL/TM4C123GXL/uart/hal_uart.c
Invoking: Cross ARM C Compiler
arm-none-eabi-gcc -mcpu=cortex-m4 -mthumb -mfloat-abi=hard -mfpu=fpv4-sp-d16 -O0 -fmessage-length=0 -fsigned-char -ffunction-sections -fdata-sections  -g3 -DARM_MATH_CM4 -DPART_LM4F123GH6M -DTARGET_IS_BLIZZARD_RA1 -I"/opt/JAGA/Boards/TM4C123GXL/workspace_GCC_ARM/Template/src/Header" -I"/opt/JAGA/Boards/TM4C123GXL/workspace_GCC_ARM/Template/src/Source" -I"/opt/JAGA/Middleware" -I"/opt/JAGA/HAL/TM4C123GXL" -I"/opt/JAGA/Util" -std=gnu11 -MMD -MP -MF"TM4C123GXL/uart/hal_uart.d" -MT"TM4C123GXL/uart/hal_uart.o" -c -o "TM4C123GXL/uart/hal_uart.o" "/opt/JAGA/HAL/TM4C123GXL/uart/hal_uart.c"
Finished building: /opt/JAGA/HAL/TM4C123GXL/uart/hal_uart.c
 
Building file: /opt/JAGA/HAL/TM4C123GXL/systick/hal_systick.c
Invoking: Cross ARM C Compiler
arm-none-eabi-gcc -mcpu=cortex-m4 -mthumb -mfloat-abi=hard -mfpu=fpv4-sp-d16 -O0 -fmessage-length=0 -fsigned-char -ffunction-sections -fdata-sections  -g3 -DARM_MATH_CM4 -DPART_LM4F123GH6M -DTARGET_IS_BLIZZARD_RA1 -I"/opt/JAGA/Boards/TM4C123GXL/workspace_GCC_ARM/Template/src/Header" -I"/opt/JAGA/Boards/TM4C123GXL/workspace_GCC_ARM/Template/src/Source" -I"/opt/JAGA/Middleware" -I"/opt/JAGA/HAL/TM4C123GXL" -I"/opt/JAGA/Util" -std=gnu11 -MMD -MP -MF"TM4C123GXL/systick/hal_systick.d" -MT"TM4C123GXL/systick/hal_systick.o" -c -o "TM4C123GXL/systick/hal_systick.o" "/opt/JAGA/HAL/TM4C123GXL/systick/hal_systick.c"
Finished building: /opt/JAGA/HAL/TM4C123GXL/systick/hal_systick.c
 
Building file: /opt/JAGA/HAL/TM4C123GXL/i2c/hal_i2c.c
Invoking: Cross ARM C Compiler
arm-none-eabi-gcc -mcpu=cortex-m4 -mthumb -mfloat-abi=hard -mfpu=fpv4-sp-d16 -O0 -fmessage-length=0 -fsigned-char -ffunction-sections -fdata-sections  -g3 -DARM_MATH_CM4 -DPART_LM4F123GH6M -DTARGET_IS_BLIZZARD_RA1 -I"/opt/JAGA/Boards/TM4C123GXL/workspace_GCC_ARM/Template/src/Header" -I"/opt/JAGA/Boards/TM4C123GXL/workspace_GCC_ARM/Template/src/Source" -I"/opt/JAGA/Middleware" -I"/opt/JAGA/HAL/TM4C123GXL" -I"/opt/JAGA/Util" -std=gnu11 -MMD -MP -MF"TM4C123GXL/i2c/hal_i2c.d" -MT"TM4C123GXL/i2c/hal_i2c.o" -c -o "TM4C123GXL/i2c/hal_i2c.o" "/opt/JAGA/HAL/TM4C123GXL/i2c/hal_i2c.c"
Finished building: /opt/JAGA/HAL/TM4C123GXL/i2c/hal_i2c.c
 
Building file: /opt/JAGA/HAL/TM4C123GXL/gpio/hal_gpio.c
Invoking: Cross ARM C Compiler
arm-none-eabi-gcc -mcpu=cortex-m4 -mthumb -mfloat-abi=hard -mfpu=fpv4-sp-d16 -O0 -fmessage-length=0 -fsigned-char -ffunction-sections -fdata-sections  -g3 -DARM_MATH_CM4 -DPART_LM4F123GH6M -DTARGET_IS_BLIZZARD_RA1 -I"/opt/JAGA/Boards/TM4C123GXL/workspace_GCC_ARM/Template/src/Header" -I"/opt/JAGA/Boards/TM4C123GXL/workspace_GCC_ARM/Template/src/Source" -I"/opt/JAGA/Middleware" -I"/opt/JAGA/HAL/TM4C123GXL" -I"/opt/JAGA/Util" -std=gnu11 -MMD -MP -MF"TM4C123GXL/gpio/hal_gpio.d" -MT"TM4C123GXL/gpio/hal_gpio.o" -c -o "TM4C123GXL/gpio/hal_gpio.o" "/opt/JAGA/HAL/TM4C123GXL/gpio/hal_gpio.c"
Finished building: /opt/JAGA/HAL/TM4C123GXL/gpio/hal_gpio.c
 
Building file: /opt/JAGA/HAL/TM4C123GXL/delay/hal_delay.c
Invoking: Cross ARM C Compiler
arm-none-eabi-gcc -mcpu=cortex-m4 -mthumb -mfloat-abi=hard -mfpu=fpv4-sp-d16 -O0 -fmessage-length=0 -fsigned-char -ffunction-sections -fdata-sections  -g3 -DARM_MATH_CM4 -DPART_LM4F123GH6M -DTARGET_IS_BLIZZARD_RA1 -I"/opt/JAGA/Boards/TM4C123GXL/workspace_GCC_ARM/Template/src/Header" -I"/opt/JAGA/Boards/TM4C123GXL/workspace_GCC_ARM/Template/src/Source" -I"/opt/JAGA/Middleware" -I"/opt/JAGA/HAL/TM4C123GXL" -I"/opt/JAGA/Util" -std=gnu11 -MMD -MP -MF"TM4C123GXL/delay/hal_delay.d" -MT"TM4C123GXL/delay/hal_delay.o" -c -o "TM4C123GXL/delay/hal_delay.o" "/opt/JAGA/HAL/TM4C123GXL/delay/hal_delay.c"
Finished building: /opt/JAGA/HAL/TM4C123GXL/delay/hal_delay.c
 
Building file: /opt/JAGA/Middleware/nokia_glcd/nokia_glcd.c
Invoking: Cross ARM C Compiler
arm-none-eabi-gcc -mcpu=cortex-m4 -mthumb -mfloat-abi=hard -mfpu=fpv4-sp-d16 -O0 -fmessage-length=0 -fsigned-char -ffunction-sections -fdata-sections  -g3 -DARM_MATH_CM4 -DPART_LM4F123GH6M -DTARGET_IS_BLIZZARD_RA1 -I"/opt/JAGA/Boards/TM4C123GXL/workspace_GCC_ARM/Template/src/Header" -I"/opt/JAGA/Boards/TM4C123GXL/workspace_GCC_ARM/Template/src/Source" -I"/opt/JAGA/Middleware" -I"/opt/JAGA/HAL/TM4C123GXL" -I"/opt/JAGA/Util" -std=gnu11 -MMD -MP -MF"Middleware/nokia_glcd/nokia_glcd.d" -MT"Middleware/nokia_glcd/nokia_glcd.o" -c -o "Middleware/nokia_glcd/nokia_glcd.o" "/opt/JAGA/Middleware/nokia_glcd/nokia_glcd.c"
/opt/JAGA/Middleware/nokia_glcd/nokia_glcd.c:225:5: warning: braces around scalar initializer
     { 0x00 },
     ^
/opt/JAGA/Middleware/nokia_glcd/nokia_glcd.c:225:5: warning: (near initialization for 'nokia.clk')
/opt/JAGA/Middleware/nokia_glcd/nokia_glcd.c:226:2: warning: braces around scalar initializer
  { 0x00 },
  ^
/opt/JAGA/Middleware/nokia_glcd/nokia_glcd.c:226:2: warning: (near initialization for 'nokia.data')
/opt/JAGA/Middleware/nokia_glcd/nokia_glcd.c:227:2: warning: braces around scalar initializer
  { 0x00 },
  ^
/opt/JAGA/Middleware/nokia_glcd/nokia_glcd.c:227:2: warning: (near initialization for 'nokia.dc')
/opt/JAGA/Middleware/nokia_glcd/nokia_glcd.c:228:2: warning: braces around scalar initializer
  { 0x00 },
  ^
/opt/JAGA/Middleware/nokia_glcd/nokia_glcd.c:228:2: warning: (near initialization for 'nokia.rst')
/opt/JAGA/Middleware/nokia_glcd/nokia_glcd.c:229:2: warning: braces around scalar initializer
  { 0x00 }
  ^
/opt/JAGA/Middleware/nokia_glcd/nokia_glcd.c:229:2: warning: (near initialization for 'nokia.sce')
Finished building: /opt/JAGA/Middleware/nokia_glcd/nokia_glcd.c
 
Building file: /opt/JAGA/Middleware/log/log.c
Invoking: Cross ARM C Compiler
arm-none-eabi-gcc -mcpu=cortex-m4 -mthumb -mfloat-abi=hard -mfpu=fpv4-sp-d16 -O0 -fmessage-length=0 -fsigned-char -ffunction-sections -fdata-sections  -g3 -DARM_MATH_CM4 -DPART_LM4F123GH6M -DTARGET_IS_BLIZZARD_RA1 -I"/opt/JAGA/Boards/TM4C123GXL/workspace_GCC_ARM/Template/src/Header" -I"/opt/JAGA/Boards/TM4C123GXL/workspace_GCC_ARM/Template/src/Source" -I"/opt/JAGA/Middleware" -I"/opt/JAGA/HAL/TM4C123GXL" -I"/opt/JAGA/Util" -std=gnu11 -MMD -MP -MF"Middleware/log/log.d" -MT"Middleware/log/log.o" -c -o "Middleware/log/log.o" "/opt/JAGA/Middleware/log/log.c"
/opt/JAGA/Middleware/log/log.c: In function 'wr_ext_e2p':
/opt/JAGA/Middleware/log/log.c:204:25: warning: passing argument 3 of 'AT24C32_write' makes pointer from integer without a cast
  AT24C32_write(addr, 1, data);
                         ^
In file included from /opt/JAGA/Middleware/log/log.c:28:0:
/opt/JAGA/Middleware/AT24C32/AT24C32.h:62:13: note: expected 'uint8_t *' but argument is of type 'uint16_t'
 PUBLIC void AT24C32_write(uint16_t address, uint16_t count, uint8_t *data);
             ^
/opt/JAGA/Middleware/log/log.c: In function 'rd_ext_e2p':
/opt/JAGA/Middleware/log/log.c:211:24: warning: passing argument 3 of 'AT24C32_read' from incompatible pointer type
  AT24C32_read(addr, 1, &data);
                        ^
In file included from /opt/JAGA/Middleware/log/log.c:28:0:
/opt/JAGA/Middleware/AT24C32/AT24C32.h:71:13: note: expected 'uint8_t *' but argument is of type 'uint16_t *'
 PUBLIC void AT24C32_read(uint16_t address, uint16_t count, uint8_t* data);
             ^
Finished building: /opt/JAGA/Middleware/log/log.c
 
Building file: /opt/JAGA/Middleware/leds/leds.c
Invoking: Cross ARM C Compiler
arm-none-eabi-gcc -mcpu=cortex-m4 -mthumb -mfloat-abi=hard -mfpu=fpv4-sp-d16 -O0 -fmessage-length=0 -fsigned-char -ffunction-sections -fdata-sections  -g3 -DARM_MATH_CM4 -DPART_LM4F123GH6M -DTARGET_IS_BLIZZARD_RA1 -I"/opt/JAGA/Boards/TM4C123GXL/workspace_GCC_ARM/Template/src/Header" -I"/opt/JAGA/Boards/TM4C123GXL/workspace_GCC_ARM/Template/src/Source" -I"/opt/JAGA/Middleware" -I"/opt/JAGA/HAL/TM4C123GXL" -I"/opt/JAGA/Util" -std=gnu11 -MMD -MP -MF"Middleware/leds/leds.d" -MT"Middleware/leds/leds.o" -c -o "Middleware/leds/leds.o" "/opt/JAGA/Middleware/leds/leds.c"
Finished building: /opt/JAGA/Middleware/leds/leds.c
 
Building file: /opt/JAGA/Middleware/lcd/lcd.c
Invoking: Cross ARM C Compiler
arm-none-eabi-gcc -mcpu=cortex-m4 -mthumb -mfloat-abi=hard -mfpu=fpv4-sp-d16 -O0 -fmessage-length=0 -fsigned-char -ffunction-sections -fdata-sections  -g3 -DARM_MATH_CM4 -DPART_LM4F123GH6M -DTARGET_IS_BLIZZARD_RA1 -I"/opt/JAGA/Boards/TM4C123GXL/workspace_GCC_ARM/Template/src/Header" -I"/opt/JAGA/Boards/TM4C123GXL/workspace_GCC_ARM/Template/src/Source" -I"/opt/JAGA/Middleware" -I"/opt/JAGA/HAL/TM4C123GXL" -I"/opt/JAGA/Util" -std=gnu11 -MMD -MP -MF"Middleware/lcd/lcd.d" -MT"Middleware/lcd/lcd.o" -c -o "Middleware/lcd/lcd.o" "/opt/JAGA/Middleware/lcd/lcd.c"
Finished building: /opt/JAGA/Middleware/lcd/lcd.c
 
Building file: /opt/JAGA/Middleware/info_hw/info_hw.c
Invoking: Cross ARM C Compiler
arm-none-eabi-gcc -mcpu=cortex-m4 -mthumb -mfloat-abi=hard -mfpu=fpv4-sp-d16 -O0 -fmessage-length=0 -fsigned-char -ffunction-sections -fdata-sections  -g3 -DARM_MATH_CM4 -DPART_LM4F123GH6M -DTARGET_IS_BLIZZARD_RA1 -I"/opt/JAGA/Boards/TM4C123GXL/workspace_GCC_ARM/Template/src/Header" -I"/opt/JAGA/Boards/TM4C123GXL/workspace_GCC_ARM/Template/src/Source" -I"/opt/JAGA/Middleware" -I"/opt/JAGA/HAL/TM4C123GXL" -I"/opt/JAGA/Util" -std=gnu11 -MMD -MP -MF"Middleware/info_hw/info_hw.d" -MT"Middleware/info_hw/info_hw.o" -c -o "Middleware/info_hw/info_hw.o" "/opt/JAGA/Middleware/info_hw/info_hw.c"
Finished building: /opt/JAGA/Middleware/info_hw/info_hw.c
 
Building file: /opt/JAGA/Middleware/buttons/buttons.c
Invoking: Cross ARM C Compiler
arm-none-eabi-gcc -mcpu=cortex-m4 -mthumb -mfloat-abi=hard -mfpu=fpv4-sp-d16 -O0 -fmessage-length=0 -fsigned-char -ffunction-sections -fdata-sections  -g3 -DARM_MATH_CM4 -DPART_LM4F123GH6M -DTARGET_IS_BLIZZARD_RA1 -I"/opt/JAGA/Boards/TM4C123GXL/workspace_GCC_ARM/Template/src/Header" -I"/opt/JAGA/Boards/TM4C123GXL/workspace_GCC_ARM/Template/src/Source" -I"/opt/JAGA/Middleware" -I"/opt/JAGA/HAL/TM4C123GXL" -I"/opt/JAGA/Util" -std=gnu11 -MMD -MP -MF"Middleware/buttons/buttons.d" -MT"Middleware/buttons/buttons.o" -c -o "Middleware/buttons/buttons.o" "/opt/JAGA/Middleware/buttons/buttons.c"
Finished building: /opt/JAGA/Middleware/buttons/buttons.c
 
Building file: /opt/JAGA/Middleware/DS1307/DS1307.c
Invoking: Cross ARM C Compiler
arm-none-eabi-gcc -mcpu=cortex-m4 -mthumb -mfloat-abi=hard -mfpu=fpv4-sp-d16 -O0 -fmessage-length=0 -fsigned-char -ffunction-sections -fdata-sections  -g3 -DARM_MATH_CM4 -DPART_LM4F123GH6M -DTARGET_IS_BLIZZARD_RA1 -I"/opt/JAGA/Boards/TM4C123GXL/workspace_GCC_ARM/Template/src/Header" -I"/opt/JAGA/Boards/TM4C123GXL/workspace_GCC_ARM/Template/src/Source" -I"/opt/JAGA/Middleware" -I"/opt/JAGA/HAL/TM4C123GXL" -I"/opt/JAGA/Util" -std=gnu11 -MMD -MP -MF"Middleware/DS1307/DS1307.d" -MT"Middleware/DS1307/DS1307.o" -c -o "Middleware/DS1307/DS1307.o" "/opt/JAGA/Middleware/DS1307/DS1307.c"
Finished building: /opt/JAGA/Middleware/DS1307/DS1307.c
 
Building file: /opt/JAGA/Middleware/AT24C32/AT24C32.c
Invoking: Cross ARM C Compiler
arm-none-eabi-gcc -mcpu=cortex-m4 -mthumb -mfloat-abi=hard -mfpu=fpv4-sp-d16 -O0 -fmessage-length=0 -fsigned-char -ffunction-sections -fdata-sections  -g3 -DARM_MATH_CM4 -DPART_LM4F123GH6M -DTARGET_IS_BLIZZARD_RA1 -I"/opt/JAGA/Boards/TM4C123GXL/workspace_GCC_ARM/Template/src/Header" -I"/opt/JAGA/Boards/TM4C123GXL/workspace_GCC_ARM/Template/src/Source" -I"/opt/JAGA/Middleware" -I"/opt/JAGA/HAL/TM4C123GXL" -I"/opt/JAGA/Util" -std=gnu11 -MMD -MP -MF"Middleware/AT24C32/AT24C32.d" -MT"Middleware/AT24C32/AT24C32.o" -c -o "Middleware/AT24C32/AT24C32.o" "/opt/JAGA/Middleware/AT24C32/AT24C32.c"
Finished building: /opt/JAGA/Middleware/AT24C32/AT24C32.c
 
Building target: Template.elf
Invoking: Cross ARM C Linker
arm-none-eabi-gcc -mcpu=cortex-m4 -mthumb -mfloat-abi=hard -mfpu=fpv4-sp-d16 -O0 -fmessage-length=0 -fsigned-char -ffunction-sections -fdata-sections  -g3 -T "/opt/JAGA/Boards/TM4C123GXL/workspace_GCC_ARM/Template/src/Source/main.ld" -nostartfiles -Xlinker --gc-sections -Wl,-Map,"Template.map" -o "Template.elf"  ./src/Source/app_control.o ./src/Source/app_him.o ./src/Source/app_info.o ./src/Source/main.o ./src/Source/startup_gcc.o ./src/Source/sys_ad.o ./src/Source/sys_gpio.o ./src/Source/sys_hw.o ./src/Source/sys_i2c.o ./src/Source/sys_mcu.o ./src/Source/sys_pwm.o ./src/Source/sys_spi.o ./src/Source/sys_timer.o ./src/Source/sys_uart.o  ./Util/xtime/xtime.o  ./Util/xprintf/xprintf.o  ./Util/crc/crc.o  ./Util/const/conts.o  ./Util/PID/pid.o  ./TM4C123GXL/uart/hal_uart.o  ./TM4C123GXL/systick/hal_systick.o  ./TM4C123GXL/i2c/hal_i2c.o  ./TM4C123GXL/gpio/hal_gpio.o  ./TM4C123GXL/delay/hal_delay.o  ./Middleware/nokia_glcd/nokia_glcd.o  ./Middleware/log/log.o  ./Middleware/leds/leds.o  ./Middleware/lcd/lcd.o  ./Middleware/info_hw/info_hw.o  ./Middleware/buttons/buttons.o  ./Middleware/DS1307/DS1307.o  ./Middleware/AT24C32/AT24C32.o   
Finished building target: Template.elf
 
Invoking: Cross ARM GNU Create Flash Image
arm-none-eabi-objcopy -O ihex "Template.elf"  "Template.hex"
Finished building: Template.hex
 
Invoking: Cross ARM GNU Print Size
arm-none-eabi-size --format=berkeley "Template.elf"
   text	   data	    bss	    dec	    hex	filename
   7636	      8	    596	   8240	   2030	Template.elf
Finished building: Template.siz
 
